Archive member included to satisfy reference by file (symbol)

/usr/lib/gcc/arm-none-eabi/13.2.1/../../../arm-none-eabi/lib/thumb/v8-m.main+fp/softfp/libm.a(libm_a-wf_sqrt.o)
                              CMakeFiles/rp2350_app.dir/home/pkcubed/pico-sdk/src/rp2_common/pico_float/float_math.c.o (sqrtf)
/usr/lib/gcc/arm-none-eabi/13.2.1/../../../arm-none-eabi/lib/thumb/v8-m.main+fp/softfp/libm.a(libm_a-ef_sqrt.o)
                              /usr/lib/gcc/arm-none-eabi/13.2.1/../../../arm-none-eabi/lib/thumb/v8-m.main+fp/softfp/libm.a(libm_a-wf_sqrt.o) (__ieee754_sqrtf)
/usr/lib/gcc/arm-none-eabi/13.2.1/thumb/v8-m.main+fp/softfp/libgcc.a(_arm_addsubdf3.o)
                              CMakeFiles/rp2350_app.dir/home/pkcubed/pico-sdk/src/rp2_common/pico_float/float_math.c.o (__aeabi_f2d)
/usr/lib/gcc/arm-none-eabi/13.2.1/thumb/v8-m.main+fp/softfp/libgcc.a(_aeabi_ldivmod.o)
                              CMakeFiles/rp2350_app.dir/src/si5351.c.o (__aeabi_ldivmod)
/usr/lib/gcc/arm-none-eabi/13.2.1/thumb/v8-m.main+fp/softfp/libgcc.a(_aeabi_uldivmod.o)
                              CMakeFiles/rp2350_app.dir/src/si5351.c.o (__aeabi_uldivmod)
/usr/lib/gcc/arm-none-eabi/13.2.1/thumb/v8-m.main+fp/softfp/libgcc.a(_udivmoddi4.o)
                              /usr/lib/gcc/arm-none-eabi/13.2.1/thumb/v8-m.main+fp/softfp/libgcc.a(_aeabi_ldivmod.o) (__udivmoddi4)
/usr/lib/gcc/arm-none-eabi/13.2.1/thumb/v8-m.main+fp/softfp/libgcc.a(_dvmd_tls.o)
                              /usr/lib/gcc/arm-none-eabi/13.2.1/thumb/v8-m.main+fp/softfp/libgcc.a(_aeabi_ldivmod.o) (__aeabi_ldiv0)
/usr/lib/gcc/arm-none-eabi/13.2.1/../../../arm-none-eabi/lib/thumb/v8-m.main+fp/softfp/libg.a(libc_a-memset.o)
                              /usr/lib/gcc/arm-none-eabi/13.2.1/../../../arm-none-eabi/lib/thumb/v8-m.main+fp/softfp/crt0.o (memset)
/usr/lib/gcc/arm-none-eabi/13.2.1/../../../arm-none-eabi/lib/thumb/v8-m.main+fp/softfp/libg.a(libc_a-calloc.o)
                              CMakeFiles/rp2350_app.dir/home/pkcubed/pico-sdk/src/rp2_common/pico_malloc/malloc.c.o (calloc)
/usr/lib/gcc/arm-none-eabi/13.2.1/../../../arm-none-eabi/lib/thumb/v8-m.main+fp/softfp/libg.a(libc_a-errno.o)
                              /usr/lib/gcc/arm-none-eabi/13.2.1/../../../arm-none-eabi/lib/thumb/v8-m.main+fp/softfp/libm.a(libm_a-wf_sqrt.o) (__errno)
/usr/lib/gcc/arm-none-eabi/13.2.1/../../../arm-none-eabi/lib/thumb/v8-m.main+fp/softfp/libg.a(libc_a-impure.o)
                              /usr/lib/gcc/arm-none-eabi/13.2.1/../../../arm-none-eabi/lib/thumb/v8-m.main+fp/softfp/libg.a(libc_a-calloc.o) (_impure_ptr)
/usr/lib/gcc/arm-none-eabi/13.2.1/../../../arm-none-eabi/lib/thumb/v8-m.main+fp/softfp/libg.a(libc_a-callocr.o)
                              /usr/lib/gcc/arm-none-eabi/13.2.1/../../../arm-none-eabi/lib/thumb/v8-m.main+fp/softfp/libg.a(libc_a-calloc.o) (_calloc_r)
/usr/lib/gcc/arm-none-eabi/13.2.1/../../../arm-none-eabi/lib/thumb/v8-m.main+fp/softfp/libg.a(libc_a-realloc.o)
                              CMakeFiles/rp2350_app.dir/home/pkcubed/pico-sdk/src/rp2_common/pico_malloc/malloc.c.o (realloc)
/usr/lib/gcc/arm-none-eabi/13.2.1/../../../arm-none-eabi/lib/thumb/v8-m.main+fp/softfp/libg.a(libc_a-mallocr.o)
                              /usr/lib/gcc/arm-none-eabi/13.2.1/../../../arm-none-eabi/lib/thumb/v8-m.main+fp/softfp/libg.a(libc_a-callocr.o) (_malloc_r)
/usr/lib/gcc/arm-none-eabi/13.2.1/../../../arm-none-eabi/lib/thumb/v8-m.main+fp/softfp/libg.a(libc_a-freer.o)
                              /usr/lib/gcc/arm-none-eabi/13.2.1/../../../arm-none-eabi/lib/thumb/v8-m.main+fp/softfp/libg.a(libc_a-mallocr.o) (_free_r)
/usr/lib/gcc/arm-none-eabi/13.2.1/../../../arm-none-eabi/lib/thumb/v8-m.main+fp/softfp/libg.a(libc_a-memcmp.o)
                              CMakeFiles/rp2350_app.dir/home/pkcubed/pico-sdk/src/rp2_common/pico_atomic/atomic.c.o (memcmp)
/usr/lib/gcc/arm-none-eabi/13.2.1/../../../arm-none-eabi/lib/thumb/v8-m.main+fp/softfp/libg.a(libc_a-malloc.o)
                              CMakeFiles/rp2350_app.dir/home/pkcubed/pico-sdk/src/rp2_common/pico_malloc/malloc.c.o (malloc)
/usr/lib/gcc/arm-none-eabi/13.2.1/../../../arm-none-eabi/lib/thumb/v8-m.main+fp/softfp/libg.a(libc_a-memcpy.o)
                              CMakeFiles/rp2350_app.dir/home/pkcubed/pico-sdk/src/common/pico_util/queue.c.o (memcpy)
/usr/lib/gcc/arm-none-eabi/13.2.1/../../../arm-none-eabi/lib/thumb/v8-m.main+fp/softfp/libg.a(libc_a-sysconf.o)
                              /usr/lib/gcc/arm-none-eabi/13.2.1/../../../arm-none-eabi/lib/thumb/v8-m.main+fp/softfp/libg.a(libc_a-mallocr.o) (sysconf)
/usr/lib/gcc/arm-none-eabi/13.2.1/../../../arm-none-eabi/lib/thumb/v8-m.main+fp/softfp/libg.a(libc_a-init.o)
                              /usr/lib/gcc/arm-none-eabi/13.2.1/../../../arm-none-eabi/lib/thumb/v8-m.main+fp/softfp/crt0.o (__libc_init_array)
/usr/lib/gcc/arm-none-eabi/13.2.1/../../../arm-none-eabi/lib/thumb/v8-m.main+fp/softfp/libg.a(libc_a-reallocr.o)
[...]
Memory Configuration

Name             Origin             Length             Attributes
FLASH            0x10000000         0x00400000         xr
RAM              0x20000000         0x00080000         xrw
SCRATCH_X        0x20080000         0x00001000         xrw
SCRATCH_Y        0x20081000         0x00001000         xrw
*default*        0x00000000         0xffffffff

Linker script and memory map

LOAD /usr/lib/gcc/arm-none-eabi/13.2.1/thumb/v8-m.main+fp/softfp/crti.o
LOAD /usr/lib/gcc/arm-none-eabi/13.2.1/thumb/v8-m.main+fp/softfp/crtbegin.o
LOAD /usr/lib/gcc/arm-none-eabi/13.2.1/../../../arm-none-eabi/lib/thumb/v8-m.main+fp/softfp/crt0.o

.flash_begin    0x10000000        0x0
                0x10000000                        __flash_binary_start = .

.text           0x10000000     0x6664
                0x10000000                        __logical_binary_start = .
 *(.vectors)
 .vectors       0x10000000      0x124 CMakeFiles/rp2350_app.dir/home/pkcubed/pico-sdk/src/rp2_common/pico_crt0/crt0.S.o
                0x10000000                __vectors
                0x10000000                __VECTOR_TABLE
                0x10000110                isr_securefault
                0x10000110                isr_irq30
                0x10000110                __unhandled_user_irq
                0x10000110                isr_irq49
                0x10000110                isr_irq13
                0x10000110                isr_irq43
                0x10000110                isr_irq45
                0x10000110                isr_irq27
                0x10000110                isr_irq32
                0x10000110                isr_irq31
                0x10000110                isr_irq5
                0x10000110                isr_irq11
                0x10000110                isr_irq23
                0x10000110                isr_usagefault
                0x10000110                isr_irq48
                0x10000110                isr_irq35
                0x10000110                isr_irq18
                0x10000110                isr_irq50
                0x10000110                isr_irq40
                0x10000110                isr_irq28
                0x10000110                isr_irq19
                0x10000110                isr_irq36
                0x10000110                isr_irq41
                0x10000110                isr_irq0
                0x10000110                isr_irq6
                0x10000110                isr_memmanage
                0x10000110                isr_irq37
                0x10000110                isr_irq42
                0x10000110                isr_irq22
                0x10000110                isr_irq17
                0x10000110                isr_irq38
                0x10000110                isr_irq14
                0x10000110                __vectors_end
                0x10000110                __default_isrs_start
                0x10000110                isr_irq2
                0x10000110                isr_irq10
                0x10000110                isr_irq8
                0x10000110                isr_debugmonitor
                0x10000110                isr_irq24
                0x10000110                isr_irq46
                0x10000110                isr_irq1
                0x10000110                isr_irq47
                0x10000110                isr_irq51
                0x10000110                isr_irq7
                0x10000110                isr_irq21
                0x10000110                isr_irq39
                0x10000110                isr_irq20
                0x10000110                isr_irq15
                0x10000110                isr_irq25
                0x10000110                isr_irq34
                0x10000110                isr_irq4
                0x10000110                isr_busfault
                0x10000110                isr_irq16
                0x10000110                isr_irq44
                0x10000110                isr_irq29
                0x10000110                isr_irq26
                0x10000110                isr_irq33
                0x10000110                isr_irq3
                0x10000110                isr_irq12
                0x10000110                isr_irq9
                0x10000116                unhandled_user_irq_num_in_r0
                0x10000118                isr_invalid
                0x1000011a                isr_nmi
                0x1000011c                isr_hardfault
                0x1000011e                isr_svcall
                0x10000120                isr_pendsv
                0x10000122                isr_systick
                0x10000124                __default_isrs_end
 *(.binary_info_header)
 .binary_info_header
                0x10000124       0x14 CMakeFiles/rp2350_app.dir/home/pkcubed/pico-sdk/src/rp2_common/pico_crt0/crt0.S.o
                0x10000138                        __binary_info_header_end = .
 *(.embedded_block)
 .embedded_block
                0x10000138       0x14 CMakeFiles/rp2350_app.dir/home/pkcubed/pico-sdk/src/rp2_common/pico_crt0/crt0.S.o
                0x1000014c                        __embedded_block_end = .
 *(.reset)
 .reset         0x1000014c       0x98 CMakeFiles/rp2350_app.dir/home/pkcubed/pico-sdk/src/rp2_common/pico_crt0/crt0.S.o
                0x1000014c                _entry_point
 *(.init)
 .init          0x100001e4        0x4 /usr/lib/gcc/arm-none-eabi/13.2.1/thumb/v8-m.main+fp/softfp/crti.o
                0x100001e4                _init
 *libgcc.a:cmse_nonsecure_call.o()
 *(EXCLUDE_FILE(*libm.a: *libc.a:*lib_a-mem*.o *libgcc.a:) .text*)
 .text          0x100001e8       0x8c /usr/lib/gcc/arm-none-eabi/13.2.1/thumb/v8-m.main+fp/softfp/crtbegin.o
 .text.startup.main
                0x10000274      0x404 CMakeFiles/rp2350_app.dir/src/main.c.o
                0x10000274                main
 .text.si5351_configure_quadrature
                0x10000678      0x300 CMakeFiles/rp2350_app.dir/src/si5351.c.o
                0x10000678                si5351_configure_quadrature
 .text.si5351_enable_all_outputs
                0x10000978       0x30 CMakeFiles/rp2350_app.dir/src/si5351.c.o
                0x10000978                si5351_enable_all_outputs
 .text.gpio_set_function
                0x100009a8       0x3c CMakeFiles/rp2350_app.dir/home/pkcubed/pico-sdk/src/rp2_common/hardware_gpio/gpio.c.o
                0x100009a8                gpio_set_function
 .text.gpio_set_pulls
                0x100009e4       0x28 CMakeFiles/rp2350_app.dir/home/pkcubed/pico-sdk/src/rp2_common/hardware_gpio/gpio.c.o
                0x100009e4                gpio_set_pulls
 .text.gpio_init
                0x10000a0c       0x48 CMakeFiles/rp2350_app.dir/home/pkcubed/pico-sdk/src/rp2_common/hardware_gpio/gpio.c.o
                0x10000a0c                gpio_init
 .text.panic    0x10000a54       0x30 CMakeFiles/rp2350_app.dir/home/pkcubed/pico-sdk/src/rp2_common/pico_platform_panic/panic.c.o
                0x10000a54                panic
 .text.hw_claim_or_assert
                0x10000a84       0x58 CMakeFiles/rp2350_app.dir/home/pkcubed/pico-sdk/src/common/hardware_claim/claim.c.o
                0x10000a84                hw_claim_or_assert
 .text.hw_claim_unused_from_range
                0x10000adc       0x9c CMakeFiles/rp2350_app.dir/home/pkcubed/pico-sdk/src/common/hardware_claim/claim.c.o
                0x10000adc                hw_claim_unused_from_range
 .text.next_striped_spin_lock_num
                0x10000b78       0x18 CMakeFiles/rp2350_app.dir/home/pkcubed/pico-sdk/src/rp2_common/hardware_sync/sync.c.o
                0x10000b78                next_striped_spin_lock_num
 .text.spin_lock_claim_unused
                0x10000b90       0x20 CMakeFiles/rp2350_app.dir/home/pkcubed/pico-sdk/src/rp2_common/hardware_sync/sync.c.o
                0x10000b90                spin_lock_claim_unused
 .text.spinlock_set_extexclall
                0x10000bb0       0x10 CMakeFiles/rp2350_app.dir/home/pkcubed/pico-sdk/src/rp2_common/hardware_sync_spin_lock/sync_spin_lock.c.o
 .text.spin_locks_reset
                0x10000bc0       0x18 CMakeFiles/rp2350_app.dir/home/pkcubed/pico-sdk/src/rp2_common/hardware_sync_spin_lock/sync_spin_lock.c.o
                0x10000bc0                spin_locks_reset
 .text.runtime_init_per_core_irq_priorities
                0x10000bd8       0x40 CMakeFiles/rp2350_app.dir/home/pkcubed/pico-sdk/src/rp2_common/hardware_irq/irq.c.o
                0x10000bd8                runtime_init_per_core_irq_priorities
 .text.irq_set_enabled
                0x10000c18       0x2c CMakeFiles/rp2350_app.dir/home/pkcubed/pico-sdk/src/rp2_common/hardware_irq/irq.c.o
                0x10000c18                irq_set_enabled
 .text.irq_is_enabled
                0x10000c44       0x20 CMakeFiles/rp2350_app.dir/home/pkcubed/pico-sdk/src/rp2_common/hardware_irq/irq.c.o
                0x10000c44                irq_is_enabled
 .text.irq_set_pending
                0x10000c64       0x18 CMakeFiles/rp2350_app.dir/home/pkcubed/pico-sdk/src/rp2_common/hardware_irq/irq.c.o
                0x10000c64                irq_set_pending
 .text.irq_has_shared_handler
                0x10000c7c       0x20 CMakeFiles/rp2350_app.dir/home/pkcubed/pico-sdk/src/rp2_common/hardware_irq/irq.c.o
                0x10000c7c                irq_has_shared_handler
 .text.irq_set_exclusive_handler
                0x10000c9c       0x60 CMakeFiles/rp2350_app.dir/home/pkcubed/pico-sdk/src/rp2_common/hardware_irq/irq.c.o
                0x10000c9c                irq_set_exclusive_handler
 .text.irq_add_shared_handler
                0x10000cfc      0x1e8 CMakeFiles/rp2350_app.dir/home/pkcubed/pico-sdk/src/rp2_common/hardware_irq/irq.c.o
                0x10000cfc                irq_add_shared_handler
 .text.irq_add_tail_to_free_list
                0x10000ee4       0xbc CMakeFiles/rp2350_app.dir/home/pkcubed/pico-sdk/src/rp2_common/hardware_irq/irq.c.o
                0x10000ee4                irq_add_tail_to_free_list
 .text.user_irq_claim_unused
                0x10000fa0       0x28 CMakeFiles/rp2350_app.dir/home/pkcubed/pico-sdk/src/rp2_common/hardware_irq/irq.c.o
                0x10000fa0                user_irq_claim_unused
 .text.lock_init
                0x10000fc8        0xc CMakeFiles/rp2350_app.dir/home/pkcubed/pico-sdk/src/common/pico_sync/lock_core.c.o
                0x10000fc8                lock_init
 .text.runtime_init_mutex
                0x10000fd4       0x4c CMakeFiles/rp2350_app.dir/home/pkcubed/pico-sdk/src/common/pico_sync/mutex.c.o
                0x10000fd4                runtime_init_mutex
 .text.mutex_init
                0x10001020       0x1c CMakeFiles/rp2350_app.dir/home/pkcubed/pico-sdk/src/common/pico_sync/mutex.c.o
                0x10001020                mutex_init
 .text.critical_section_init
                0x1000103c       0x1c CMakeFiles/rp2350_app.dir/home/pkcubed/pico-sdk/src/common/pico_sync/critical_section.c.o
                0x1000103c                critical_section_init
 .text.critical_section_init_with_lock_num
                0x10001058       0x10 CMakeFiles/rp2350_app.dir/home/pkcubed/pico-sdk/src/common/pico_sync/critical_section.c.o
                0x10001058                critical_section_init_with_lock_num
 .text.sleep_until_callback
                0x10001068       0x3c CMakeFiles/rp2350_app.dir/home/pkcubed/pico-sdk/src/common/pico_time/time.c.o
 *fill*         0x100010a4        0x4 
 .text.alarm_pool_irq_handler
                0x100010a8      0x2f0 CMakeFiles/rp2350_app.dir/home/pkcubed/pico-sdk/src/common/pico_time/time.c.o
 .text.runtime_init_default_alarm_pool
                0x10001398      0x100 CMakeFiles/rp2350_app.dir/home/pkcubed/pico-sdk/src/common/pico_time/time.c.o
                0x10001398                runtime_init_default_alarm_pool
 .text.alarm_pool_get_default
                0x10001498        0x8 CMakeFiles/rp2350_app.dir/home/pkcubed/pico-sdk/src/common/pico_time/time.c.o
                0x10001498                alarm_pool_get_default
 .text.alarm_pool_add_alarm_at
                0x100014a0       0xdc CMakeFiles/rp2350_app.dir/home/pkcubed/pico-sdk/src/common/pico_time/time.c.o
                0x100014a0                alarm_pool_add_alarm_at
 .text.alarm_pool_add_alarm_at_force_in_context
                0x1000157c       0xc8 CMakeFiles/rp2350_app.dir/home/pkcubed/pico-sdk/src/common/pico_time/time.c.o
                0x1000157c                alarm_pool_add_alarm_at_force_in_context
 .text.alarm_pool_cancel_alarm
                0x10001644       0x80 CMakeFiles/rp2350_app.dir/home/pkcubed/pico-sdk/src/common/pico_time/time.c.o
                0x10001644                alarm_pool_cancel_alarm
 .text.alarm_pool_core_num
                0x100016c4        0x4 CMakeFiles/rp2350_app.dir/home/pkcubed/pico-sdk/src/common/pico_time/time.c.o
                0x100016c4                alarm_pool_core_num
 .text.sleep_until
                0x100016c8       0xbc CMakeFiles/rp2350_app.dir/home/pkcubed/pico-sdk/src/common/pico_time/time.c.o
                0x100016c8                sleep_until
 .text.sleep_ms
                0x10001784       0x2c CMakeFiles/rp2350_app.dir/home/pkcubed/pico-sdk/src/common/pico_time/time.c.o
                0x10001784                sleep_ms
 .text.best_effort_wfe_or_timeout
                0x100017b0       0xbc CMakeFiles/rp2350_app.dir/home/pkcubed/pico-sdk/src/common/pico_time/time.c.o
                0x100017b0                best_effort_wfe_or_timeout
 .text.timer_hardware_alarm_claim
                0x1000186c       0x24 CMakeFiles/rp2350_app.dir/home/pkcubed/pico-sdk/src/rp2_common/hardware_timer/timer.c.o
                0x1000186c                timer_hardware_alarm_claim
 .text.timer_time_us_64
                0x10001890       0x10 CMakeFiles/rp2350_app.dir/home/pkcubed/pico-sdk/src/rp2_common/hardware_timer/timer.c.o
                0x10001890                timer_time_us_64
 .text.time_us_64
                0x100018a0       0x14 CMakeFiles/rp2350_app.dir/home/pkcubed/pico-sdk/src/rp2_common/hardware_timer/timer.c.o
                0x100018a0                time_us_64
 .text.busy_wait_until
                0x100018b4       0x24 CMakeFiles/rp2350_app.dir/home/pkcubed/pico-sdk/src/rp2_common/hardware_timer/timer.c.o
                0x100018b4                busy_wait_until
 .text.clock_configure_undivided
                0x100018d8       0xd0 CMakeFiles/rp2350_app.dir/home/pkcubed/pico-sdk/src/rp2_common/hardware_clocks/clocks.c.o
                0x100018d8                clock_configure_undivided
 .text.clock_get_hz
                0x100019a8        0xc CMakeFiles/rp2350_app.dir/home/pkcubed/pico-sdk/src/rp2_common/hardware_clocks/clocks.c.o
                0x100019a8                clock_get_hz
 .text.pll_init
                0x100019b4       0x8c CMakeFiles/rp2350_app.dir/home/pkcubed/pico-sdk/src/rp2_common/hardware_pll/pll.c.o
                0x100019b4                pll_init
 .text.watchdog_reboot
                0x10001a40       0x98 CMakeFiles/rp2350_app.dir/home/pkcubed/pico-sdk/src/rp2_common/hardware_watchdog/watchdog.c.o
                0x10001a40                watchdog_reboot
 .text.tick_start
                0x10001ad8       0x18 CMakeFiles/rp2350_app.dir/home/pkcubed/pico-sdk/src/rp2_common/hardware_ticks/ticks.c.o
                0x10001ad8                tick_start
 .text.rom_reboot.constprop.0.isra.0
                0x10001af0       0x34 CMakeFiles/rp2350_app.dir/home/pkcubed/pico-sdk/src/rp2_common/pico_bootrom/bootrom.c.o
 .text.rom_func_lookup
                0x10001b24       0x18 CMakeFiles/rp2350_app.dir/home/pkcubed/pico-sdk/src/rp2_common/pico_bootrom/bootrom.c.o
                0x10001b24                rom_func_lookup
 .text.rom_reset_usb_boot_extra
                0x10001b3c       0x1c CMakeFiles/rp2350_app.dir/home/pkcubed/pico-sdk/src/rp2_common/pico_bootrom/bootrom.c.o
                0x10001b3c                rom_reset_usb_boot_extra
 .text.runtime_init_bootrom_locking_enable
                0x10001b58       0x14 CMakeFiles/rp2350_app.dir/home/pkcubed/pico-sdk/src/rp2_common/pico_bootrom/bootrom_lock.c.o
                0x10001b58                runtime_init_bootrom_locking_enable
 .text.runtime_init_boot_locks_reset
                0x10001b6c       0x1c CMakeFiles/rp2350_app.dir/home/pkcubed/pico-sdk/src/rp2_common/hardware_boot_lock/boot_lock.c.o
                0x10001b6c                runtime_init_boot_locks_reset
 .text.xosc_init
                0x10001b88       0x30 CMakeFiles/rp2350_app.dir/home/pkcubed/pico-sdk/src/rp2_common/hardware_xosc/xosc.c.o
                0x10001b88                xosc_init
 .text.first_per_core_initializer
                0x10001bb8        0x4 CMakeFiles/rp2350_app.dir/home/pkcubed/pico-sdk/src/rp2_common/pico_runtime/runtime.c.o
 .text.hard_assertion_failure
                0x10001bbc        0xc CMakeFiles/rp2350_app.dir/home/pkcubed/pico-sdk/src/rp2_common/pico_runtime/runtime.c.o
                0x10001bbc                hard_assertion_failure
 .text.runtime_run_initializers
                0x10001bc8       0x20 CMakeFiles/rp2350_app.dir/home/pkcubed/pico-sdk/src/rp2_common/pico_runtime/runtime.c.o
                0x10001bc8                runtime_run_initializers
 .text.runtime_init_early_resets
                0x10001be8       0x34 CMakeFiles/rp2350_app.dir/home/pkcubed/pico-sdk/src/rp2_common/pico_runtime_init/runtime_init.c.o
                0x10001be8                runtime_init_early_resets
 .text.runtime_init_usb_power_down
                0x10001c1c       0x1c CMakeFiles/rp2350_app.dir/home/pkcubed/pico-sdk/src/rp2_common/pico_runtime_init/runtime_init.c.o
                0x10001c1c                runtime_init_usb_power_down
 .text.runtime_init_per_core_enable_coprocessors
                0x10001c38       0x1c CMakeFiles/rp2350_app.dir/home/pkcubed/pico-sdk/src/rp2_common/pico_runtime_init/runtime_init.c.o
                0x10001c38                runtime_init_per_core_enable_coprocessors
 .text.runtime_init_post_clock_resets
                0x10001c54       0x20 CMakeFiles/rp2350_app.dir/home/pkcubed/pico-sdk/src/rp2_common/pico_runtime_init/runtime_init.c.o
                0x10001c54                runtime_init_post_clock_resets
 .text.runtime_init_bootrom_reset
                0x10001c74       0x14 CMakeFiles/rp2350_app.dir/home/pkcubed/pico-sdk/src/rp2_common/pico_runtime_init/runtime_init.c.o
                0x10001c74                runtime_init_bootrom_reset
 .text.runtime_init_per_core_bootrom_reset
                0x10001c88       0x14 CMakeFiles/rp2350_app.dir/home/pkcubed/pico-sdk/src/rp2_common/pico_runtime_init/runtime_init.c.o
                0x10001c88                runtime_init_per_core_bootrom_reset
 .text.runtime_init_spin_locks_reset
                0x10001c9c        0x4 CMakeFiles/rp2350_app.dir/home/pkcubed/pico-sdk/src/rp2_common/pico_runtime_init/runtime_init.c.o
                0x10001c9c                runtime_init_spin_locks_reset
 .text.runtime_init_install_ram_vector_table
                0x10001ca0       0x68 CMakeFiles/rp2350_app.dir/home/pkcubed/pico-sdk/src/rp2_common/pico_runtime_init/runtime_init.c.o
                0x10001ca0                runtime_init_install_ram_vector_table
 .text.runtime_init_clocks
                0x10001d08       0xdc CMakeFiles/rp2350_app.dir/home/pkcubed/pico-sdk/src/rp2_common/pico_runtime_init/runtime_init_clocks.c.o
                0x10001d08                runtime_init_clocks
 .text.__rp2350_dcp_engaged_state_save_restore
                0x10001de4       0x3a CMakeFiles/rp2350_app.dir/home/pkcubed/pico-sdk/src/rp2_common/pico_double/double_aeabi_dcp.S.o
 *fill*         0x10001e1e        0x2 
 .text.__wrap___aeabi_dadd
                0x10001e20       0x28 CMakeFiles/rp2350_app.dir/home/pkcubed/pico-sdk/src/rp2_common/pico_double/double_aeabi_dcp.S.o
                0x10001e28                __wrap___aeabi_dadd
 .text.__wrap___aeabi_dsub
                0x10001e48       0x28 CMakeFiles/rp2350_app.dir/home/pkcubed/pico-sdk/src/rp2_common/pico_double/double_aeabi_dcp.S.o
                0x10001e50                __wrap___aeabi_dsub
 .text.__wrap___aeabi_dmul
                0x10001e70       0x4c CMakeFiles/rp2350_app.dir/home/pkcubed/pico-sdk/src/rp2_common/pico_double/double_aeabi_dcp.S.o
                0x10001e78                __wrap___aeabi_dmul
 .text.__wrap___aeabi_ddiv
                0x10001ebc       0x9c CMakeFiles/rp2350_app.dir/home/pkcubed/pico-sdk/src/rp2_common/pico_double/double_aeabi_dcp.S.o
                0x10001ec4                __wrap___aeabi_ddiv
 .text.__wrap___aeabi_i2d
                0x10001f58       0x24 CMakeFiles/rp2350_app.dir/home/pkcubed/pico-sdk/src/rp2_common/pico_double/double_aeabi_dcp.S.o
                0x10001f60                __wrap___aeabi_i2d
                0x10001f60                int2double
 .text.__wrap___aeabi_ui2d
                0x10001f7c       0x24 CMakeFiles/rp2350_app.dir/home/pkcubed/pico-sdk/src/rp2_common/pico_double/double_aeabi_dcp.S.o
                0x10001f84                __wrap___aeabi_ui2d
                0x10001f84                uint2double
 .text.__wrap___aeabi_d2iz
                0x10001fa0       0x24 CMakeFiles/rp2350_app.dir/home/pkcubed/pico-sdk/src/rp2_common/pico_double/double_aeabi_dcp.S.o
                0x10001fa8                __wrap___aeabi_d2iz
                0x10001fa8                double2int_z
 .text.__wrap___aeabi_d2uiz
                0x10001fc4       0x24 CMakeFiles/rp2350_app.dir/home/pkcubed/pico-sdk/src/rp2_common/pico_double/double_aeabi_dcp.S.o
                0x10001fcc                double2uint_z
                0x10001fcc                double2uint
                0x10001fcc                __wrap___aeabi_d2uiz
 .text.__wrap___aeabi_dcmpun
                0x10001fe8       0x24 CMakeFiles/rp2350_app.dir/home/pkcubed/pico-sdk/src/rp2_common/pico_double/double_aeabi_dcp.S.o
                0x10001ff0                __wrap___aeabi_dcmpun
 .text.__wrap___aeabi_dcmplt
                0x1000200c       0x28 CMakeFiles/rp2350_app.dir/home/pkcubed/pico-sdk/src/rp2_common/pico_double/double_aeabi_dcp.S.o
                0x10002014                __wrap___aeabi_dcmplt
 .text.__wrap___aeabi_dcmpge
                0x10002034       0x28 CMakeFiles/rp2350_app.dir/home/pkcubed/pico-sdk/src/rp2_common/pico_double/double_aeabi_dcp.S.o
                0x1000203c                __wrap___aeabi_dcmpge
 .text.__wrap___aeabi_dcmpgt
                0x1000205c       0x28 CMakeFiles/rp2350_app.dir/home/pkcubed/pico-sdk/src/rp2_common/pico_double/double_aeabi_dcp.S.o
                0x10002064                __wrap___aeabi_dcmpgt
 .text._out_null
                0x10002084        0x4 CMakeFiles/rp2350_app.dir/home/pkcubed/pico-sdk/src/rp2_common/pico_printf/printf.c.o
 .text._out_rev
                0x10002088       0x9c CMakeFiles/rp2350_app.dir/home/pkcubed/pico-sdk/src/rp2_common/pico_printf/printf.c.o
 .text._ntoa_format
                0x10002124      0x2a4 CMakeFiles/rp2350_app.dir/home/pkcubed/pico-sdk/src/rp2_common/pico_printf/printf.c.o
 .text._out_char
                0x100023c8        0x8 CMakeFiles/rp2350_app.dir/home/pkcubed/pico-sdk/src/rp2_common/pico_printf/printf.c.o
 .text._out_fct
                0x100023d0        0xc CMakeFiles/rp2350_app.dir/home/pkcubed/pico-sdk/src/rp2_common/pico_printf/printf.c.o
 *fill*         0x100023dc        0x4 
 .text._etoa    0x100023e0      0x460 CMakeFiles/rp2350_app.dir/home/pkcubed/pico-sdk/src/rp2_common/pico_printf/printf.c.o
 .text._ftoa    0x10002840      0x3f4 CMakeFiles/rp2350_app.dir/home/pkcubed/pico-sdk/src/rp2_common/pico_printf/printf.c.o
 .text._vsnprintf
                0x10002c34      0x9e8 CMakeFiles/rp2350_app.dir/home/pkcubed/pico-sdk/src/rp2_common/pico_printf/printf.c.o
 .text.vfctprintf
                0x1000361c       0x28 CMakeFiles/rp2350_app.dir/home/pkcubed/pico-sdk/src/rp2_common/pico_printf/printf.c.o
                0x1000361c                vfctprintf
 .text.weak_raw_vprintf
                0x10003644       0x30 CMakeFiles/rp2350_app.dir/home/pkcubed/pico-sdk/src/rp2_common/pico_printf/printf.c.o
                0x10003644                weak_raw_vprintf
 .text._exit    0x10003674        0x4 CMakeFiles/rp2350_app.dir/home/pkcubed/pico-sdk/src/rp2_common/pico_clib_interface/newlib_interface.c.o
                0x10003674                _exit
 .text.exit     0x10003678        0x8 CMakeFiles/rp2350_app.dir/home/pkcubed/pico-sdk/src/rp2_common/pico_clib_interface/newlib_interface.c.o
                0x10003678                exit
 .text.runtime_init
                0x10003680       0x24 CMakeFiles/rp2350_app.dir/home/pkcubed/pico-sdk/src/rp2_common/pico_clib_interface/newlib_interface.c.o
                0x10003680                runtime_init
 .text.stdio_out_chars_no_crlf
                0x100036a4        0x8 CMakeFiles/rp2350_app.dir/home/pkcubed/pico-sdk/src/rp2_common/pico_stdio/stdio.c.o
 .text.stdio_out_chars_crlf
                0x100036ac       0xac CMakeFiles/rp2350_app.dir/home/pkcubed/pico-sdk/src/rp2_common/pico_stdio/stdio.c.o
 .text.stdio_buffered_printer
                0x10003758       0x60 CMakeFiles/rp2350_app.dir/home/pkcubed/pico-sdk/src/rp2_common/pico_stdio/stdio.c.o
 .text.stdio_put_string
                0x100037b8       0xf0 CMakeFiles/rp2350_app.dir/home/pkcubed/pico-sdk/src/rp2_common/pico_stdio/stdio.c.o
                0x100037b8                stdio_put_string
 .text.stdio_set_driver_enabled
                0x100038a8       0x30 CMakeFiles/rp2350_app.dir/home/pkcubed/pico-sdk/src/rp2_common/pico_stdio/stdio.c.o
                0x100038a8                stdio_set_driver_enabled
 .text.stdio_init_all
                0x100038d8        0x4 CMakeFiles/rp2350_app.dir/home/pkcubed/pico-sdk/src/rp2_common/pico_stdio/stdio.c.o
                0x100038d8                stdio_init_all
 .text.__wrap_putchar
                0x100038dc       0x84 CMakeFiles/rp2350_app.dir/home/pkcubed/pico-sdk/src/rp2_common/pico_stdio/stdio.c.o
                0x100038dc                stdio_putchar
                0x100038dc                __wrap_putchar
 .text.__wrap_puts
                0x10003960       0x3c CMakeFiles/rp2350_app.dir/home/pkcubed/pico-sdk/src/rp2_common/pico_stdio/stdio.c.o
                0x10003960                __wrap_puts
                0x10003960                stdio_puts
 .text.__wrap_vprintf
                0x1000399c       0xc8 CMakeFiles/rp2350_app.dir/home/pkcubed/pico-sdk/src/rp2_common/pico_stdio/stdio.c.o
                0x1000399c                __wrap_vprintf
                0x1000399c                stdio_vprintf
 .text.__wrap_printf
                0x10003a64       0x1c CMakeFiles/rp2350_app.dir/home/pkcubed/pico-sdk/src/rp2_common/pico_stdio/stdio.c.o
                0x10003a64                stdio_printf
                0x10003a64                __wrap_printf
 .text.resetd_init
                0x10003a80        0x4 CMakeFiles/rp2350_app.dir/home/pkcubed/pico-sdk/src/rp2_common/pico_stdio_usb/reset_interface.c.o
 .text.resetd_reset
                0x10003a84        0xc CMakeFiles/rp2350_app.dir/home/pkcubed/pico-sdk/src/rp2_common/pico_stdio_usb/reset_interface.c.o
 .text.resetd_open
                0x10003a90       0x28 CMakeFiles/rp2350_app.dir/home/pkcubed/pico-sdk/src/rp2_common/pico_stdio_usb/reset_interface.c.o
 .text.resetd_xfer_cb
                0x10003ab8        0x4 CMakeFiles/rp2350_app.dir/home/pkcubed/pico-sdk/src/rp2_common/pico_stdio_usb/reset_interface.c.o
 .text.resetd_control_xfer_cb
                0x10003abc       0x50 CMakeFiles/rp2350_app.dir/home/pkcubed/pico-sdk/src/rp2_common/pico_stdio_usb/reset_interface.c.o
 .text.tud_descriptor_bos_cb
                0x10003b0c        0x8 CMakeFiles/rp2350_app.dir/home/pkcubed/pico-sdk/src/rp2_common/pico_stdio_usb/reset_interface.c.o
                0x10003b0c                tud_descriptor_bos_cb
 .text.tud_vendor_control_xfer_cb
                0x10003b14       0x28 CMakeFiles/rp2350_app.dir/home/pkcubed/pico-sdk/src/rp2_common/pico_stdio_usb/reset_interface.c.o
                0x10003b14                tud_vendor_control_xfer_cb
 .text.usbd_app_driver_get_cb
                0x10003b3c       0x10 CMakeFiles/rp2350_app.dir/home/pkcubed/pico-sdk/src/rp2_common/pico_stdio_usb/reset_interface.c.o
                0x10003b3c                usbd_app_driver_get_cb
 .text.tud_cdc_line_coding_cb
                0x10003b4c       0x18 CMakeFiles/rp2350_app.dir/home/pkcubed/pico-sdk/src/rp2_common/pico_stdio_usb/reset_interface.c.o
                0x10003b4c                tud_cdc_line_coding_cb
 .text.stdio_usb_set_chars_available_callback
                0x10003b64       0x14 CMakeFiles/rp2350_app.dir/home/pkcubed/pico-sdk/src/rp2_common/pico_stdio_usb/stdio_usb.c.o
                0x10003b64                stdio_usb_set_chars_available_callback
 .text.timer_task
                0x10003b78       0x70 CMakeFiles/rp2350_app.dir/home/pkcubed/pico-sdk/src/rp2_common/pico_stdio_usb/stdio_usb.c.o
 .text.usb_irq  0x10003be8        0xc CMakeFiles/rp2350_app.dir/home/pkcubed/pico-sdk/src/rp2_common/pico_stdio_usb/stdio_usb.c.o
 .text.stdio_usb_in_chars
                0x10003bf4       0x88 CMakeFiles/rp2350_app.dir/home/pkcubed/pico-sdk/src/rp2_common/pico_stdio_usb/stdio_usb.c.o
                0x10003bf4                stdio_usb_in_chars
 .text.stdio_usb_out_flush
                0x10003c7c       0x54 CMakeFiles/rp2350_app.dir/home/pkcubed/pico-sdk/src/rp2_common/pico_stdio_usb/stdio_usb.c.o
 .text.stdio_usb_out_chars
                0x10003cd0       0xf4 CMakeFiles/rp2350_app.dir/home/pkcubed/pico-sdk/src/rp2_common/pico_stdio_usb/stdio_usb.c.o
 .text.low_priority_worker_irq
                0x10003dc4       0xd8 CMakeFiles/rp2350_app.dir/home/pkcubed/pico-sdk/src/rp2_common/pico_stdio_usb/stdio_usb.c.o
 .text.stdio_usb_init
                0x10003e9c       0xe8 CMakeFiles/rp2350_app.dir/home/pkcubed/pico-sdk/src/rp2_common/pico_stdio_usb/stdio_usb.c.o
                0x10003e9c                stdio_usb_init
 .text.tud_descriptor_device_cb
                0x10003f84        0x8 CMakeFiles/rp2350_app.dir/home/pkcubed/pico-sdk/src/rp2_common/pico_stdio_usb/stdio_usb_descriptors.c.o
                0x10003f84                tud_descriptor_device_cb
 .text.tud_descriptor_configuration_cb
                0x10003f8c        0x8 CMakeFiles/rp2350_app.dir/home/pkcubed/pico-sdk/src/rp2_common/pico_stdio_usb/stdio_usb_descriptors.c.o
                0x10003f8c                tud_descriptor_configuration_cb
 .text.tud_descriptor_string_cb
                0x10003f94       0x70 CMakeFiles/rp2350_app.dir/home/pkcubed/pico-sdk/src/rp2_common/pico_stdio_usb/stdio_usb_descriptors.c.o
                0x10003f94                tud_descriptor_string_cb
 .text.startup._retrieve_unique_id_on_boot
                0x10004004       0x30 CMakeFiles/rp2350_app.dir/home/pkcubed/pico-sdk/src/rp2_common/pico_unique_id/unique_id.c.o
 .text.pico_get_unique_board_id_string
                0x10004034      0x184 CMakeFiles/rp2350_app.dir/home/pkcubed/pico-sdk/src/rp2_common/pico_unique_id/unique_id.c.o
                0x10004034                pico_get_unique_board_id_string
 .text.dcd_init
                0x100041b8       0x90 CMakeFiles/rp2350_app.dir/home/pkcubed/pico-sdk/lib/tinyusb/src/portable/raspberrypi/rp2040/dcd_rp2040.c.o
                0x100041b8                dcd_init
 .text.dcd_int_enable
                0x10004248        0x8 CMakeFiles/rp2350_app.dir/home/pkcubed/pico-sdk/lib/tinyusb/src/portable/raspberrypi/rp2040/dcd_rp2040.c.o
                0x10004248                dcd_int_enable
 .text.dcd_set_address
                0x10004250       0x10 CMakeFiles/rp2350_app.dir/home/pkcubed/pico-sdk/lib/tinyusb/src/portable/raspberrypi/rp2040/dcd_rp2040.c.o
                0x10004250                dcd_set_address
 .text.dcd_sof_enable
                0x10004260       0x1c CMakeFiles/rp2350_app.dir/home/pkcubed/pico-sdk/lib/tinyusb/src/portable/raspberrypi/rp2040/dcd_rp2040.c.o
                0x10004260                dcd_sof_enable
 .text.dcd_edpt0_status_complete
                0x1000427c       0x1c CMakeFiles/rp2350_app.dir/home/pkcubed/pico-sdk/lib/tinyusb/src/portable/raspberrypi/rp2040/dcd_rp2040.c.o
                0x1000427c                dcd_edpt0_status_complete
 .text.dcd_edpt_open
                0x10004298      0x108 CMakeFiles/rp2350_app.dir/home/pkcubed/pico-sdk/lib/tinyusb/src/portable/raspberrypi/rp2040/dcd_rp2040.c.o
                0x10004298                dcd_edpt_open
 .text.dcd_edpt_close_all
                0x100043a0        0x4 CMakeFiles/rp2350_app.dir/home/pkcubed/pico-sdk/lib/tinyusb/src/portable/raspberrypi/rp2040/dcd_rp2040.c.o
                0x100043a0                dcd_edpt_close_all
 .text.dcd_edpt_xfer
                0x100043a4       0x28 CMakeFiles/rp2350_app.dir/home/pkcubed/pico-sdk/lib/tinyusb/src/portable/raspberrypi/rp2040/dcd_rp2040.c.o
                0x100043a4                dcd_edpt_xfer
 .text.dcd_edpt_stall
                0x100043cc       0x2c CMakeFiles/rp2350_app.dir/home/pkcubed/pico-sdk/lib/tinyusb/src/portable/raspberrypi/rp2040/dcd_rp2040.c.o
                0x100043cc                dcd_edpt_stall
 .text.dcd_edpt_clear_stall
                0x100043f8       0x2c CMakeFiles/rp2350_app.dir/home/pkcubed/pico-sdk/lib/tinyusb/src/portable/raspberrypi/rp2040/dcd_rp2040.c.o
                0x100043f8                dcd_edpt_clear_stall
 .text.rp2040_usb_init
                0x10004424       0x40 CMakeFiles/rp2350_app.dir/home/pkcubed/pico-sdk/lib/tinyusb/src/portable/raspberrypi/rp2040/rp2040_usb.c.o
                0x10004424                rp2040_usb_init
 .text.hw_endpoint_xfer_start
                0x10004464       0x40 CMakeFiles/rp2350_app.dir/home/pkcubed/pico-sdk/lib/tinyusb/src/portable/raspberrypi/rp2040/rp2040_usb.c.o
                0x10004464                hw_endpoint_xfer_start
 .text.configuration_reset
                0x100044a4       0x8c CMakeFiles/rp2350_app.dir/home/pkcubed/pico-sdk/lib/tinyusb/src/device/usbd.c.o
 .text.tud_event_hook_cb
                0x10004530        0x4 CMakeFiles/rp2350_app.dir/home/pkcubed/pico-sdk/lib/tinyusb/src/device/usbd.c.o
                0x10004530                tud_event_hook_cb
 .text.tud_sof_cb
                0x10004534        0x4 CMakeFiles/rp2350_app.dir/home/pkcubed/pico-sdk/lib/tinyusb/src/device/usbd.c.o
                0x10004534                tud_sof_cb
 .text.tud_descriptor_device_qualifier_cb
                0x10004538        0x4 CMakeFiles/rp2350_app.dir/home/pkcubed/pico-sdk/lib/tinyusb/src/device/usbd.c.o
                0x10004538                tud_descriptor_device_qualifier_cb
 .text.tud_descriptor_other_speed_configuration_cb
                0x1000453c        0x4 CMakeFiles/rp2350_app.dir/home/pkcubed/pico-sdk/lib/tinyusb/src/device/usbd.c.o
                0x1000453c                tud_descriptor_other_speed_configuration_cb
 .text.tud_mount_cb
                0x10004540        0x4 CMakeFiles/rp2350_app.dir/home/pkcubed/pico-sdk/lib/tinyusb/src/device/usbd.c.o
                0x10004540                tud_mount_cb
 .text.tud_umount_cb
                0x10004544        0x4 CMakeFiles/rp2350_app.dir/home/pkcubed/pico-sdk/lib/tinyusb/src/device/usbd.c.o
                0x10004544                tud_umount_cb
 .text.tud_suspend_cb
                0x10004548        0x4 CMakeFiles/rp2350_app.dir/home/pkcubed/pico-sdk/lib/tinyusb/src/device/usbd.c.o
                0x10004548                tud_suspend_cb
 .text.tud_resume_cb
                0x1000454c        0x4 CMakeFiles/rp2350_app.dir/home/pkcubed/pico-sdk/lib/tinyusb/src/device/usbd.c.o
                0x1000454c                tud_resume_cb
 .text.tud_mounted
                0x10004550       0x10 CMakeFiles/rp2350_app.dir/home/pkcubed/pico-sdk/lib/tinyusb/src/device/usbd.c.o
                0x10004550                tud_mounted
 .text.tud_suspended
                0x10004560       0x10 CMakeFiles/rp2350_app.dir/home/pkcubed/pico-sdk/lib/tinyusb/src/device/usbd.c.o
                0x10004560                tud_suspended
 .text.tud_rhport_init
                0x10004570       0xf8 CMakeFiles/rp2350_app.dir/home/pkcubed/pico-sdk/lib/tinyusb/src/device/usbd.c.o
                0x10004570                tud_rhport_init
 .text.tud_task_ext
                0x10004668      0x784 CMakeFiles/rp2350_app.dir/home/pkcubed/pico-sdk/lib/tinyusb/src/device/usbd.c.o
                0x10004668                tud_task_ext
 .text.usbd_open_edpt_pair
                0x10004dec       0x9c CMakeFiles/rp2350_app.dir/home/pkcubed/pico-sdk/lib/tinyusb/src/device/usbd.c.o
                0x10004dec                usbd_open_edpt_pair
 .text.usbd_edpt_open
                0x10004e88       0x44 CMakeFiles/rp2350_app.dir/home/pkcubed/pico-sdk/lib/tinyusb/src/device/usbd.c.o
                0x10004e88                usbd_edpt_open
 .text.usbd_edpt_claim
                0x10004ecc       0x24 CMakeFiles/rp2350_app.dir/home/pkcubed/pico-sdk/lib/tinyusb/src/device/usbd.c.o
                0x10004ecc                usbd_edpt_claim
 .text.usbd_edpt_release
                0x10004ef0       0x24 CMakeFiles/rp2350_app.dir/home/pkcubed/pico-sdk/lib/tinyusb/src/device/usbd.c.o
                0x10004ef0                usbd_edpt_release
 .text.usbd_edpt_xfer
                0x10004f14       0x70 CMakeFiles/rp2350_app.dir/home/pkcubed/pico-sdk/lib/tinyusb/src/device/usbd.c.o
                0x10004f14                usbd_edpt_xfer
 .text.tud_control_status
                0x10004f84       0x34 CMakeFiles/rp2350_app.dir/home/pkcubed/pico-sdk/lib/tinyusb/src/device/usbd_control.c.o
                0x10004f84                tud_control_status
 .text.tud_control_xfer
                0x10004fb8       0xac CMakeFiles/rp2350_app.dir/home/pkcubed/pico-sdk/lib/tinyusb/src/device/usbd_control.c.o
                0x10004fb8                tud_control_xfer
 .text.usbd_control_reset
                0x10005064       0x14 CMakeFiles/rp2350_app.dir/home/pkcubed/pico-sdk/lib/tinyusb/src/device/usbd_control.c.o
                0x10005064                usbd_control_reset
 .text.usbd_control_set_complete_callback
                0x10005078        0xc CMakeFiles/rp2350_app.dir/home/pkcubed/pico-sdk/lib/tinyusb/src/device/usbd_control.c.o
                0x10005078                usbd_control_set_complete_callback
 .text.usbd_control_set_request
                0x10005084       0x1c CMakeFiles/rp2350_app.dir/home/pkcubed/pico-sdk/lib/tinyusb/src/device/usbd_control.c.o
                0x10005084                usbd_control_set_request
 .text.usbd_control_xfer_cb
                0x100050a0       0xfc CMakeFiles/rp2350_app.dir/home/pkcubed/pico-sdk/lib/tinyusb/src/device/usbd_control.c.o
                0x100050a0                usbd_control_xfer_cb
 .text._prep_out_transaction.isra.0
                0x1000519c       0x74 CMakeFiles/rp2350_app.dir/home/pkcubed/pico-sdk/lib/tinyusb/src/class/cdc/cdc_device.c.o
 .text.tud_cdc_n_connected
                0x10005210       0x2c CMakeFiles/rp2350_app.dir/home/pkcubed/pico-sdk/lib/tinyusb/src/class/cdc/cdc_device.c.o
                0x10005210                tud_cdc_n_connected
 .text.tud_cdc_n_available
                0x1000523c       0x18 CMakeFiles/rp2350_app.dir/home/pkcubed/pico-sdk/lib/tinyusb/src/class/cdc/cdc_device.c.o
                0x1000523c                tud_cdc_n_available
 .text.tud_cdc_n_read
                0x10005254       0x8c CMakeFiles/rp2350_app.dir/home/pkcubed/pico-sdk/lib/tinyusb/src/class/cdc/cdc_device.c.o
                0x10005254                tud_cdc_n_read
 .text.tud_cdc_n_write_flush
                0x100052e0       0x8c CMakeFiles/rp2350_app.dir/home/pkcubed/pico-sdk/lib/tinyusb/src/class/cdc/cdc_device.c.o
                0x100052e0                tud_cdc_n_write_flush
 .text.tud_cdc_n_write
                0x1000536c       0x44 CMakeFiles/rp2350_app.dir/home/pkcubed/pico-sdk/lib/tinyusb/src/class/cdc/cdc_device.c.o
                0x1000536c                tud_cdc_n_write
 .text.tud_cdc_n_write_available
                0x100053b0       0x18 CMakeFiles/rp2350_app.dir/home/pkcubed/pico-sdk/lib/tinyusb/src/class/cdc/cdc_device.c.o
                0x100053b0                tud_cdc_n_write_available
 .text.cdcd_init
                0x100053c8       0x70 CMakeFiles/rp2350_app.dir/home/pkcubed/pico-sdk/lib/tinyusb/src/class/cdc/cdc_device.c.o
                0x100053c8                cdcd_init
 .text.cdcd_deinit
                0x10005438       0x2c CMakeFiles/rp2350_app.dir/home/pkcubed/pico-sdk/lib/tinyusb/src/class/cdc/cdc_device.c.o
                0x10005438                cdcd_deinit
 .text.cdcd_reset
                0x10005464       0x4c CMakeFiles/rp2350_app.dir/home/pkcubed/pico-sdk/lib/tinyusb/src/class/cdc/cdc_device.c.o
                0x10005464                cdcd_reset
 .text.cdcd_open
                0x100054b0       0xbc CMakeFiles/rp2350_app.dir/home/pkcubed/pico-sdk/lib/tinyusb/src/class/cdc/cdc_device.c.o
                0x100054b0                cdcd_open
 .text.cdcd_control_xfer_cb
                0x1000556c       0xc0 CMakeFiles/rp2350_app.dir/home/pkcubed/pico-sdk/lib/tinyusb/src/class/cdc/cdc_device.c.o
                0x1000556c                cdcd_control_xfer_cb
 .text.cdcd_xfer_cb
                0x1000562c       0xfc CMakeFiles/rp2350_app.dir/home/pkcubed/pico-sdk/lib/tinyusb/src/class/cdc/cdc_device.c.o
                0x1000562c                cdcd_xfer_cb
 .text.vendord_init
                0x10005728       0x5c CMakeFiles/rp2350_app.dir/home/pkcubed/pico-sdk/lib/tinyusb/src/class/vendor/vendor_device.c.o
                0x10005728                vendord_init
 .text.vendord_deinit
                0x10005784       0x1c CMakeFiles/rp2350_app.dir/home/pkcubed/pico-sdk/lib/tinyusb/src/class/vendor/vendor_device.c.o
                0x10005784                vendord_deinit
 .text.vendord_reset
                0x100057a0       0x24 CMakeFiles/rp2350_app.dir/home/pkcubed/pico-sdk/lib/tinyusb/src/class/vendor/vendor_device.c.o
                0x100057a0                vendord_reset
 .text.vendord_open
                0x100057c4      0x104 CMakeFiles/rp2350_app.dir/home/pkcubed/pico-sdk/lib/tinyusb/src/class/vendor/vendor_device.c.o
                0x100057c4                vendord_open
 .text.vendord_xfer_cb
                0x100058c8       0x88 CMakeFiles/rp2350_app.dir/home/pkcubed/pico-sdk/lib/tinyusb/src/class/vendor/vendor_device.c.o
                0x100058c8                vendord_xfer_cb
 .text.tusb_rhport_init
                0x10005950       0x60 CMakeFiles/rp2350_app.dir/home/pkcubed/pico-sdk/lib/tinyusb/src/tusb.c.o
                0x10005950                tusb_rhport_init
 .text.tu_edpt_claim
                0x100059b0       0x54 CMakeFiles/rp2350_app.dir/home/pkcubed/pico-sdk/lib/tinyusb/src/tusb.c.o
                0x100059b0                tu_edpt_claim
 .text.tu_edpt_release
                0x10005a04       0x38 CMakeFiles/rp2350_app.dir/home/pkcubed/pico-sdk/lib/tinyusb/src/tusb.c.o
                0x10005a04                tu_edpt_release
 .text.tu_edpt_validate
                0x10005a3c       0x64 CMakeFiles/rp2350_app.dir/home/pkcubed/pico-sdk/lib/tinyusb/src/tusb.c.o
                0x10005a3c                tu_edpt_validate
 .text.tu_edpt_bind_driver
                0x10005aa0       0x58 CMakeFiles/rp2350_app.dir/home/pkcubed/pico-sdk/lib/tinyusb/src/tusb.c.o
                0x10005aa0                tu_edpt_bind_driver
 .text.tu_edpt_stream_init
                0x10005af8       0x58 CMakeFiles/rp2350_app.dir/home/pkcubed/pico-sdk/lib/tinyusb/src/tusb.c.o
                0x10005af8                tu_edpt_stream_init
 .text.tu_edpt_stream_deinit
                0x10005b50        0x4 CMakeFiles/rp2350_app.dir/home/pkcubed/pico-sdk/lib/tinyusb/src/tusb.c.o
                0x10005b50                tu_edpt_stream_deinit
 .text.tu_edpt_stream_write_zlp_if_needed
                0x10005b54       0x68 CMakeFiles/rp2350_app.dir/home/pkcubed/pico-sdk/lib/tinyusb/src/tusb.c.o
                0x10005b54                tu_edpt_stream_write_zlp_if_needed
 .text.tu_edpt_stream_write_xfer
                0x10005bbc       0x70 CMakeFiles/rp2350_app.dir/home/pkcubed/pico-sdk/lib/tinyusb/src/tusb.c.o
                0x10005bbc                tu_edpt_stream_write_xfer
 .text.tu_edpt_stream_read_xfer
                0x10005c2c       0xd0 CMakeFiles/rp2350_app.dir/home/pkcubed/pico-sdk/lib/tinyusb/src/tusb.c.o
                0x10005c2c                tu_edpt_stream_read_xfer
 .text.tu_fifo_config
                0x10005cfc       0x60 CMakeFiles/rp2350_app.dir/home/pkcubed/pico-sdk/lib/tinyusb/src/common/tusb_fifo.c.o
                0x10005cfc                tu_fifo_config
 .text.tu_fifo_count
                0x10005d5c       0x20 CMakeFiles/rp2350_app.dir/home/pkcubed/pico-sdk/lib/tinyusb/src/common/tusb_fifo.c.o
                0x10005d5c                tu_fifo_count
 .text.tu_fifo_empty
                0x10005d7c       0x14 CMakeFiles/rp2350_app.dir/home/pkcubed/pico-sdk/lib/tinyusb/src/common/tusb_fifo.c.o
                0x10005d7c                tu_fifo_empty
 .text.tu_fifo_remaining
                0x10005d90       0x24 CMakeFiles/rp2350_app.dir/home/pkcubed/pico-sdk/lib/tinyusb/src/common/tusb_fifo.c.o
                0x10005d90                tu_fifo_remaining
 .text.tu_fifo_read
                0x10005db4       0x94 CMakeFiles/rp2350_app.dir/home/pkcubed/pico-sdk/lib/tinyusb/src/common/tusb_fifo.c.o
                0x10005db4                tu_fifo_read
 .text.tu_fifo_read_n
                0x10005e48       0xd8 CMakeFiles/rp2350_app.dir/home/pkcubed/pico-sdk/lib/tinyusb/src/common/tusb_fifo.c.o
                0x10005e48                tu_fifo_read_n
 .text.tu_fifo_write
                0x10005f20       0xa0 CMakeFiles/rp2350_app.dir/home/pkcubed/pico-sdk/lib/tinyusb/src/common/tusb_fifo.c.o
                0x10005f20                tu_fifo_write
 .text.tu_fifo_write_n
                0x10005fc0      0x158 CMakeFiles/rp2350_app.dir/home/pkcubed/pico-sdk/lib/tinyusb/src/common/tusb_fifo.c.o
                0x10005fc0                tu_fifo_write_n
 .text.tu_fifo_clear
                0x10006118       0x38 CMakeFiles/rp2350_app.dir/home/pkcubed/pico-sdk/lib/tinyusb/src/common/tusb_fifo.c.o
                0x10006118                tu_fifo_clear
 .text.tu_fifo_set_overwritable
                0x10006150       0x3c CMakeFiles/rp2350_app.dir/home/pkcubed/pico-sdk/lib/tinyusb/src/common/tusb_fifo.c.o
                0x10006150                tu_fifo_set_overwritable
 .text.i2c_write_blocking_internal.constprop.0
                0x1000618c       0x9c CMakeFiles/rp2350_app.dir/home/pkcubed/pico-sdk/src/rp2_common/hardware_i2c/i2c.c.o
 .text.i2c_set_baudrate
                0x10006228       0xa8 CMakeFiles/rp2350_app.dir/home/pkcubed/pico-sdk/src/rp2_common/hardware_i2c/i2c.c.o
                0x10006228                i2c_set_baudrate
 .text.i2c_init
                0x100062d0       0x4c CMakeFiles/rp2350_app.dir/home/pkcubed/pico-sdk/src/rp2_common/hardware_i2c/i2c.c.o
                0x100062d0                i2c_init
 .text.i2c_write_blocking
                0x1000631c       0x10 CMakeFiles/rp2350_app.dir/home/pkcubed/pico-sdk/src/rp2_common/hardware_i2c/i2c.c.o
                0x1000631c                i2c_write_blocking
 .text          0x1000632c       0xa4 /usr/lib/gcc/arm-none-eabi/13.2.1/../../../arm-none-eabi/lib/thumb/v8-m.main+fp/softfp/libg.a(libc_a-memset.o)
                0x1000632c                memset
 .text          0x100063d0       0xec /usr/lib/gcc/arm-none-eabi/13.2.1/../../../arm-none-eabi/lib/thumb/v8-m.main+fp/softfp/libg.a(libc_a-memcpy.o)
                0x100063d0                memcpy
 .text          0x100064bc        0xc /usr/lib/gcc/arm-none-eabi/13.2.1/../../../arm-none-eabi/lib/thumb/v8-m.main+fp/softfp/libg.a(libc_a-atexit.o)
                0x100064bc                atexit
 .text          0x100064c8       0x5c /usr/lib/gcc/arm-none-eabi/13.2.1/../../../arm-none-eabi/lib/thumb/v8-m.main+fp/softfp/libg.a(libc_a-strlen-stub.o)
                0x100064c8                strlen
 .text          0x10006524       0x28 /usr/lib/gcc/arm-none-eabi/13.2.1/../../../arm-none-eabi/lib/thumb/v8-m.main+fp/softfp/libg.a(libc_a-fini.o)
                0x10006524                __libc_fini_array
 .text          0x1000654c       0x64 /usr/lib/gcc/arm-none-eabi/13.2.1/../../../arm-none-eabi/lib/thumb/v8-m.main+fp/softfp/libg.a(libc_a-__atexit.o)
                0x1000654c                __register_exitproc
 .text.startup  0x100065b0       0x14 /usr/lib/gcc/arm-none-eabi/13.2.1/../../../arm-none-eabi/lib/thumb/v8-m.main+fp/softfp/libg.a(libc_a-__call_atexit.o)
 *(.fini)
 .fini          0x100065c4        0x4 /usr/lib/gcc/arm-none-eabi/13.2.1/thumb/v8-m.main+fp/softfp/crti.o
                0x100065c4                _fini
 .fini.__stub   0x100065c8       0x50 linker stubs
 *crtbegin.o(.ctors)
 *crtbegin?.o(.ctors)
 *(EXCLUDE_FILE(*crtend.o *crtend?.o) .ctors)
 *(SORT_BY_NAME(.ctors.*))
 *(.ctors)
 *crtbegin.o(.dtors)
 *crtbegin?.o(.dtors)
 *(EXCLUDE_FILE(*crtend.o *crtend?.o) .dtors)
 *(SORT_BY_NAME(.dtors.*))
 *(.dtors)
                0x10006618                        . = ALIGN (0x4)
                0x10006618                        PROVIDE (__preinit_array_start = .)
 *(SORT_BY_NAME(.preinit_array.*))
 .preinit_array.00050
                0x10006618        0x4 CMakeFiles/rp2350_app.dir/home/pkcubed/pico-sdk/src/rp2_common/pico_runtime_init/runtime_init.c.o
                0x10006618                __pre_init_runtime_init_bootrom_reset
 .preinit_array.00100
                0x1000661c        0x4 CMakeFiles/rp2350_app.dir/home/pkcubed/pico-sdk/src/rp2_common/pico_runtime_init/runtime_init.c.o
                0x1000661c                __pre_init_runtime_init_early_resets
 .preinit_array.00101
                0x10006620        0x4 CMakeFiles/rp2350_app.dir/home/pkcubed/pico-sdk/src/rp2_common/pico_runtime_init/runtime_init.c.o
                0x10006620                __pre_init_runtime_init_usb_power_down
 .preinit_array.00500
                0x10006624        0x4 CMakeFiles/rp2350_app.dir/home/pkcubed/pico-sdk/src/rp2_common/pico_runtime_init/runtime_init.c.o
                0x10006624                __pre_init_runtime_init_clocks
 .preinit_array.00600
                0x10006628        0x4 CMakeFiles/rp2350_app.dir/home/pkcubed/pico-sdk/src/rp2_common/pico_runtime_init/runtime_init.c.o
                0x10006628                __pre_init_runtime_init_post_clock_resets
 .preinit_array.01000
                0x1000662c        0x4 CMakeFiles/rp2350_app.dir/home/pkcubed/pico-sdk/src/rp2_common/hardware_boot_lock/boot_lock.c.o
                0x1000662c                __pre_init_runtime_init_boot_locks_reset
 .preinit_array.01000
                0x10006630        0x4 CMakeFiles/rp2350_app.dir/home/pkcubed/pico-sdk/src/rp2_common/pico_runtime_init/runtime_init.c.o
                0x10006630                __pre_init_runtime_init_spin_locks_reset
 .preinit_array.01010
                0x10006634        0x4 CMakeFiles/rp2350_app.dir/home/pkcubed/pico-sdk/src/rp2_common/pico_bootrom/bootrom_lock.c.o
                0x10006634                __pre_init_runtime_init_bootrom_locking_enable
 .preinit_array.01100
                0x10006638        0x4 CMakeFiles/rp2350_app.dir/home/pkcubed/pico-sdk/src/common/pico_sync/mutex.c.o
                0x10006638                __pre_init_runtime_init_mutex
 .preinit_array.10080
                0x1000663c        0x4 CMakeFiles/rp2350_app.dir/home/pkcubed/pico-sdk/src/rp2_common/pico_runtime_init/runtime_init.c.o
                0x1000663c                __pre_init_runtime_init_install_ram_vector_table
 .preinit_array.11000
                0x10006640        0x4 CMakeFiles/rp2350_app.dir/home/pkcubed/pico-sdk/src/common/pico_time/time.c.o
                0x10006640                __pre_init_runtime_init_default_alarm_pool
 .preinit_array.YYYYY
                0x10006644        0x4 CMakeFiles/rp2350_app.dir/home/pkcubed/pico-sdk/src/rp2_common/pico_runtime/runtime.c.o
                0x10006644                __pre_init_first_per_core_initializer
 .preinit_array.ZZZZZ.00051
                0x10006648        0x4 CMakeFiles/rp2350_app.dir/home/pkcubed/pico-sdk/src/rp2_common/pico_runtime_init/runtime_init.c.o
                0x10006648                __pre_init_runtime_init_per_core_bootrom_reset
 .preinit_array.ZZZZZ.00200
                0x1000664c        0x4 CMakeFiles/rp2350_app.dir/home/pkcubed/pico-sdk/src/rp2_common/pico_runtime_init/runtime_init.c.o
                0x1000664c                __pre_init_runtime_init_per_core_enable_coprocessors
 .preinit_array.ZZZZZ.01000
                0x10006650        0x4 CMakeFiles/rp2350_app.dir/home/pkcubed/pico-sdk/src/rp2_common/hardware_sync_spin_lock/sync_spin_lock.c.o
                0x10006650                __pre_init_spinlock_set_extexclall
 .preinit_array.ZZZZZ.01200
                0x10006654        0x4 CMakeFiles/rp2350_app.dir/home/pkcubed/pico-sdk/src/rp2_common/hardware_irq/irq.c.o
                0x10006654                __pre_init_runtime_init_per_core_irq_priorities
 *(.preinit_array)
                0x10006658                        PROVIDE (__preinit_array_end = .)
                0x10006658                        . = ALIGN (0x4)
                0x10006658                        PROVIDE (__init_array_start = .)
 *(SORT_BY_NAME(.init_array.*))
 .init_array.00000
                0x10006658        0x4 /usr/lib/gcc/arm-none-eabi/13.2.1/../../../arm-none-eabi/lib/thumb/v8-m.main+fp/softfp/libg.a(libc_a-__call_atexit.o)
 .init_array.01000
                0x1000665c        0x4 CMakeFiles/rp2350_app.dir/home/pkcubed/pico-sdk/src/rp2_common/pico_unique_id/unique_id.c.o
 *(.init_array)
 .init_array    0x10006660        0x4 /usr/lib/gcc/arm-none-eabi/13.2.1/thumb/v8-m.main+fp/softfp/crtbegin.o
                0x10006664                        PROVIDE (__init_array_end = .)
                0x10006664                        . = ALIGN (0x4)
                0x10006664                        PROVIDE (__fini_array_start = .)
 *(SORT_BY_NAME(.fini_array.*))
 *(.fini_array)
                0x10006664                        PROVIDE (__fini_array_end = .)
 *(.eh_frame*)
 .eh_frame      0x10006664        0x0 /usr/lib/gcc/arm-none-eabi/13.2.1/thumb/v8-m.main+fp/softfp/crtbegin.o
                0x10006664                        . = ALIGN (0x4)

.glue_7         0x10006664        0x0
 .glue_7        0x10006664        0x0 linker stubs

.glue_7t        0x10006664        0x0
 .glue_7t       0x10006664        0x0 linker stubs

.vfp11_veneer   0x10006664        0x0
 .vfp11_veneer  0x10006664        0x0 linker stubs

.v4_bx          0x10006664        0x0
 .v4_bx         0x10006664        0x0 linker stubs

.iplt           0x10006664        0x0
 .iplt          0x10006664        0x0 /usr/lib/gcc/arm-none-eabi/13.2.1/thumb/v8-m.main+fp/softfp/crtbegin.o

.boot2          0x10006664        0x0
                0x10006664                        __boot2_start__ = .
 *(.boot2)
                0x10006664                        __boot2_end__ = .
                0x00000001                        ASSERT (((__boot2_end__ - __boot2_start__) <= 0x100), ERROR: Pico second stage bootloader must be no more than 256 bytes in size)

.rodata         0x10006668      0x63c
 *(EXCLUDE_FILE(*libm.a: *libc.a:*lib_a-mem*.o *libgcc.a:) .rodata*)
 .rodata.main.str1.4
                0x10006668      0x3d8 CMakeFiles/rp2350_app.dir/src/main.c.o
                                0x263 (size before relaxing)
 .rodata.panic.str1.4
                0x10006a40       0x12 CMakeFiles/rp2350_app.dir/home/pkcubed/pico-sdk/src/rp2_common/pico_platform_panic/panic.c.o
 .rodata.spin_lock_claim_unused.str1.4
                0x10006a40       0x1b CMakeFiles/rp2350_app.dir/home/pkcubed/pico-sdk/src/rp2_common/hardware_sync/sync.c.o
 .rodata.user_irq_claim_unused.str1.4
                0x10006a40       0x1b CMakeFiles/rp2350_app.dir/home/pkcubed/pico-sdk/src/rp2_common/hardware_irq/irq.c.o
 .rodata.timer_hardware_alarm_claim.str1.4
                0x10006a40       0x22 CMakeFiles/rp2350_app.dir/home/pkcubed/pico-sdk/src/rp2_common/hardware_timer/timer.c.o
 .rodata.hard_assertion_failure.str1.4
                0x10006a40        0xc CMakeFiles/rp2350_app.dir/home/pkcubed/pico-sdk/src/rp2_common/pico_runtime/runtime.c.o
 .rodata.str1.4
                0x10006a40       0x40 CMakeFiles/rp2350_app.dir/home/pkcubed/pico-sdk/src/rp2_common/pico_standard_binary_info/standard_binary_info.c.o
 .rodata.__bi_84
                0x10006a40        0xc CMakeFiles/rp2350_app.dir/home/pkcubed/pico-sdk/src/rp2_common/pico_standard_binary_info/standard_binary_info.c.o
 .rodata.__bi_78
                0x10006a4c        0xc CMakeFiles/rp2350_app.dir/home/pkcubed/pico-sdk/src/rp2_common/pico_standard_binary_info/standard_binary_info.c.o
 .rodata.__bi_54
                0x10006a58        0xc CMakeFiles/rp2350_app.dir/home/pkcubed/pico-sdk/src/rp2_common/pico_standard_binary_info/standard_binary_info.c.o
 .rodata.__bi_48
                0x10006a64        0xc CMakeFiles/rp2350_app.dir/home/pkcubed/pico-sdk/src/rp2_common/pico_standard_binary_info/standard_binary_info.c.o
 .rodata.__bi_42
                0x10006a70        0xc CMakeFiles/rp2350_app.dir/home/pkcubed/pico-sdk/src/rp2_common/pico_standard_binary_info/standard_binary_info.c.o
 .rodata.__bi_34
                0x10006a7c        0xc CMakeFiles/rp2350_app.dir/home/pkcubed/pico-sdk/src/rp2_common/pico_standard_binary_info/standard_binary_info.c.o
 .rodata.__bi_26
                0x10006a88        0xc CMakeFiles/rp2350_app.dir/home/pkcubed/pico-sdk/src/rp2_common/pico_standard_binary_info/standard_binary_info.c.o
 .rodata._ftoa.str1.4
                0x10006a94       0x15 CMakeFiles/rp2350_app.dir/home/pkcubed/pico-sdk/src/rp2_common/pico_printf/printf.c.o
 *fill*         0x10006a94        0x4 
 .rodata.pow10.0
                0x10006a98       0x50 CMakeFiles/rp2350_app.dir/home/pkcubed/pico-sdk/src/rp2_common/pico_printf/printf.c.o
 .rodata.crlf_str.0
                0x10006ae8        0x2 CMakeFiles/rp2350_app.dir/home/pkcubed/pico-sdk/src/rp2_common/pico_stdio/stdio.c.o
 *fill*         0x10006aea        0x2 
 .rodata._resetd_driver
                0x10006aec       0x20 CMakeFiles/rp2350_app.dir/home/pkcubed/pico-sdk/src/rp2_common/pico_stdio_usb/reset_interface.c.o
 .rodata.desc_ms_os_20
                0x10006b0c       0xa6 CMakeFiles/rp2350_app.dir/home/pkcubed/pico-sdk/src/rp2_common/pico_stdio_usb/reset_interface.c.o
 *fill*         0x10006bb2        0x2 
 .rodata.desc_bos
                0x10006bb4       0x21 CMakeFiles/rp2350_app.dir/home/pkcubed/pico-sdk/src/rp2_common/pico_stdio_usb/reset_interface.c.o
                0x10006bb4                desc_bos
 .rodata.str1.4
                0x10006bd5       0x13 CMakeFiles/rp2350_app.dir/home/pkcubed/pico-sdk/src/rp2_common/pico_stdio_usb/stdio_usb.c.o
 *fill*         0x10006bd5        0x3 
 .rodata.__bi_202.0
                0x10006bd8        0xc CMakeFiles/rp2350_app.dir/home/pkcubed/pico-sdk/src/rp2_common/pico_stdio_usb/stdio_usb.c.o
 .rodata.str1.4
                0x10006be4       0x2a CMakeFiles/rp2350_app.dir/home/pkcubed/pico-sdk/src/rp2_common/pico_stdio_usb/stdio_usb_descriptors.c.o
 .rodata.usbd_desc_str
                0x10006be4       0x18 CMakeFiles/rp2350_app.dir/home/pkcubed/pico-sdk/src/rp2_common/pico_stdio_usb/stdio_usb_descriptors.c.o
 .rodata.usbd_desc_cfg
                0x10006bfc       0x54 CMakeFiles/rp2350_app.dir/home/pkcubed/pico-sdk/src/rp2_common/pico_stdio_usb/stdio_usb_descriptors.c.o
 .rodata.usbd_desc_device
                0x10006c50       0x12 CMakeFiles/rp2350_app.dir/home/pkcubed/pico-sdk/src/rp2_common/pico_stdio_usb/stdio_usb_descriptors.c.o
 .rodata.str1.4
                0x10006c62       0x14 CMakeFiles/rp2350_app.dir/home/pkcubed/pico-sdk/lib/tinyusb/src/portable/raspberrypi/rp2040/dcd_rp2040.c.o
 .rodata.str1.4
                0x10006c62       0x48 CMakeFiles/rp2350_app.dir/home/pkcubed/pico-sdk/lib/tinyusb/src/portable/raspberrypi/rp2040/rp2040_usb.c.o
 *fill*         0x10006c62        0x2 
 .rodata._usbd_driver
                0x10006c64       0x40 CMakeFiles/rp2350_app.dir/home/pkcubed/pico-sdk/lib/tinyusb/src/device/usbd.c.o
 *(.srodata*)
                0x10006ca4                        . = ALIGN (0x4)
 *(SORT_BY_ALIGNMENT(SORT_BY_NAME(.flashdata*)))
                0x10006ca4                        . = ALIGN (0x4)

.ARM.extab
 *(.ARM.extab* .gnu.linkonce.armextab.*)
                0x10006ca4                        __exidx_start = .

.ARM.exidx      0x10006ca4        0x8
 *(.ARM.exidx* .gnu.linkonce.armexidx.*)
 .ARM.exidx     0x10006ca4        0x8 /usr/lib/gcc/arm-none-eabi/13.2.1/../../../arm-none-eabi/lib/thumb/v8-m.main+fp/softfp/libg.a(libc_a-memcpy.o)
 .ARM.exidx     0x10006cac        0x0 /usr/lib/gcc/arm-none-eabi/13.2.1/thumb/v8-m.main+fp/softfp/libgcc.a(_udivmoddi4.o)
                                  0x8 (size before relaxing)
                0x10006cac                        __exidx_end = .
                0x10006cac                        . = ALIGN (0x4)
                0x10006cac                        __binary_info_start = .

.binary_info    0x10006cac       0x20
 *(.binary_info.keep.*)
 .binary_info.keep.__bi_ptr84
                0x10006cac        0x4 CMakeFiles/rp2350_app.dir/home/pkcubed/pico-sdk/src/rp2_common/pico_standard_binary_info/standard_binary_info.c.o
 .binary_info.keep.__bi_ptr78
                0x10006cb0        0x4 CMakeFiles/rp2350_app.dir/home/pkcubed/pico-sdk/src/rp2_common/pico_standard_binary_info/standard_binary_info.c.o
 .binary_info.keep.__bi_ptr54
                0x10006cb4        0x4 CMakeFiles/rp2350_app.dir/home/pkcubed/pico-sdk/src/rp2_common/pico_standard_binary_info/standard_binary_info.c.o
 .binary_info.keep.__bi_ptr48
                0x10006cb8        0x4 CMakeFiles/rp2350_app.dir/home/pkcubed/pico-sdk/src/rp2_common/pico_standard_binary_info/standard_binary_info.c.o
 .binary_info.keep.__bi_ptr42
                0x10006cbc        0x4 CMakeFiles/rp2350_app.dir/home/pkcubed/pico-sdk/src/rp2_common/pico_standard_binary_info/standard_binary_info.c.o
 .binary_info.keep.__bi_ptr34
                0x10006cc0        0x4 CMakeFiles/rp2350_app.dir/home/pkcubed/pico-sdk/src/rp2_common/pico_standard_binary_info/standard_binary_info.c.o
 .binary_info.keep.__bi_ptr26
                0x10006cc4        0x4 CMakeFiles/rp2350_app.dir/home/pkcubed/pico-sdk/src/rp2_common/pico_standard_binary_info/standard_binary_info.c.o
 *(.binary_info.*)
 .binary_info.__bi_ptr202
                0x10006cc8        0x4 CMakeFiles/rp2350_app.dir/home/pkcubed/pico-sdk/src/rp2_common/pico_stdio_usb/stdio_usb.c.o
                0x10006ccc                        __binary_info_end = .
                0x10006ccc                        . = ALIGN (0x4)

.ram_vector_table
                0x20000000      0x110
 *(.ram_vector_table)
 .ram_vector_table
                0x20000000      0x110 CMakeFiles/rp2350_app.dir/home/pkcubed/pico-sdk/src/rp2_common/pico_runtime_init/runtime_init.c.o
                0x20000000                ram_vector_table

.uninitialized_data
                0x20000110        0x0
                0x20000110                        . = ALIGN (0x4)
 *(.uninitialized_data*)

.data           0x20000110     0x10d4 load address 0x10006ccc
                0x20000110                        __data_start__ = .
 *(vtable)
 *(.time_critical*)
 .time_critical.mutex_try_enter
                0x20000110       0x50 CMakeFiles/rp2350_app.dir/home/pkcubed/pico-sdk/src/common/pico_sync/mutex.c.o
                0x20000110                mutex_try_enter
 .time_critical.mutex_enter_block_until
                0x20000160       0x70 CMakeFiles/rp2350_app.dir/home/pkcubed/pico-sdk/src/common/pico_sync/mutex.c.o
                0x20000160                mutex_enter_block_until
 .time_critical.mutex_try_enter_block_until
                0x200001d0       0x6c CMakeFiles/rp2350_app.dir/home/pkcubed/pico-sdk/src/common/pico_sync/mutex.c.o
                0x200001d0                mutex_try_enter_block_until
 .time_critical.mutex_enter_timeout_ms
                0x2000023c       0x38 CMakeFiles/rp2350_app.dir/home/pkcubed/pico-sdk/src/common/pico_sync/mutex.c.o
                0x2000023c                mutex_enter_timeout_ms
 .time_critical.mutex_exit
                0x20000274       0x3c CMakeFiles/rp2350_app.dir/home/pkcubed/pico-sdk/src/common/pico_sync/mutex.c.o
                0x20000274                mutex_exit
 .time_critical.reset_non_control_endpoints
                0x200002b0       0x64 CMakeFiles/rp2350_app.dir/home/pkcubed/pico-sdk/lib/tinyusb/src/portable/raspberrypi/rp2040/dcd_rp2040.c.o
 .time_critical.hw_handle_buff_status
                0x20000314       0x94 CMakeFiles/rp2350_app.dir/home/pkcubed/pico-sdk/lib/tinyusb/src/portable/raspberrypi/rp2040/dcd_rp2040.c.o
 .time_critical.dcd_rp2040_irq
                0x200003a8      0x510 CMakeFiles/rp2350_app.dir/home/pkcubed/pico-sdk/lib/tinyusb/src/portable/raspberrypi/rp2040/dcd_rp2040.c.o
 .time_critical.prepare_ep_buffer
                0x200008b8       0xd0 CMakeFiles/rp2350_app.dir/home/pkcubed/pico-sdk/lib/tinyusb/src/portable/raspberrypi/rp2040/rp2040_usb.c.o
 .time_critical.sync_ep_buffer
                0x20000988       0xb8 CMakeFiles/rp2350_app.dir/home/pkcubed/pico-sdk/lib/tinyusb/src/portable/raspberrypi/rp2040/rp2040_usb.c.o
 .time_critical._hw_endpoint_xfer_sync
                0x20000a40       0x2c CMakeFiles/rp2350_app.dir/home/pkcubed/pico-sdk/lib/tinyusb/src/portable/raspberrypi/rp2040/rp2040_usb.c.o
 .time_critical.e15_is_bulkin_ep
                0x20000a6c       0x28 CMakeFiles/rp2350_app.dir/home/pkcubed/pico-sdk/lib/tinyusb/src/portable/raspberrypi/rp2040/rp2040_usb.c.o
 .time_critical.e15_is_critical_frame_period
                0x20000a94       0x28 CMakeFiles/rp2350_app.dir/home/pkcubed/pico-sdk/lib/tinyusb/src/portable/raspberrypi/rp2040/rp2040_usb.c.o
 .time_critical.hw_endpoint_reset_transfer
                0x20000abc        0xc CMakeFiles/rp2350_app.dir/home/pkcubed/pico-sdk/lib/tinyusb/src/portable/raspberrypi/rp2040/rp2040_usb.c.o
                0x20000abc                hw_endpoint_reset_transfer
 .time_critical._hw_endpoint_buffer_control_update32
                0x20000ac8       0x44 CMakeFiles/rp2350_app.dir/home/pkcubed/pico-sdk/lib/tinyusb/src/portable/raspberrypi/rp2040/rp2040_usb.c.o
                0x20000ac8                _hw_endpoint_buffer_control_update32
 .time_critical.hw_endpoint_start_next_buffer
                0x20000b0c       0x64 CMakeFiles/rp2350_app.dir/home/pkcubed/pico-sdk/lib/tinyusb/src/portable/raspberrypi/rp2040/rp2040_usb.c.o
                0x20000b0c                hw_endpoint_start_next_buffer
 .time_critical.hw_endpoint_xfer_continue
                0x20000b70       0x3c CMakeFiles/rp2350_app.dir/home/pkcubed/pico-sdk/lib/tinyusb/src/portable/raspberrypi/rp2040/rp2040_usb.c.o
                0x20000b70                hw_endpoint_xfer_continue
 .time_critical.tinyusb
                0x20000bac      0x224 CMakeFiles/rp2350_app.dir/home/pkcubed/pico-sdk/lib/tinyusb/src/device/usbd.c.o
                0x20000bac                dcd_event_handler
 *(.text*)
 .text          0x20000dd0       0x30 /usr/lib/gcc/arm-none-eabi/13.2.1/thumb/v8-m.main+fp/softfp/libgcc.a(_aeabi_uldivmod.o)
                0x20000dd0                __aeabi_uldivmod
 .text          0x20000e00      0x300 /usr/lib/gcc/arm-none-eabi/13.2.1/thumb/v8-m.main+fp/softfp/libgcc.a(_udivmoddi4.o)
                0x20000e00                __udivmoddi4
 .text          0x20001100        0x4 /usr/lib/gcc/arm-none-eabi/13.2.1/thumb/v8-m.main+fp/softfp/libgcc.a(_dvmd_tls.o)
                0x20001100                __aeabi_ldiv0
                0x20001100                __aeabi_idiv0
 *fill*         0x20001104        0x4 
 .text.__stub   0x20001108       0x30 linker stubs
                0x20001138                        . = ALIGN (0x4)
 *(.rodata*)
                0x20001138                        . = ALIGN (0x4)
 *(.data*)
 .data.striped_spin_lock_num
                0x20001138        0x1 CMakeFiles/rp2350_app.dir/home/pkcubed/pico-sdk/src/rp2_common/hardware_sync/sync.c.o
 *fill*         0x20001139        0x3 
 .data          0x2000113c       0x48 CMakeFiles/rp2350_app.dir/home/pkcubed/pico-sdk/src/rp2_common/hardware_irq/irq_handler_chain.S.o
                0x2000113c                irq_handler_chain_slots
                0x2000116c                irq_handler_chain_first_slot
                0x20001176                irq_handler_chain_remove_tail
 .data.default_alarm_pool
                0x20001184       0x18 CMakeFiles/rp2350_app.dir/home/pkcubed/pico-sdk/src/common/pico_time/time.c.o
 .data.stdio_usb
                0x2000119c       0x18 CMakeFiles/rp2350_app.dir/home/pkcubed/pico-sdk/src/rp2_common/pico_stdio_usb/stdio_usb.c.o
                0x2000119c                stdio_usb
 .data._usbd_qdef
                0x200011b4       0x1c CMakeFiles/rp2350_app.dir/home/pkcubed/pico-sdk/lib/tinyusb/src/device/usbd.c.o
                0x200011b4                _usbd_qdef
 .data._usbd_rhport
                0x200011d0        0x1 CMakeFiles/rp2350_app.dir/home/pkcubed/pico-sdk/lib/tinyusb/src/device/usbd.c.o
 *fill*         0x200011d1        0x3 
 .data.i2c0_inst
                0x200011d4        0x8 CMakeFiles/rp2350_app.dir/home/pkcubed/pico-sdk/src/rp2_common/hardware_i2c/i2c.c.o
                0x200011d4                i2c0_inst
 *(.sdata*)
                0x200011dc                        . = ALIGN (0x4)
 *(.after_data.*)
                0x200011dc                        . = ALIGN (0x4)
                0x200011dc                        PROVIDE (__mutex_array_start = .)
 *(SORT_BY_NAME(.mutex_array.*))
 *(.mutex_array)
 .mutex_array   0x200011dc        0x8 CMakeFiles/rp2350_app.dir/home/pkcubed/pico-sdk/src/rp2_common/pico_stdio/stdio.c.o
                0x200011e4                        PROVIDE (__mutex_array_end = .)
 *(.jcr)
                0x200011e4                        . = ALIGN (0x4)

.tm_clone_table
                0x200011e4        0x0 load address 0x10007da0
 .tm_clone_table
                0x200011e4        0x0 /usr/lib/gcc/arm-none-eabi/13.2.1/thumb/v8-m.main+fp/softfp/crtbegin.o
 .tm_clone_table
                0x200011e4        0x0 /usr/lib/gcc/arm-none-eabi/13.2.1/thumb/v8-m.main+fp/softfp/crtend.o

.igot.plt       0x200011e4        0x0 load address 0x10007da0
 .igot.plt      0x200011e4        0x0 /usr/lib/gcc/arm-none-eabi/13.2.1/thumb/v8-m.main+fp/softfp/crtbegin.o

.tdata          0x200011e4        0x0 load address 0x10007da0
                0x200011e4                        . = ALIGN (0x4)
 *(.tdata .tdata.* .gnu.linkonce.td.*)
                0x200011e4                        __tdata_end = .
                0x200011e4                        PROVIDE (__data_end__ = .)
                0x10006ccc                        __etext = LOADADDR (.data)

.tbss           0x200011e4        0x0 load address 0x10007da0
                0x200011e4                        . = ALIGN (0x4)
                0x200011e4                        __bss_start__ = .
                0x200011e4                        __tls_base = .
 *(.tbss .tbss.* .gnu.linkonce.tb.*)
 *(.tcommon)
                0x200011e4                        __tls_end = .

.bss            0x200011e8      0xdc0 load address 0x10007da0
                0x200011e8                        . = ALIGN (0x4)
                0x200011e8                        __tbss_end = .
 *(SORT_BY_ALIGNMENT(SORT_BY_NAME(.bss*)))
 .bss._cdcd_itf
                0x200011e8       0xc8 CMakeFiles/rp2350_app.dir/home/pkcubed/pico-sdk/lib/tinyusb/src/class/cdc/cdc_device.c.o
 .bss.default_alarm_pool_entries
                0x200012b0      0x180 CMakeFiles/rp2350_app.dir/home/pkcubed/pico-sdk/src/common/pico_time/time.c.o
 .bss.last_avail_time.1
                0x20001430        0x8 CMakeFiles/rp2350_app.dir/home/pkcubed/pico-sdk/src/rp2_common/pico_stdio_usb/stdio_usb.c.o
 .bss           0x20001438       0x1c /usr/lib/gcc/arm-none-eabi/13.2.1/thumb/v8-m.main+fp/softfp/crtbegin.o
 .bss           0x20001454      0x190 /usr/lib/gcc/arm-none-eabi/13.2.1/../../../arm-none-eabi/lib/thumb/v8-m.main+fp/softfp/libg.a(libc_a-__atexit.o)
                0x20001454                __atexit0
 .bss           0x200015e4        0x4 /usr/lib/gcc/arm-none-eabi/13.2.1/../../../arm-none-eabi/lib/thumb/v8-m.main+fp/softfp/libg.a(libc_a-__call_atexit.o)
                0x200015e4                __atexit
 .bss._app_driver
                0x200015e8        0x4 CMakeFiles/rp2350_app.dir/home/pkcubed/pico-sdk/lib/tinyusb/src/device/usbd.c.o
 .bss._cdcd_epbuf
                0x200015ec       0x80 CMakeFiles/rp2350_app.dir/home/pkcubed/pico-sdk/lib/tinyusb/src/class/cdc/cdc_device.c.o
 .bss._cdcd_fifo_cfg
                0x2000166c        0x1 CMakeFiles/rp2350_app.dir/home/pkcubed/pico-sdk/lib/tinyusb/src/class/cdc/cdc_device.c.o
 *fill*         0x2000166d        0x3 
 .bss._ctrl_epbuf
                0x20001670       0x40 CMakeFiles/rp2350_app.dir/home/pkcubed/pico-sdk/lib/tinyusb/src/device/usbd_control.c.o
 .bss._ctrl_xfer
                0x200016b0       0x14 CMakeFiles/rp2350_app.dir/home/pkcubed/pico-sdk/lib/tinyusb/src/device/usbd_control.c.o
 .bss._sw_spin_locks
                0x200016c4       0x20 CMakeFiles/rp2350_app.dir/home/pkcubed/pico-sdk/src/rp2_common/hardware_sync_spin_lock/sync_spin_lock.c.o
                0x200016c4                _sw_spin_locks
 .bss._tusb_rhport_role
                0x200016e4        0x2 CMakeFiles/rp2350_app.dir/home/pkcubed/pico-sdk/lib/tinyusb/src/tusb.c.o
                0x200016e4                _tusb_rhport_role
 *fill*         0x200016e6        0x2 
 .bss._ubsd_mutexdef
                0x200016e8        0x8 CMakeFiles/rp2350_app.dir/home/pkcubed/pico-sdk/lib/tinyusb/src/device/usbd.c.o
 .bss._usbd_dev
                0x200016f0       0x54 CMakeFiles/rp2350_app.dir/home/pkcubed/pico-sdk/lib/tinyusb/src/device/usbd.c.o
 .bss._usbd_mutex
                0x20001744        0x4 CMakeFiles/rp2350_app.dir/home/pkcubed/pico-sdk/lib/tinyusb/src/device/usbd.c.o
 .bss._usbd_q   0x20001748        0x4 CMakeFiles/rp2350_app.dir/home/pkcubed/pico-sdk/lib/tinyusb/src/device/usbd.c.o
 .bss._usbd_qdef_buf
                0x2000174c       0xc0 CMakeFiles/rp2350_app.dir/home/pkcubed/pico-sdk/lib/tinyusb/src/device/usbd.c.o
                0x2000174c                _usbd_qdef_buf
 .bss._vendord_epbuf
                0x2000180c       0x80 CMakeFiles/rp2350_app.dir/home/pkcubed/pico-sdk/lib/tinyusb/src/class/vendor/vendor_device.c.o
 .bss._vendord_itf
                0x2000188c      0x24c CMakeFiles/rp2350_app.dir/home/pkcubed/pico-sdk/lib/tinyusb/src/class/vendor/vendor_device.c.o
 .bss.chars_available_callback
                0x20001ad8        0x4 CMakeFiles/rp2350_app.dir/home/pkcubed/pico-sdk/src/rp2_common/pico_stdio_usb/stdio_usb.c.o
 .bss.chars_available_param
                0x20001adc        0x4 CMakeFiles/rp2350_app.dir/home/pkcubed/pico-sdk/src/rp2_common/pico_stdio_usb/stdio_usb.c.o
 .bss.claimed   0x20001ae0        0x4 CMakeFiles/rp2350_app.dir/home/pkcubed/pico-sdk/src/rp2_common/hardware_sync/sync.c.o
 .bss.claimed   0x20001ae4        0x2 CMakeFiles/rp2350_app.dir/home/pkcubed/pico-sdk/src/rp2_common/hardware_timer/timer.c.o
 *fill*         0x20001ae6        0x2 
 .bss.configured_freq
                0x20001ae8       0x28 CMakeFiles/rp2350_app.dir/home/pkcubed/pico-sdk/src/rp2_common/hardware_clocks/clocks.c.o
 .bss.desc_str.0
                0x20001b10       0x28 CMakeFiles/rp2350_app.dir/home/pkcubed/pico-sdk/src/rp2_common/pico_stdio_usb/stdio_usb_descriptors.c.o
 .bss.drivers   0x20001b38        0x4 CMakeFiles/rp2350_app.dir/home/pkcubed/pico-sdk/src/rp2_common/pico_stdio/stdio.c.o
 .bss.e15_last_sof
                0x20001b3c        0x4 CMakeFiles/rp2350_app.dir/home/pkcubed/pico-sdk/lib/tinyusb/src/portable/raspberrypi/rp2040/rp2040_usb.c.o
                0x20001b3c                e15_last_sof
 .bss.filter    0x20001b40        0x4 CMakeFiles/rp2350_app.dir/home/pkcubed/pico-sdk/src/rp2_common/pico_stdio/stdio.c.o
 .bss.hw_endpoints
                0x20001b44      0x400 CMakeFiles/rp2350_app.dir/home/pkcubed/pico-sdk/lib/tinyusb/src/portable/raspberrypi/rp2040/dcd_rp2040.c.o
 .bss.lazy_vsnprintf
                0x20001f44        0x4 CMakeFiles/rp2350_app.dir/home/pkcubed/pico-sdk/src/rp2_common/pico_printf/printf.c.o
 .bss.load_value
                0x20001f48        0x4 CMakeFiles/rp2350_app.dir/home/pkcubed/pico-sdk/src/rp2_common/hardware_watchdog/watchdog.c.o
 .bss.next_buffer_ptr
                0x20001f4c        0x4 CMakeFiles/rp2350_app.dir/home/pkcubed/pico-sdk/lib/tinyusb/src/portable/raspberrypi/rp2040/dcd_rp2040.c.o
 .bss.one_shot_timer_crit_sec
                0x20001f50        0x8 CMakeFiles/rp2350_app.dir/home/pkcubed/pico-sdk/src/rp2_common/pico_stdio_usb/stdio_usb.c.o
 .bss.pools     0x20001f58       0x20 CMakeFiles/rp2350_app.dir/home/pkcubed/pico-sdk/src/common/pico_time/time.c.o
 .bss.retrieved_id
                0x20001f78        0x8 CMakeFiles/rp2350_app.dir/home/pkcubed/pico-sdk/src/rp2_common/pico_unique_id/unique_id.c.o
 .bss.sleep_notifier
                0x20001f80        0x4 CMakeFiles/rp2350_app.dir/home/pkcubed/pico-sdk/src/common/pico_time/time.c.o
 .bss.stdio_usb_mutex
                0x20001f84        0x8 CMakeFiles/rp2350_app.dir/home/pkcubed/pico-sdk/src/rp2_common/pico_stdio_usb/stdio_usb.c.o
 .bss.usbd_serial_str
                0x20001f8c       0x11 CMakeFiles/rp2350_app.dir/home/pkcubed/pico-sdk/src/rp2_common/pico_stdio_usb/stdio_usb_descriptors.c.o
 .bss._app_driver_count
                0x20001f9d        0x1 CMakeFiles/rp2350_app.dir/home/pkcubed/pico-sdk/lib/tinyusb/src/device/usbd.c.o
 .bss._sof_enable
                0x20001f9e        0x1 CMakeFiles/rp2350_app.dir/home/pkcubed/pico-sdk/lib/tinyusb/src/portable/raspberrypi/rp2040/dcd_rp2040.c.o
 .bss._usbd_queued_setup
                0x20001f9f        0x1 CMakeFiles/rp2350_app.dir/home/pkcubed/pico-sdk/lib/tinyusb/src/device/usbd.c.o
 .bss.irq_handler_chain_free_slot_head
                0x20001fa0        0x1 CMakeFiles/rp2350_app.dir/home/pkcubed/pico-sdk/src/rp2_common/hardware_irq/irq.c.o
 .bss.itf_num   0x20001fa1        0x1 CMakeFiles/rp2350_app.dir/home/pkcubed/pico-sdk/src/rp2_common/pico_stdio_usb/reset_interface.c.o
 .bss.low_priority_irq_num
                0x20001fa2        0x1 CMakeFiles/rp2350_app.dir/home/pkcubed/pico-sdk/src/rp2_common/pico_stdio_usb/stdio_usb.c.o
 .bss.one_shot_timer_pending
                0x20001fa3        0x1 CMakeFiles/rp2350_app.dir/home/pkcubed/pico-sdk/src/rp2_common/pico_stdio_usb/stdio_usb.c.o
 .bss.user_irq_claimed
                0x20001fa4        0x1 CMakeFiles/rp2350_app.dir/home/pkcubed/pico-sdk/src/rp2_common/hardware_irq/irq.c.o
 *(COMMON)
                [!provide]                        PROVIDE (__global_pointer$ = (. + 0x800))
 *(.sbss*)
                0x20001fa8                        . = ALIGN (0x4)
 *fill*         0x20001fa5        0x3 
                0x20001fa8                        __bss_end__ = .

.heap           0x20001fa8      0x800 load address 0x10007da0
                0x20001fa8                        __end__ = .
                0x20001fa8                        end = __end__
 *(.heap*)
 .heap          0x20001fa8      0x800 CMakeFiles/rp2350_app.dir/home/pkcubed/pico-sdk/src/rp2_common/pico_crt0/crt0.S.o
                0x20080000                        __HeapLimit = (ORIGIN (RAM) + LENGTH (RAM))

.scratch_x      0x20080000        0x0 load address 0x10007da0
                0x20080000                        __scratch_x_start__ = .
 *(.scratch_x.*)
                0x20080000                        . = ALIGN (0x4)
                0x20080000                        __scratch_x_end__ = .
                0x10007da0                        __scratch_x_source__ = LOADADDR (.scratch_x)

.scratch_y      0x20081000        0x0 load address 0x10007da0
                0x20081000                        __scratch_y_start__ = .
 *(.scratch_y.*)
                0x20081000                        . = ALIGN (0x4)
                0x20081000                        __scratch_y_end__ = .
                0x10007da0                        __scratch_y_source__ = LOADADDR (.scratch_y)

.stack1_dummy
 *(.stack1*)

.stack_dummy    0x20081000      0x800
 *(.stack*)
 .stack         0x20081000      0x800 CMakeFiles/rp2350_app.dir/home/pkcubed/pico-sdk/src/rp2_common/pico_crt0/crt0.S.o

.flash_end      0x10007da0       0x14
 *(.embedded_end_block*)
 .embedded_end_block
                0x10007da0       0x14 CMakeFiles/rp2350_app.dir/home/pkcubed/pico-sdk/src/rp2_common/pico_crt0/crt0.S.o
                0x10007db4                        PROVIDE (__flash_binary_end = .)
                0x20080000                        __StackLimit = (ORIGIN (RAM) + LENGTH (RAM))
                0x20081000                        __StackOneTop = (ORIGIN (SCRATCH_X) + LENGTH (SCRATCH_X))
                0x20082000                        __StackTop = (ORIGIN (SCRATCH_Y) + LENGTH (SCRATCH_Y))
                0x20081000                        __StackOneBottom = (__StackOneTop - SIZEOF (.stack1_dummy))
                0x20081800                        __StackBottom = (__StackTop - SIZEOF (.stack_dummy))
                0x20082000                        PROVIDE (__stack = __StackTop)
                [!provide]                        PROVIDE (__heap_start = __end__)
                [!provide]                        PROVIDE (__heap_end = __HeapLimit)
                [!provide]                        PROVIDE (__tls_align = MAX (ALIGNOF (.tdata), ALIGNOF (.tbss)))
                [!provide]                        PROVIDE (__tls_size_align = (((__tls_size + __tls_align) - 0x1) & ~ ((__tls_align - 0x1))))
                [!provide]                        PROVIDE (__arm32_tls_tcb_offset = MAX (0x8, __tls_align))
                [!provide]                        PROVIDE (_end = __end__)
                [!provide]                        PROVIDE (__llvm_libc_heap_limit = __HeapLimit)
                0x00000001                        ASSERT ((__StackLimit >= __HeapLimit), region RAM overflowed)
                0x00000001                        ASSERT (((__binary_info_header_end - __logical_binary_start) <= 0x400), Binary info must be in first 1024 bytes of the binary)
                0x00000001                        ASSERT (((__embedded_block_end - __logical_binary_start) <= 0x1000), Embedded block must be in first 4096 bytes of the binary)
LOAD CMakeFiles/rp2350_app.dir/src/main.c.o
LOAD CMakeFiles/rp2350_app.dir/src/si5351.c.o
LOAD CMakeFiles/rp2350_app.dir/home/pkcubed/pico-sdk/src/rp2_common/pico_stdlib/stdlib.c.o
LOAD CMakeFiles/rp2350_app.dir/home/pkcubed/pico-sdk/src/rp2_common/hardware_gpio/gpio.c.o
LOAD CMakeFiles/rp2350_app.dir/home/pkcubed/pico-sdk/src/rp2350/pico_platform/platform.c.o
LOAD CMakeFiles/rp2350_app.dir/home/pkcubed/pico-sdk/src/rp2_common/pico_platform_common/common.c.o
LOAD CMakeFiles/rp2350_app.dir/home/pkcubed/pico-sdk/src/rp2_common/pico_platform_panic/panic.c.o
LOAD CMakeFiles/rp2350_app.dir/home/pkcubed/pico-sdk/src/common/hardware_claim/claim.c.o
LOAD CMakeFiles/rp2350_app.dir/home/pkcubed/pico-sdk/src/rp2_common/hardware_sync/sync.c.o
LOAD CMakeFiles/rp2350_app.dir/home/pkcubed/pico-sdk/src/rp2_common/hardware_sync_spin_lock/sync_spin_lock.c.o
LOAD CMakeFiles/rp2350_app.dir/home/pkcubed/pico-sdk/src/rp2_common/hardware_irq/irq.c.o
LOAD CMakeFiles/rp2350_app.dir/home/pkcubed/pico-sdk/src/rp2_common/hardware_irq/irq_handler_chain.S.o
LOAD CMakeFiles/rp2350_app.dir/home/pkcubed/pico-sdk/src/common/pico_sync/sem.c.o
LOAD CMakeFiles/rp2350_app.dir/home/pkcubed/pico-sdk/src/common/pico_sync/lock_core.c.o
LOAD CMakeFiles/rp2350_app.dir/home/pkcubed/pico-sdk/src/common/pico_sync/mutex.c.o
LOAD CMakeFiles/rp2350_app.dir/home/pkcubed/pico-sdk/src/common/pico_sync/critical_section.c.o
LOAD CMakeFiles/rp2350_app.dir/home/pkcubed/pico-sdk/src/common/pico_time/time.c.o
LOAD CMakeFiles/rp2350_app.dir/home/pkcubed/pico-sdk/src/common/pico_time/timeout_helper.c.o
LOAD CMakeFiles/rp2350_app.dir/home/pkcubed/pico-sdk/src/rp2_common/hardware_timer/timer.c.o
LOAD CMakeFiles/rp2350_app.dir/home/pkcubed/pico-sdk/src/common/pico_util/datetime.c.o
LOAD CMakeFiles/rp2350_app.dir/home/pkcubed/pico-sdk/src/common/pico_util/pheap.c.o
LOAD CMakeFiles/rp2350_app.dir/home/pkcubed/pico-sdk/src/common/pico_util/queue.c.o
LOAD CMakeFiles/rp2350_app.dir/home/pkcubed/pico-sdk/src/rp2_common/hardware_uart/uart.c.o
LOAD CMakeFiles/rp2350_app.dir/home/pkcubed/pico-sdk/src/rp2_common/hardware_clocks/clocks.c.o
LOAD CMakeFiles/rp2350_app.dir/home/pkcubed/pico-sdk/src/rp2_common/hardware_pll/pll.c.o
LOAD CMakeFiles/rp2350_app.dir/home/pkcubed/pico-sdk/src/rp2_common/hardware_vreg/vreg.c.o
LOAD CMakeFiles/rp2350_app.dir/home/pkcubed/pico-sdk/src/rp2_common/hardware_watchdog/watchdog.c.o
LOAD CMakeFiles/rp2350_app.dir/home/pkcubed/pico-sdk/src/rp2_common/hardware_ticks/ticks.c.o
LOAD CMakeFiles/rp2350_app.dir/home/pkcubed/pico-sdk/src/rp2_common/pico_bootrom/bootrom.c.o
LOAD CMakeFiles/rp2350_app.dir/home/pkcubed/pico-sdk/src/rp2_common/pico_bootrom/bootrom_lock.c.o
LOAD CMakeFiles/rp2350_app.dir/home/pkcubed/pico-sdk/src/rp2_common/hardware_boot_lock/boot_lock.c.o
LOAD CMakeFiles/rp2350_app.dir/home/pkcubed/pico-sdk/src/rp2_common/pico_flash/flash.c.o
LOAD CMakeFiles/rp2350_app.dir/home/pkcubed/pico-sdk/src/rp2_common/hardware_xosc/xosc.c.o
LOAD CMakeFiles/rp2350_app.dir/home/pkcubed/pico-sdk/src/rp2_common/hardware_divider/divider.c.o
LOAD CMakeFiles/rp2350_app.dir/home/pkcubed/pico-sdk/src/rp2_common/pico_runtime/runtime.c.o
LOAD CMakeFiles/rp2350_app.dir/home/pkcubed/pico-sdk/src/rp2_common/pico_runtime_init/runtime_init.c.o
LOAD CMakeFiles/rp2350_app.dir/home/pkcubed/pico-sdk/src/rp2_common/pico_runtime_init/runtime_init_clocks.c.o
LOAD CMakeFiles/rp2350_app.dir/home/pkcubed/pico-sdk/src/rp2_common/pico_runtime_init/runtime_init_stack_guard.c.o
LOAD CMakeFiles/rp2350_app.dir/home/pkcubed/pico-sdk/src/rp2_common/pico_bit_ops/bit_ops_aeabi.S.o
LOAD CMakeFiles/rp2350_app.dir/home/pkcubed/pico-sdk/src/rp2_common/pico_divider/divider_compiler.c.o
LOAD CMakeFiles/rp2350_app.dir/home/pkcubed/pico-sdk/src/rp2_common/pico_double/double_math.c.o
LOAD CMakeFiles/rp2350_app.dir/home/pkcubed/pico-sdk/src/rp2_common/pico_double/double_aeabi_dcp.S.o
LOAD CMakeFiles/rp2350_app.dir/home/pkcubed/pico-sdk/src/rp2_common/pico_double/double_fma_dcp.S.o
LOAD CMakeFiles/rp2350_app.dir/home/pkcubed/pico-sdk/src/rp2_common/pico_double/double_sci_m33.S.o
LOAD CMakeFiles/rp2350_app.dir/home/pkcubed/pico-sdk/src/rp2_common/pico_double/double_conv_m33.S.o
LOAD CMakeFiles/rp2350_app.dir/home/pkcubed/pico-sdk/src/rp2_common/pico_float/float_math.c.o
LOAD CMakeFiles/rp2350_app.dir/home/pkcubed/pico-sdk/src/rp2_common/pico_float/float_conv32_vfp.S.o
LOAD CMakeFiles/rp2350_app.dir/home/pkcubed/pico-sdk/src/rp2_common/pico_float/float_common_m33.S.o
LOAD CMakeFiles/rp2350_app.dir/home/pkcubed/pico-sdk/src/rp2_common/pico_float/float_sci_m33_vfp.S.o
LOAD CMakeFiles/rp2350_app.dir/home/pkcubed/pico-sdk/src/rp2_common/pico_malloc/malloc.c.o
LOAD CMakeFiles/rp2350_app.dir/home/pkcubed/pico-sdk/src/rp2_common/pico_atomic/atomic.c.o
LOAD CMakeFiles/rp2350_app.dir/home/pkcubed/pico-sdk/src/rp2_common/pico_cxx_options/new_delete.cpp.o
LOAD CMakeFiles/rp2350_app.dir/home/pkcubed/pico-sdk/src/rp2_common/pico_standard_binary_info/standard_binary_info.c.o
LOAD CMakeFiles/rp2350_app.dir/home/pkcubed/pico-sdk/src/rp2_common/pico_printf/printf.c.o
LOAD CMakeFiles/rp2350_app.dir/home/pkcubed/pico-sdk/src/rp2_common/pico_crt0/crt0.S.o
LOAD CMakeFiles/rp2350_app.dir/home/pkcubed/pico-sdk/src/rp2_common/pico_clib_interface/newlib_interface.c.o
LOAD CMakeFiles/rp2350_app.dir/home/pkcubed/pico-sdk/src/rp2_common/pico_stdio/stdio.c.o
LOAD CMakeFiles/rp2350_app.dir/home/pkcubed/pico-sdk/src/rp2_common/pico_stdio_usb/reset_interface.c.o
LOAD CMakeFiles/rp2350_app.dir/home/pkcubed/pico-sdk/src/rp2_common/pico_stdio_usb/stdio_usb.c.o
LOAD CMakeFiles/rp2350_app.dir/home/pkcubed/pico-sdk/src/rp2_common/pico_stdio_usb/stdio_usb_descriptors.c.o
LOAD CMakeFiles/rp2350_app.dir/home/pkcubed/pico-sdk/src/rp2_common/pico_unique_id/unique_id.c.o
LOAD CMakeFiles/rp2350_app.dir/home/pkcubed/pico-sdk/src/rp2_common/hardware_flash/flash.c.o
LOAD CMakeFiles/rp2350_app.dir/home/pkcubed/pico-sdk/src/rp2_common/hardware_xip_cache/xip_cache.c.o
LOAD CMakeFiles/rp2350_app.dir/home/pkcubed/pico-sdk/lib/tinyusb/src/portable/raspberrypi/rp2040/dcd_rp2040.c.o
LOAD CMakeFiles/rp2350_app.dir/home/pkcubed/pico-sdk/lib/tinyusb/src/portable/raspberrypi/rp2040/rp2040_usb.c.o
LOAD CMakeFiles/rp2350_app.dir/home/pkcubed/pico-sdk/lib/tinyusb/src/device/usbd.c.o
LOAD CMakeFiles/rp2350_app.dir/home/pkcubed/pico-sdk/lib/tinyusb/src/device/usbd_control.c.o
LOAD CMakeFiles/rp2350_app.dir/home/pkcubed/pico-sdk/lib/tinyusb/src/class/audio/audio_device.c.o
LOAD CMakeFiles/rp2350_app.dir/home/pkcubed/pico-sdk/lib/tinyusb/src/class/cdc/cdc_device.c.o
LOAD CMakeFiles/rp2350_app.dir/home/pkcubed/pico-sdk/lib/tinyusb/src/class/dfu/dfu_device.c.o
LOAD CMakeFiles/rp2350_app.dir/home/pkcubed/pico-sdk/lib/tinyusb/src/class/dfu/dfu_rt_device.c.o
LOAD CMakeFiles/rp2350_app.dir/home/pkcubed/pico-sdk/lib/tinyusb/src/class/hid/hid_device.c.o
LOAD CMakeFiles/rp2350_app.dir/home/pkcubed/pico-sdk/lib/tinyusb/src/class/midi/midi_device.c.o
LOAD CMakeFiles/rp2350_app.dir/home/pkcubed/pico-sdk/lib/tinyusb/src/class/msc/msc_device.c.o
LOAD CMakeFiles/rp2350_app.dir/home/pkcubed/pico-sdk/lib/tinyusb/src/class/net/ecm_rndis_device.c.o
LOAD CMakeFiles/rp2350_app.dir/home/pkcubed/pico-sdk/lib/tinyusb/src/class/net/ncm_device.c.o
LOAD CMakeFiles/rp2350_app.dir/home/pkcubed/pico-sdk/lib/tinyusb/src/class/usbtmc/usbtmc_device.c.o
LOAD CMakeFiles/rp2350_app.dir/home/pkcubed/pico-sdk/lib/tinyusb/src/class/vendor/vendor_device.c.o
LOAD CMakeFiles/rp2350_app.dir/home/pkcubed/pico-sdk/lib/tinyusb/src/class/video/video_device.c.o
LOAD CMakeFiles/rp2350_app.dir/home/pkcubed/pico-sdk/lib/tinyusb/src/tusb.c.o
LOAD CMakeFiles/rp2350_app.dir/home/pkcubed/pico-sdk/lib/tinyusb/src/common/tusb_fifo.c.o
LOAD CMakeFiles/rp2350_app.dir/home/pkcubed/pico-sdk/src/rp2_common/pico_fix/rp2040_usb_device_enumeration/rp2040_usb_device_enumeration.c.o
LOAD CMakeFiles/rp2350_app.dir/home/pkcubed/pico-sdk/src/rp2_common/hardware_i2c/i2c.c.o
LOAD pico-sdk/src/rp2350/boot_stage2/CMakeFiles/bs2_default_library.dir/bs2_default_padded_checksummed.S.o
LOAD /usr/lib/gcc/arm-none-eabi/13.2.1/../../../arm-none-eabi/lib/thumb/v8-m.main+fp/softfp/libstdc++.a
LOAD /usr/lib/gcc/arm-none-eabi/13.2.1/../../../arm-none-eabi/lib/thumb/v8-m.main+fp/softfp/libm.a
START GROUP
LOAD /usr/lib/gcc/arm-none-eabi/13.2.1/thumb/v8-m.main+fp/softfp/libgcc.a
LOAD /usr/lib/gcc/arm-none-eabi/13.2.1/../../../arm-none-eabi/lib/thumb/v8-m.main+fp/softfp/libg.a
LOAD /usr/lib/gcc/arm-none-eabi/13.2.1/../../../arm-none-eabi/lib/thumb/v8-m.main+fp/softfp/libc.a
END GROUP
START GROUP
LOAD /usr/lib/gcc/arm-none-eabi/13.2.1/thumb/v8-m.main+fp/softfp/libgcc.a
LOAD /usr/lib/gcc/arm-none-eabi/13.2.1/../../../arm-none-eabi/lib/thumb/v8-m.main+fp/softfp/libc.a
LOAD /usr/lib/gcc/arm-none-eabi/13.2.1/../../../arm-none-eabi/lib/thumb/v8-m.main+fp/softfp/libnosys.a
END GROUP
LOAD /usr/lib/gcc/arm-none-eabi/13.2.1/thumb/v8-m.main+fp/softfp/crtend.o
LOAD /usr/lib/gcc/arm-none-eabi/13.2.1/thumb/v8-m.main+fp/softfp/crtn.o
OUTPUT(rp2350_app.elf elf32-littlearm)
LOAD linker stubs

.rel.dyn        0x10007db4        0x0
 .rel.iplt      0x10007db4        0x0 /usr/lib/gcc/arm-none-eabi/13.2.1/thumb/v8-m.main+fp/softfp/crtbegin.o

.ARM.attributes
                0x00000000       0x34
 .ARM.attributes
                0x00000000       0x26 /usr/lib/gcc/arm-none-eabi/13.2.1/thumb/v8-m.main+fp/softfp/crti.o
 .ARM.attributes
                0x00000026       0x36 /usr/lib/gcc/arm-none-eabi/13.2.1/thumb/v8-m.main+fp/softfp/crtbegin.o
 .ARM.attributes
                0x0000005c       0x38 CMakeFiles/rp2350_app.dir/src/main.c.o
 .ARM.attributes
                0x00000094       0x38 CMakeFiles/rp2350_app.dir/src/si5351.c.o
 .ARM.attributes
                0x000000cc       0x38 CMakeFiles/rp2350_app.dir/home/pkcubed/pico-sdk/src/rp2_common/hardware_gpio/gpio.c.o
 .ARM.attributes
                0x00000104       0x38 CMakeFiles/rp2350_app.dir/home/pkcubed/pico-sdk/src/rp2_common/pico_platform_panic/panic.c.o
 .ARM.attributes
                0x0000013c       0x38 CMakeFiles/rp2350_app.dir/home/pkcubed/pico-sdk/src/common/hardware_claim/claim.c.o
 .ARM.attributes
                0x00000174       0x38 CMakeFiles/rp2350_app.dir/home/pkcubed/pico-sdk/src/rp2_common/hardware_sync/sync.c.o
 .ARM.attributes
                0x000001ac       0x38 CMakeFiles/rp2350_app.dir/home/pkcubed/pico-sdk/src/rp2_common/hardware_sync_spin_lock/sync_spin_lock.c.o
 .ARM.attributes
                0x000001e4       0x38 CMakeFiles/rp2350_app.dir/home/pkcubed/pico-sdk/src/rp2_common/hardware_irq/irq.c.o
 .ARM.attributes
                0x0000021c       0x28 CMakeFiles/rp2350_app.dir/home/pkcubed/pico-sdk/src/rp2_common/hardware_irq/irq_handler_chain.S.o
 .ARM.attributes
                0x00000244       0x38 CMakeFiles/rp2350_app.dir/home/pkcubed/pico-sdk/src/common/pico_sync/lock_core.c.o
 .ARM.attributes
                0x0000027c       0x38 CMakeFiles/rp2350_app.dir/home/pkcubed/pico-sdk/src/common/pico_sync/mutex.c.o
 .ARM.attributes
                0x000002b4       0x38 CMakeFiles/rp2350_app.dir/home/pkcubed/pico-sdk/src/common/pico_sync/critical_section.c.o
 .ARM.attributes
                0x000002ec       0x38 CMakeFiles/rp2350_app.dir/home/pkcubed/pico-sdk/src/common/pico_time/time.c.o
 .ARM.attributes
                0x00000324       0x38 CMakeFiles/rp2350_app.dir/home/pkcubed/pico-sdk/src/rp2_common/hardware_timer/timer.c.o
 .ARM.attributes
                0x0000035c       0x38 CMakeFiles/rp2350_app.dir/home/pkcubed/pico-sdk/src/rp2_common/hardware_clocks/clocks.c.o
 .ARM.attributes
                0x00000394       0x38 CMakeFiles/rp2350_app.dir/home/pkcubed/pico-sdk/src/rp2_common/hardware_pll/pll.c.o
 .ARM.attributes
                0x000003cc       0x38 CMakeFiles/rp2350_app.dir/home/pkcubed/pico-sdk/src/rp2_common/hardware_watchdog/watchdog.c.o
 .ARM.attributes
                0x00000404       0x38 CMakeFiles/rp2350_app.dir/home/pkcubed/pico-sdk/src/rp2_common/hardware_ticks/ticks.c.o
 .ARM.attributes
                0x0000043c       0x38 CMakeFiles/rp2350_app.dir/home/pkcubed/pico-sdk/src/rp2_common/pico_bootrom/bootrom.c.o
 .ARM.attributes