Archive member included to satisfy reference by file (symbol)

/usr/lib/gcc/arm-none-eabi/13.2.1/../../../arm-none-eabi/lib/thumb/v8-m.main+fp/softfp/libm.a(libm_a-wf_sqrt.o)
                              CMakeFiles/pico_rmii_ethernet_lwiperf.dir/home/pkcubed/pico-sdk/src/rp2_common/pico_float/float_math.c.o (sqrtf)
/usr/lib/gcc/arm-none-eabi/13.2.1/../../../arm-none-eabi/lib/thumb/v8-m.main+fp/softfp/libm.a(libm_a-ef_sqrt.o)
                              /usr/lib/gcc/arm-none-eabi/13.2.1/../../../arm-none-eabi/lib/thumb/v8-m.main+fp/softfp/libm.a(libm_a-wf_sqrt.o) (__ieee754_sqrtf)
/usr/lib/gcc/arm-none-eabi/13.2.1/thumb/v8-m.main+fp/softfp/libgcc.a(_arm_addsubdf3.o)
                              CMakeFiles/pico_rmii_ethernet_lwiperf.dir/home/pkcubed/pico-sdk/src/rp2_common/pico_float/float_math.c.o (__aeabi_f2d)
/usr/lib/gcc/arm-none-eabi/13.2.1/thumb/v8-m.main+fp/softfp/libgcc.a(_aeabi_ldivmod.o)
                              CMakeFiles/pico_rmii_ethernet_lwiperf.dir/home/pkcubed/pico-sdk/src/common/pico_time/time.c.o (__aeabi_ldivmod)
/usr/lib/gcc/arm-none-eabi/13.2.1/thumb/v8-m.main+fp/softfp/libgcc.a(_aeabi_uldivmod.o)
                              CMakeFiles/pico_rmii_ethernet_lwiperf.dir/home/pkcubed/pico-sdk/src/rp2_common/hardware_clocks/clocks.c.o (__aeabi_uldivmod)
/usr/lib/gcc/arm-none-eabi/13.2.1/thumb/v8-m.main+fp/softfp/libgcc.a(_udivmoddi4.o)
                              /usr/lib/gcc/arm-none-eabi/13.2.1/thumb/v8-m.main+fp/softfp/libgcc.a(_aeabi_ldivmod.o) (__udivmoddi4)
/usr/lib/gcc/arm-none-eabi/13.2.1/thumb/v8-m.main+fp/softfp/libgcc.a(_dvmd_tls.o)
                              /usr/lib/gcc/arm-none-eabi/13.2.1/thumb/v8-m.main+fp/softfp/libgcc.a(_aeabi_ldivmod.o) (__aeabi_ldiv0)
/usr/lib/gcc/arm-none-eabi/13.2.1/../../../arm-none-eabi/lib/thumb/v8-m.main+fp/softfp/libg.a(libc_a-memset.o)
                              /usr/lib/gcc/arm-none-eabi/13.2.1/../../../arm-none-eabi/lib/thumb/v8-m.main+fp/softfp/crt0.o (memset)
/usr/lib/gcc/arm-none-eabi/13.2.1/../../../arm-none-eabi/lib/thumb/v8-m.main+fp/softfp/libg.a(libc_a-strchr.o)
                              CMakeFiles/pico_rmii_ethernet_lwiperf.dir/home/pkcubed/pico-sdk/lib/lwip/src/apps/http/httpd.c.o (strchr)
/usr/lib/gcc/arm-none-eabi/13.2.1/../../../arm-none-eabi/lib/thumb/v8-m.main+fp/softfp/libg.a(libc_a-strcmp.o)
                              CMakeFiles/pico_rmii_ethernet_lwiperf.dir/home/pkcubed/pico-sdk/lib/lwip/src/apps/http/fs.c.o (strcmp)
/usr/lib/gcc/arm-none-eabi/13.2.1/../../../arm-none-eabi/lib/thumb/v8-m.main+fp/softfp/libg.a(libc_a-strncmp.o)
                              CMakeFiles/pico_rmii_ethernet_lwiperf.dir/home/pkcubed/pico-sdk/lib/lwip/src/core/def.c.o (strncmp)
/usr/lib/gcc/arm-none-eabi/13.2.1/../../../arm-none-eabi/lib/thumb/v8-m.main+fp/softfp/libg.a(libc_a-memmove.o)
                              CMakeFiles/pico_rmii_ethernet_lwiperf.dir/home/pkcubed/pico-sdk/lib/lwip/src/core/def.c.o (memmove)
/usr/lib/gcc/arm-none-eabi/13.2.1/../../../arm-none-eabi/lib/thumb/v8-m.main+fp/softfp/libg.a(libc_a-calloc.o)
                              CMakeFiles/pico_rmii_ethernet_lwiperf.dir/home/pkcubed/pico-sdk/src/rp2_common/pico_malloc/malloc.c.o (calloc)
/usr/lib/gcc/arm-none-eabi/13.2.1/../../../arm-none-eabi/lib/thumb/v8-m.main+fp/softfp/libg.a(libc_a-errno.o)
                              /usr/lib/gcc/arm-none-eabi/13.2.1/../../../arm-none-eabi/lib/thumb/v8-m.main+fp/softfp/libm.a(libm_a-wf_sqrt.o) (__errno)
/usr/lib/gcc/arm-none-eabi/13.2.1/../../../arm-none-eabi/lib/thumb/v8-m.main+fp/softfp/libg.a(libc_a-impure.o)
                              /usr/lib/gcc/arm-none-eabi/13.2.1/../../../arm-none-eabi/lib/thumb/v8-m.main+fp/softfp/libg.a(libc_a-calloc.o) (_impure_ptr)
/usr/lib/gcc/arm-none-eabi/13.2.1/../../../arm-none-eabi/lib/thumb/v8-m.main+fp/softfp/libg.a(libc_a-callocr.o)
                              /usr/lib/gcc/arm-none-eabi/13.2.1/../../../arm-none-eabi/lib/thumb/v8-m.main+fp/softfp/libg.a(libc_a-calloc.o) (_calloc_r)
/usr/lib/gcc/arm-none-eabi/13.2.1/../../../arm-none-eabi/lib/thumb/v8-m.main+fp/softfp/libg.a(libc_a-realloc.o)
                              CMakeFiles/pico_rmii_ethernet_lwiperf.dir/home/pkcubed/pico-sdk/src/rp2_common/pico_malloc/malloc.c.o (realloc)
/usr/lib/gcc/arm-none-eabi/13.2.1/../../../arm-none-eabi/lib/thumb/v8-m.main+fp/softfp/libg.a(libc_a-mallocr.o)
                              /usr/lib/gcc/arm-none-eabi/13.2.1/../../../arm-none-eabi/lib/thumb/v8-m.main+fp/softfp/libg.a(libc_a-callocr.o) (_malloc_r)
/usr/lib/gcc/arm-none-eabi/13.2.1/../../../arm-none-eabi/lib/thumb/v8-m.main+fp/softfp/libg.a(libc_a-freer.o)
                              /usr/lib/gcc/arm-none-eabi/13.2.1/../../../arm-none-eabi/lib/thumb/v8-m.main+fp/softfp/libg.a(libc_a-mallocr.o) (_free_r)
/usr/lib/gcc/arm-none-eabi/13.2.1/../../../arm-none-eabi/lib/thumb/v8-m.main+fp/softfp/libg.a(libc_a-memcmp.o)
[...]
Memory Configuration

Name             Origin             Length             Attributes
FLASH            0x10000000         0x00400000         xr
RAM              0x20000000         0x00080000         xrw
SCRATCH_X        0x20080000         0x00001000         xrw
SCRATCH_Y        0x20081000         0x00001000         xrw
*default*        0x00000000         0xffffffff

Linker script and memory map

LOAD /usr/lib/gcc/arm-none-eabi/13.2.1/thumb/v8-m.main+fp/softfp/crti.o
LOAD /usr/lib/gcc/arm-none-eabi/13.2.1/thumb/v8-m.main+fp/softfp/crtbegin.o
LOAD /usr/lib/gcc/arm-none-eabi/13.2.1/../../../arm-none-eabi/lib/thumb/v8-m.main+fp/softfp/crt0.o

.flash_begin    0x10000000        0x0
                0x10000000                        __flash_binary_start = .

.text           0x10000000    0x11bb4
                0x10000000                        __logical_binary_start = .
 *(.vectors)
 .vectors       0x10000000      0x124 CMakeFiles/pico_rmii_ethernet_lwiperf.dir/home/pkcubed/pico-sdk/src/rp2_common/pico_crt0/crt0.S.o
                0x10000000                __vectors
                0x10000000                __VECTOR_TABLE
                0x10000110                isr_securefault
                0x10000110                isr_irq30
                0x10000110                __unhandled_user_irq
                0x10000110                isr_irq49
                0x10000110                isr_irq13
                0x10000110                isr_irq43
                0x10000110                isr_irq45
                0x10000110                isr_irq27
                0x10000110                isr_irq32
                0x10000110                isr_irq31
                0x10000110                isr_irq5
                0x10000110                isr_irq11
                0x10000110                isr_irq23
                0x10000110                isr_usagefault
                0x10000110                isr_irq48
                0x10000110                isr_irq35
                0x10000110                isr_irq18
                0x10000110                isr_irq50
                0x10000110                isr_irq40
                0x10000110                isr_irq28
                0x10000110                isr_irq19
                0x10000110                isr_irq36
                0x10000110                isr_irq41
                0x10000110                isr_irq0
                0x10000110                isr_irq6
                0x10000110                isr_memmanage
                0x10000110                isr_irq37
                0x10000110                isr_irq42
                0x10000110                isr_irq22
                0x10000110                isr_irq17
                0x10000110                isr_irq38
                0x10000110                isr_irq14
                0x10000110                __vectors_end
                0x10000110                __default_isrs_start
                0x10000110                isr_irq2
                0x10000110                isr_irq10
                0x10000110                isr_irq8
                0x10000110                isr_debugmonitor
                0x10000110                isr_irq24
                0x10000110                isr_irq46
                0x10000110                isr_irq1
                0x10000110                isr_irq47
                0x10000110                isr_irq51
                0x10000110                isr_irq7
                0x10000110                isr_irq21
                0x10000110                isr_irq39
                0x10000110                isr_irq20
                0x10000110                isr_irq15
                0x10000110                isr_irq25
                0x10000110                isr_irq34
                0x10000110                isr_irq4
                0x10000110                isr_busfault
                0x10000110                isr_irq16
                0x10000110                isr_irq44
                0x10000110                isr_irq29
                0x10000110                isr_irq26
                0x10000110                isr_irq33
                0x10000110                isr_irq3
                0x10000110                isr_irq12
                0x10000110                isr_irq9
                0x10000116                unhandled_user_irq_num_in_r0
                0x10000118                isr_invalid
                0x1000011a                isr_nmi
                0x1000011c                isr_hardfault
                0x1000011e                isr_svcall
                0x10000120                isr_pendsv
                0x10000122                isr_systick
                0x10000124                __default_isrs_end
 *(.binary_info_header)
 .binary_info_header
                0x10000124       0x14 CMakeFiles/pico_rmii_ethernet_lwiperf.dir/home/pkcubed/pico-sdk/src/rp2_common/pico_crt0/crt0.S.o
                0x10000138                        __binary_info_header_end = .
 *(.embedded_block)
 .embedded_block
                0x10000138       0x14 CMakeFiles/pico_rmii_ethernet_lwiperf.dir/home/pkcubed/pico-sdk/src/rp2_common/pico_crt0/crt0.S.o
                0x1000014c                        __embedded_block_end = .
 *(.reset)
 .reset         0x1000014c       0x98 CMakeFiles/pico_rmii_ethernet_lwiperf.dir/home/pkcubed/pico-sdk/src/rp2_common/pico_crt0/crt0.S.o
                0x1000014c                _entry_point
 *(.init)
 .init          0x100001e4        0x4 /usr/lib/gcc/arm-none-eabi/13.2.1/thumb/v8-m.main+fp/softfp/crti.o
                0x100001e4                _init
 *libgcc.a:cmse_nonsecure_call.o()
 *(EXCLUDE_FILE(*libm.a: *libc.a:*lib_a-mem*.o *libgcc.a:) .text*)
 .text          0x100001e8       0x8c /usr/lib/gcc/arm-none-eabi/13.2.1/thumb/v8-m.main+fp/softfp/crtbegin.o
 .text.iperf_accept
                0x10000274       0x24 CMakeFiles/pico_rmii_ethernet_lwiperf.dir/iperf.c.o
 .text.iperf_recv
                0x10000298       0x4c CMakeFiles/pico_rmii_ethernet_lwiperf.dir/iperf.c.o
 .text.iperf_init
                0x100002e4       0x2c CMakeFiles/pico_rmii_ethernet_lwiperf.dir/iperf.c.o
                0x100002e4                iperf_init
 .text.netif_link_callback
                0x10000310       0x24 CMakeFiles/pico_rmii_ethernet_lwiperf.dir/main.c.o
                0x10000310                netif_link_callback
 .text.netif_status_callback
                0x10000334       0x18 CMakeFiles/pico_rmii_ethernet_lwiperf.dir/main.c.o
                0x10000334                netif_status_callback
 .text.startup.main
                0x1000034c       0x74 CMakeFiles/pico_rmii_ethernet_lwiperf.dir/main.c.o
                0x1000034c                main
 .text.gpio_default_irq_handler
                0x100003c0      0x1b4 CMakeFiles/pico_rmii_ethernet_lwiperf.dir/home/pkcubed/pico-sdk/src/rp2_common/hardware_gpio/gpio.c.o
 .text.gpio_set_function
                0x10000574       0x3c CMakeFiles/pico_rmii_ethernet_lwiperf.dir/home/pkcubed/pico-sdk/src/rp2_common/hardware_gpio/gpio.c.o
                0x10000574                gpio_set_function
 .text.gpio_set_irq_enabled_with_callback
                0x100005b0       0xac CMakeFiles/pico_rmii_ethernet_lwiperf.dir/home/pkcubed/pico-sdk/src/rp2_common/hardware_gpio/gpio.c.o
                0x100005b0                gpio_set_irq_enabled_with_callback
 .text.gpio_init
                0x1000065c       0x48 CMakeFiles/pico_rmii_ethernet_lwiperf.dir/home/pkcubed/pico-sdk/src/rp2_common/hardware_gpio/gpio.c.o
                0x1000065c                gpio_init
 .text.panic    0x100006a4       0x30 CMakeFiles/pico_rmii_ethernet_lwiperf.dir/home/pkcubed/pico-sdk/src/rp2_common/pico_platform_panic/panic.c.o
                0x100006a4                panic
 .text.hw_claim_lock
                0x100006d4       0x24 CMakeFiles/pico_rmii_ethernet_lwiperf.dir/home/pkcubed/pico-sdk/src/common/hardware_claim/claim.c.o
                0x100006d4                hw_claim_lock
 .text.hw_claim_unlock
                0x100006f8       0x14 CMakeFiles/pico_rmii_ethernet_lwiperf.dir/home/pkcubed/pico-sdk/src/common/hardware_claim/claim.c.o
                0x100006f8                hw_claim_unlock
 .text.hw_claim_or_assert
                0x1000070c       0x58 CMakeFiles/pico_rmii_ethernet_lwiperf.dir/home/pkcubed/pico-sdk/src/common/hardware_claim/claim.c.o
                0x1000070c                hw_claim_or_assert
 .text.hw_claim_unused_from_range
                0x10000764       0x9c CMakeFiles/pico_rmii_ethernet_lwiperf.dir/home/pkcubed/pico-sdk/src/common/hardware_claim/claim.c.o
                0x10000764                hw_claim_unused_from_range
 .text.next_striped_spin_lock_num
                0x10000800       0x18 CMakeFiles/pico_rmii_ethernet_lwiperf.dir/home/pkcubed/pico-sdk/src/rp2_common/hardware_sync/sync.c.o
                0x10000800                next_striped_spin_lock_num
 .text.spin_lock_claim_unused
                0x10000818       0x20 CMakeFiles/pico_rmii_ethernet_lwiperf.dir/home/pkcubed/pico-sdk/src/rp2_common/hardware_sync/sync.c.o
                0x10000818                spin_lock_claim_unused
 .text.spinlock_set_extexclall
                0x10000838       0x10 CMakeFiles/pico_rmii_ethernet_lwiperf.dir/home/pkcubed/pico-sdk/src/rp2_common/hardware_sync_spin_lock/sync_spin_lock.c.o
 .text.spin_locks_reset
                0x10000848       0x18 CMakeFiles/pico_rmii_ethernet_lwiperf.dir/home/pkcubed/pico-sdk/src/rp2_common/hardware_sync_spin_lock/sync_spin_lock.c.o
                0x10000848                spin_locks_reset
 .text.runtime_init_per_core_irq_priorities
                0x10000860       0x40 CMakeFiles/pico_rmii_ethernet_lwiperf.dir/home/pkcubed/pico-sdk/src/rp2_common/hardware_irq/irq.c.o
                0x10000860                runtime_init_per_core_irq_priorities
 .text.irq_set_enabled
                0x100008a0       0x2c CMakeFiles/pico_rmii_ethernet_lwiperf.dir/home/pkcubed/pico-sdk/src/rp2_common/hardware_irq/irq.c.o
                0x100008a0                irq_set_enabled
 .text.irq_is_enabled
                0x100008cc       0x20 CMakeFiles/pico_rmii_ethernet_lwiperf.dir/home/pkcubed/pico-sdk/src/rp2_common/hardware_irq/irq.c.o
                0x100008cc                irq_is_enabled
 .text.irq_set_pending
                0x100008ec       0x18 CMakeFiles/pico_rmii_ethernet_lwiperf.dir/home/pkcubed/pico-sdk/src/rp2_common/hardware_irq/irq.c.o
                0x100008ec                irq_set_pending
 .text.irq_has_shared_handler
                0x10000904       0x20 CMakeFiles/pico_rmii_ethernet_lwiperf.dir/home/pkcubed/pico-sdk/src/rp2_common/hardware_irq/irq.c.o
                0x10000904                irq_has_shared_handler
 .text.irq_set_exclusive_handler
                0x10000924       0x60 CMakeFiles/pico_rmii_ethernet_lwiperf.dir/home/pkcubed/pico-sdk/src/rp2_common/hardware_irq/irq.c.o
                0x10000924                irq_set_exclusive_handler
 .text.irq_add_shared_handler
                0x10000984      0x1e8 CMakeFiles/pico_rmii_ethernet_lwiperf.dir/home/pkcubed/pico-sdk/src/rp2_common/hardware_irq/irq.c.o
                0x10000984                irq_add_shared_handler
 .text.irq_remove_handler
                0x10000b6c      0x1fc CMakeFiles/pico_rmii_ethernet_lwiperf.dir/home/pkcubed/pico-sdk/src/rp2_common/hardware_irq/irq.c.o
                0x10000b6c                irq_remove_handler
 .text.irq_add_tail_to_free_list
                0x10000d68       0xbc CMakeFiles/pico_rmii_ethernet_lwiperf.dir/home/pkcubed/pico-sdk/src/rp2_common/hardware_irq/irq.c.o
                0x10000d68                irq_add_tail_to_free_list
 .text.user_irq_claim_unused
                0x10000e24       0x28 CMakeFiles/pico_rmii_ethernet_lwiperf.dir/home/pkcubed/pico-sdk/src/rp2_common/hardware_irq/irq.c.o
                0x10000e24                user_irq_claim_unused
 .text.lock_init
                0x10000e4c        0xc CMakeFiles/pico_rmii_ethernet_lwiperf.dir/home/pkcubed/pico-sdk/src/common/pico_sync/lock_core.c.o
                0x10000e4c                lock_init
 .text.runtime_init_mutex
                0x10000e58       0x4c CMakeFiles/pico_rmii_ethernet_lwiperf.dir/home/pkcubed/pico-sdk/src/common/pico_sync/mutex.c.o
                0x10000e58                runtime_init_mutex
 .text.mutex_init
                0x10000ea4       0x1c CMakeFiles/pico_rmii_ethernet_lwiperf.dir/home/pkcubed/pico-sdk/src/common/pico_sync/mutex.c.o
                0x10000ea4                mutex_init
 .text.critical_section_init
                0x10000ec0       0x1c CMakeFiles/pico_rmii_ethernet_lwiperf.dir/home/pkcubed/pico-sdk/src/common/pico_sync/critical_section.c.o
                0x10000ec0                critical_section_init
 .text.critical_section_init_with_lock_num
                0x10000edc       0x10 CMakeFiles/pico_rmii_ethernet_lwiperf.dir/home/pkcubed/pico-sdk/src/common/pico_sync/critical_section.c.o
                0x10000edc                critical_section_init_with_lock_num
 .text.sleep_until_callback
                0x10000eec       0x3c CMakeFiles/pico_rmii_ethernet_lwiperf.dir/home/pkcubed/pico-sdk/src/common/pico_time/time.c.o
 .text.alarm_pool_irq_handler
                0x10000f28      0x2f0 CMakeFiles/pico_rmii_ethernet_lwiperf.dir/home/pkcubed/pico-sdk/src/common/pico_time/time.c.o
 .text.runtime_init_default_alarm_pool
                0x10001218      0x100 CMakeFiles/pico_rmii_ethernet_lwiperf.dir/home/pkcubed/pico-sdk/src/common/pico_time/time.c.o
                0x10001218                runtime_init_default_alarm_pool
 .text.alarm_pool_get_default
                0x10001318        0x8 CMakeFiles/pico_rmii_ethernet_lwiperf.dir/home/pkcubed/pico-sdk/src/common/pico_time/time.c.o
                0x10001318                alarm_pool_get_default
 .text.alarm_pool_add_alarm_at
                0x10001320       0xdc CMakeFiles/pico_rmii_ethernet_lwiperf.dir/home/pkcubed/pico-sdk/src/common/pico_time/time.c.o
                0x10001320                alarm_pool_add_alarm_at
 .text.alarm_pool_add_alarm_at_force_in_context
                0x100013fc       0xc8 CMakeFiles/pico_rmii_ethernet_lwiperf.dir/home/pkcubed/pico-sdk/src/common/pico_time/time.c.o
                0x100013fc                alarm_pool_add_alarm_at_force_in_context
 .text.alarm_pool_cancel_alarm
                0x100014c4       0x80 CMakeFiles/pico_rmii_ethernet_lwiperf.dir/home/pkcubed/pico-sdk/src/common/pico_time/time.c.o
                0x100014c4                alarm_pool_cancel_alarm
 .text.alarm_pool_core_num
                0x10001544        0x4 CMakeFiles/pico_rmii_ethernet_lwiperf.dir/home/pkcubed/pico-sdk/src/common/pico_time/time.c.o
                0x10001544                alarm_pool_core_num
 .text.sleep_until
                0x10001548       0xbc CMakeFiles/pico_rmii_ethernet_lwiperf.dir/home/pkcubed/pico-sdk/src/common/pico_time/time.c.o
                0x10001548                sleep_until
 .text.sleep_us
                0x10001604       0x30 CMakeFiles/pico_rmii_ethernet_lwiperf.dir/home/pkcubed/pico-sdk/src/common/pico_time/time.c.o
                0x10001604                sleep_us
 .text.sleep_ms
                0x10001634       0x2c CMakeFiles/pico_rmii_ethernet_lwiperf.dir/home/pkcubed/pico-sdk/src/common/pico_time/time.c.o
                0x10001634                sleep_ms
 .text.best_effort_wfe_or_timeout
                0x10001660       0xbc CMakeFiles/pico_rmii_ethernet_lwiperf.dir/home/pkcubed/pico-sdk/src/common/pico_time/time.c.o
                0x10001660                best_effort_wfe_or_timeout
 .text.timer_hardware_alarm_claim
                0x1000171c       0x24 CMakeFiles/pico_rmii_ethernet_lwiperf.dir/home/pkcubed/pico-sdk/src/rp2_common/hardware_timer/timer.c.o
                0x1000171c                timer_hardware_alarm_claim
 .text.timer_time_us_64
                0x10001740       0x10 CMakeFiles/pico_rmii_ethernet_lwiperf.dir/home/pkcubed/pico-sdk/src/rp2_common/hardware_timer/timer.c.o
                0x10001740                timer_time_us_64
 .text.time_us_64
                0x10001750       0x14 CMakeFiles/pico_rmii_ethernet_lwiperf.dir/home/pkcubed/pico-sdk/src/rp2_common/hardware_timer/timer.c.o
                0x10001750                time_us_64
 .text.busy_wait_us
                0x10001764       0x64 CMakeFiles/pico_rmii_ethernet_lwiperf.dir/home/pkcubed/pico-sdk/src/rp2_common/hardware_timer/timer.c.o
                0x10001764                busy_wait_us
 .text.busy_wait_until
                0x100017c8       0x24 CMakeFiles/pico_rmii_ethernet_lwiperf.dir/home/pkcubed/pico-sdk/src/rp2_common/hardware_timer/timer.c.o
                0x100017c8                busy_wait_until
 .text.uart_init
                0x100017ec      0x104 CMakeFiles/pico_rmii_ethernet_lwiperf.dir/home/pkcubed/pico-sdk/src/rp2_common/hardware_uart/uart.c.o
                0x100017ec                uart_init
 .text.clock_configure_undivided
                0x100018f0       0xd0 CMakeFiles/pico_rmii_ethernet_lwiperf.dir/home/pkcubed/pico-sdk/src/rp2_common/hardware_clocks/clocks.c.o
                0x100018f0                clock_configure_undivided
 .text.clock_get_hz
                0x100019c0        0xc CMakeFiles/pico_rmii_ethernet_lwiperf.dir/home/pkcubed/pico-sdk/src/rp2_common/hardware_clocks/clocks.c.o
                0x100019c0                clock_get_hz
 .text.set_sys_clock_pll
                0x100019cc      0x184 CMakeFiles/pico_rmii_ethernet_lwiperf.dir/home/pkcubed/pico-sdk/src/rp2_common/hardware_clocks/clocks.c.o
                0x100019cc                set_sys_clock_pll
 .text.check_sys_clock_khz
                0x10001b50      0x19c CMakeFiles/pico_rmii_ethernet_lwiperf.dir/home/pkcubed/pico-sdk/src/rp2_common/hardware_clocks/clocks.c.o
                0x10001b50                check_sys_clock_khz
 .text.pll_init
                0x10001cec       0x8c CMakeFiles/pico_rmii_ethernet_lwiperf.dir/home/pkcubed/pico-sdk/src/rp2_common/hardware_pll/pll.c.o
                0x10001cec                pll_init
 .text.vreg_set_voltage
                0x10001d78       0x44 CMakeFiles/pico_rmii_ethernet_lwiperf.dir/home/pkcubed/pico-sdk/src/rp2_common/hardware_vreg/vreg.c.o
                0x10001d78                vreg_set_voltage
 .text.watchdog_reboot
                0x10001dbc       0x98 CMakeFiles/pico_rmii_ethernet_lwiperf.dir/home/pkcubed/pico-sdk/src/rp2_common/hardware_watchdog/watchdog.c.o
                0x10001dbc                watchdog_reboot
 .text.tick_start
                0x10001e54       0x18 CMakeFiles/pico_rmii_ethernet_lwiperf.dir/home/pkcubed/pico-sdk/src/rp2_common/hardware_ticks/ticks.c.o
                0x10001e54                tick_start
 .text.rom_reboot.constprop.0.isra.0
                0x10001e6c       0x34 CMakeFiles/pico_rmii_ethernet_lwiperf.dir/home/pkcubed/pico-sdk/src/rp2_common/pico_bootrom/bootrom.c.o
 .text.rom_func_lookup
                0x10001ea0       0x18 CMakeFiles/pico_rmii_ethernet_lwiperf.dir/home/pkcubed/pico-sdk/src/rp2_common/pico_bootrom/bootrom.c.o
                0x10001ea0                rom_func_lookup
 .text.rom_reset_usb_boot_extra
                0x10001eb8       0x1c CMakeFiles/pico_rmii_ethernet_lwiperf.dir/home/pkcubed/pico-sdk/src/rp2_common/pico_bootrom/bootrom.c.o
                0x10001eb8                rom_reset_usb_boot_extra
 .text.runtime_init_bootrom_locking_enable
                0x10001ed4       0x14 CMakeFiles/pico_rmii_ethernet_lwiperf.dir/home/pkcubed/pico-sdk/src/rp2_common/pico_bootrom/bootrom_lock.c.o
                0x10001ed4                runtime_init_bootrom_locking_enable
 .text.runtime_init_boot_locks_reset
                0x10001ee8       0x1c CMakeFiles/pico_rmii_ethernet_lwiperf.dir/home/pkcubed/pico-sdk/src/rp2_common/hardware_boot_lock/boot_lock.c.o
                0x10001ee8                runtime_init_boot_locks_reset
 .text.xosc_init
                0x10001f04       0x30 CMakeFiles/pico_rmii_ethernet_lwiperf.dir/home/pkcubed/pico-sdk/src/rp2_common/hardware_xosc/xosc.c.o
                0x10001f04                xosc_init
 .text.first_per_core_initializer
                0x10001f34        0x4 CMakeFiles/pico_rmii_ethernet_lwiperf.dir/home/pkcubed/pico-sdk/src/rp2_common/pico_runtime/runtime.c.o
 .text.hard_assertion_failure
                0x10001f38        0xc CMakeFiles/pico_rmii_ethernet_lwiperf.dir/home/pkcubed/pico-sdk/src/rp2_common/pico_runtime/runtime.c.o
                0x10001f38                hard_assertion_failure
 .text.runtime_run_initializers
                0x10001f44       0x20 CMakeFiles/pico_rmii_ethernet_lwiperf.dir/home/pkcubed/pico-sdk/src/rp2_common/pico_runtime/runtime.c.o
                0x10001f44                runtime_run_initializers
 .text.runtime_run_per_core_initializers
                0x10001f64       0x20 CMakeFiles/pico_rmii_ethernet_lwiperf.dir/home/pkcubed/pico-sdk/src/rp2_common/pico_runtime/runtime.c.o
                0x10001f64                runtime_run_per_core_initializers
 .text.runtime_init_early_resets
                0x10001f84       0x34 CMakeFiles/pico_rmii_ethernet_lwiperf.dir/home/pkcubed/pico-sdk/src/rp2_common/pico_runtime_init/runtime_init.c.o
                0x10001f84                runtime_init_early_resets
 .text.runtime_init_usb_power_down
                0x10001fb8       0x1c CMakeFiles/pico_rmii_ethernet_lwiperf.dir/home/pkcubed/pico-sdk/src/rp2_common/pico_runtime_init/runtime_init.c.o
                0x10001fb8                runtime_init_usb_power_down
 .text.runtime_init_per_core_enable_coprocessors
                0x10001fd4       0x1c CMakeFiles/pico_rmii_ethernet_lwiperf.dir/home/pkcubed/pico-sdk/src/rp2_common/pico_runtime_init/runtime_init.c.o
                0x10001fd4                runtime_init_per_core_enable_coprocessors
 .text.runtime_init_post_clock_resets
                0x10001ff0       0x20 CMakeFiles/pico_rmii_ethernet_lwiperf.dir/home/pkcubed/pico-sdk/src/rp2_common/pico_runtime_init/runtime_init.c.o
                0x10001ff0                runtime_init_post_clock_resets
 .text.runtime_init_bootrom_reset
                0x10002010       0x14 CMakeFiles/pico_rmii_ethernet_lwiperf.dir/home/pkcubed/pico-sdk/src/rp2_common/pico_runtime_init/runtime_init.c.o
                0x10002010                runtime_init_bootrom_reset
 .text.runtime_init_per_core_bootrom_reset
                0x10002024       0x14 CMakeFiles/pico_rmii_ethernet_lwiperf.dir/home/pkcubed/pico-sdk/src/rp2_common/pico_runtime_init/runtime_init.c.o
                0x10002024                runtime_init_per_core_bootrom_reset
 .text.runtime_init_spin_locks_reset
                0x10002038        0x4 CMakeFiles/pico_rmii_ethernet_lwiperf.dir/home/pkcubed/pico-sdk/src/rp2_common/pico_runtime_init/runtime_init.c.o
                0x10002038                runtime_init_spin_locks_reset
 .text.runtime_init_install_ram_vector_table
                0x1000203c       0x68 CMakeFiles/pico_rmii_ethernet_lwiperf.dir/home/pkcubed/pico-sdk/src/rp2_common/pico_runtime_init/runtime_init.c.o
                0x1000203c                runtime_init_install_ram_vector_table
 .text.runtime_init_clocks
                0x100020a4       0xdc CMakeFiles/pico_rmii_ethernet_lwiperf.dir/home/pkcubed/pico-sdk/src/rp2_common/pico_runtime_init/runtime_init_clocks.c.o
                0x100020a4                runtime_init_clocks
 .text.__rp2350_dcp_engaged_state_save_restore
                0x10002180       0x3a CMakeFiles/pico_rmii_ethernet_lwiperf.dir/home/pkcubed/pico-sdk/src/rp2_common/pico_double/double_aeabi_dcp.S.o
 *fill*         0x100021ba        0x2 
 .text.__wrap___aeabi_dadd
                0x100021bc       0x28 CMakeFiles/pico_rmii_ethernet_lwiperf.dir/home/pkcubed/pico-sdk/src/rp2_common/pico_double/double_aeabi_dcp.S.o
                0x100021c4                __wrap___aeabi_dadd
 .text.__wrap___aeabi_dsub
                0x100021e4       0x28 CMakeFiles/pico_rmii_ethernet_lwiperf.dir/home/pkcubed/pico-sdk/src/rp2_common/pico_double/double_aeabi_dcp.S.o
                0x100021ec                __wrap___aeabi_dsub
 .text.__wrap___aeabi_dmul
                0x1000220c       0x4c CMakeFiles/pico_rmii_ethernet_lwiperf.dir/home/pkcubed/pico-sdk/src/rp2_common/pico_double/double_aeabi_dcp.S.o
                0x10002214                __wrap___aeabi_dmul
 .text.__wrap___aeabi_ddiv
                0x10002258       0x9c CMakeFiles/pico_rmii_ethernet_lwiperf.dir/home/pkcubed/pico-sdk/src/rp2_common/pico_double/double_aeabi_dcp.S.o
                0x10002260                __wrap___aeabi_ddiv
 .text.__wrap___aeabi_i2d
                0x100022f4       0x24 CMakeFiles/pico_rmii_ethernet_lwiperf.dir/home/pkcubed/pico-sdk/src/rp2_common/pico_double/double_aeabi_dcp.S.o
                0x100022fc                __wrap___aeabi_i2d
                0x100022fc                int2double
 .text.__wrap___aeabi_ui2d
                0x10002318       0x24 CMakeFiles/pico_rmii_ethernet_lwiperf.dir/home/pkcubed/pico-sdk/src/rp2_common/pico_double/double_aeabi_dcp.S.o
                0x10002320                __wrap___aeabi_ui2d
                0x10002320                uint2double
 .text.__wrap___aeabi_d2iz
                0x1000233c       0x24 CMakeFiles/pico_rmii_ethernet_lwiperf.dir/home/pkcubed/pico-sdk/src/rp2_common/pico_double/double_aeabi_dcp.S.o
                0x10002344                __wrap___aeabi_d2iz
                0x10002344                double2int_z
 .text.__wrap___aeabi_d2uiz
                0x10002360       0x24 CMakeFiles/pico_rmii_ethernet_lwiperf.dir/home/pkcubed/pico-sdk/src/rp2_common/pico_double/double_aeabi_dcp.S.o
                0x10002368                double2uint_z
                0x10002368                double2uint
                0x10002368                __wrap___aeabi_d2uiz
 .text.__wrap___aeabi_dcmpun
                0x10002384       0x24 CMakeFiles/pico_rmii_ethernet_lwiperf.dir/home/pkcubed/pico-sdk/src/rp2_common/pico_double/double_aeabi_dcp.S.o
                0x1000238c                __wrap___aeabi_dcmpun
 .text.__wrap___aeabi_dcmplt
                0x100023a8       0x28 CMakeFiles/pico_rmii_ethernet_lwiperf.dir/home/pkcubed/pico-sdk/src/rp2_common/pico_double/double_aeabi_dcp.S.o
                0x100023b0                __wrap___aeabi_dcmplt
 .text.__wrap___aeabi_dcmpge
                0x100023d0       0x28 CMakeFiles/pico_rmii_ethernet_lwiperf.dir/home/pkcubed/pico-sdk/src/rp2_common/pico_double/double_aeabi_dcp.S.o
                0x100023d8                __wrap___aeabi_dcmpge
 .text.__wrap___aeabi_dcmpgt
                0x100023f8       0x28 CMakeFiles/pico_rmii_ethernet_lwiperf.dir/home/pkcubed/pico-sdk/src/rp2_common/pico_double/double_aeabi_dcp.S.o
                0x10002400                __wrap___aeabi_dcmpgt
 .text._out_null
                0x10002420        0x4 CMakeFiles/pico_rmii_ethernet_lwiperf.dir/home/pkcubed/pico-sdk/src/rp2_common/pico_printf/printf.c.o
 .text._out_rev
                0x10002424       0x9c CMakeFiles/pico_rmii_ethernet_lwiperf.dir/home/pkcubed/pico-sdk/src/rp2_common/pico_printf/printf.c.o
 .text._ntoa_format
                0x100024c0      0x2a4 CMakeFiles/pico_rmii_ethernet_lwiperf.dir/home/pkcubed/pico-sdk/src/rp2_common/pico_printf/printf.c.o
 .text._out_char
                0x10002764        0x8 CMakeFiles/pico_rmii_ethernet_lwiperf.dir/home/pkcubed/pico-sdk/src/rp2_common/pico_printf/printf.c.o
 .text._out_fct
                0x1000276c        0xc CMakeFiles/pico_rmii_ethernet_lwiperf.dir/home/pkcubed/pico-sdk/src/rp2_common/pico_printf/printf.c.o
 .text._etoa    0x10002778      0x460 CMakeFiles/pico_rmii_ethernet_lwiperf.dir/home/pkcubed/pico-sdk/src/rp2_common/pico_printf/printf.c.o
 .text._ftoa    0x10002bd8      0x3f4 CMakeFiles/pico_rmii_ethernet_lwiperf.dir/home/pkcubed/pico-sdk/src/rp2_common/pico_printf/printf.c.o
 .text._vsnprintf
                0x10002fcc      0x9e8 CMakeFiles/pico_rmii_ethernet_lwiperf.dir/home/pkcubed/pico-sdk/src/rp2_common/pico_printf/printf.c.o
 .text.vfctprintf
                0x100039b4       0x28 CMakeFiles/pico_rmii_ethernet_lwiperf.dir/home/pkcubed/pico-sdk/src/rp2_common/pico_printf/printf.c.o
                0x100039b4                vfctprintf
 .text.weak_raw_vprintf
                0x100039dc       0x30 CMakeFiles/pico_rmii_ethernet_lwiperf.dir/home/pkcubed/pico-sdk/src/rp2_common/pico_printf/printf.c.o
                0x100039dc                weak_raw_vprintf
 .text._exit    0x10003a0c        0x4 CMakeFiles/pico_rmii_ethernet_lwiperf.dir/home/pkcubed/pico-sdk/src/rp2_common/pico_clib_interface/newlib_interface.c.o
                0x10003a0c                _exit
 .text.exit     0x10003a10        0x8 CMakeFiles/pico_rmii_ethernet_lwiperf.dir/home/pkcubed/pico-sdk/src/rp2_common/pico_clib_interface/newlib_interface.c.o
                0x10003a10                exit
 .text.runtime_init
                0x10003a18       0x24 CMakeFiles/pico_rmii_ethernet_lwiperf.dir/home/pkcubed/pico-sdk/src/rp2_common/pico_clib_interface/newlib_interface.c.o
                0x10003a18                runtime_init
 .text.stdio_out_chars_no_crlf
                0x10003a3c        0x8 CMakeFiles/pico_rmii_ethernet_lwiperf.dir/home/pkcubed/pico-sdk/src/rp2_common/pico_stdio/stdio.c.o
 .text.stdio_out_chars_crlf
                0x10003a44       0xac CMakeFiles/pico_rmii_ethernet_lwiperf.dir/home/pkcubed/pico-sdk/src/rp2_common/pico_stdio/stdio.c.o
 .text.stdio_buffered_printer
                0x10003af0       0x60 CMakeFiles/pico_rmii_ethernet_lwiperf.dir/home/pkcubed/pico-sdk/src/rp2_common/pico_stdio/stdio.c.o
 .text.stdio_put_string
                0x10003b50       0xf0 CMakeFiles/pico_rmii_ethernet_lwiperf.dir/home/pkcubed/pico-sdk/src/rp2_common/pico_stdio/stdio.c.o
                0x10003b50                stdio_put_string
 .text.stdio_set_driver_enabled
                0x10003c40       0x30 CMakeFiles/pico_rmii_ethernet_lwiperf.dir/home/pkcubed/pico-sdk/src/rp2_common/pico_stdio/stdio.c.o
                0x10003c40                stdio_set_driver_enabled
 .text.stdio_init_all
                0x10003c70       0x10 CMakeFiles/pico_rmii_ethernet_lwiperf.dir/home/pkcubed/pico-sdk/src/rp2_common/pico_stdio/stdio.c.o
                0x10003c70                stdio_init_all
 .text.__wrap_putchar
                0x10003c80       0x84 CMakeFiles/pico_rmii_ethernet_lwiperf.dir/home/pkcubed/pico-sdk/src/rp2_common/pico_stdio/stdio.c.o
                0x10003c80                stdio_putchar
                0x10003c80                __wrap_putchar
 .text.__wrap_puts
                0x10003d04       0x3c CMakeFiles/pico_rmii_ethernet_lwiperf.dir/home/pkcubed/pico-sdk/src/rp2_common/pico_stdio/stdio.c.o
                0x10003d04                __wrap_puts
                0x10003d04                stdio_puts
 .text.__wrap_vprintf
                0x10003d40       0xc8 CMakeFiles/pico_rmii_ethernet_lwiperf.dir/home/pkcubed/pico-sdk/src/rp2_common/pico_stdio/stdio.c.o
                0x10003d40                __wrap_vprintf
                0x10003d40                stdio_vprintf
 .text.__wrap_printf
                0x10003e08       0x1c CMakeFiles/pico_rmii_ethernet_lwiperf.dir/home/pkcubed/pico-sdk/src/rp2_common/pico_stdio/stdio.c.o
                0x10003e08                stdio_printf
                0x10003e08                __wrap_printf
 .text.stdio_uart_out_chars
                0x10003e24       0x50 CMakeFiles/pico_rmii_ethernet_lwiperf.dir/home/pkcubed/pico-sdk/src/rp2_common/pico_stdio_uart/stdio_uart.c.o
 .text.stdio_uart_in_chars
                0x10003e74       0x94 CMakeFiles/pico_rmii_ethernet_lwiperf.dir/home/pkcubed/pico-sdk/src/rp2_common/pico_stdio_uart/stdio_uart.c.o
                0x10003e74                stdio_uart_in_chars
 .text.on_uart_rx
                0x10003f08       0x24 CMakeFiles/pico_rmii_ethernet_lwiperf.dir/home/pkcubed/pico-sdk/src/rp2_common/pico_stdio_uart/stdio_uart.c.o
 .text.stdio_uart_out_flush
                0x10003f2c       0x10 CMakeFiles/pico_rmii_ethernet_lwiperf.dir/home/pkcubed/pico-sdk/src/rp2_common/pico_stdio_uart/stdio_uart.c.o
 .text.stdio_uart_set_chars_available_callback
                0x10003f3c       0x88 CMakeFiles/pico_rmii_ethernet_lwiperf.dir/home/pkcubed/pico-sdk/src/rp2_common/pico_stdio_uart/stdio_uart.c.o
 .text.stdio_uart_init
                0x10003fc4       0x54 CMakeFiles/pico_rmii_ethernet_lwiperf.dir/home/pkcubed/pico-sdk/src/rp2_common/pico_stdio_uart/stdio_uart.c.o
                0x10003fc4                stdio_uart_init
 .text.resetd_init
                0x10004018        0x4 CMakeFiles/pico_rmii_ethernet_lwiperf.dir/home/pkcubed/pico-sdk/src/rp2_common/pico_stdio_usb/reset_interface.c.o
 .text.resetd_reset
                0x1000401c        0xc CMakeFiles/pico_rmii_ethernet_lwiperf.dir/home/pkcubed/pico-sdk/src/rp2_common/pico_stdio_usb/reset_interface.c.o
 .text.resetd_open
                0x10004028       0x28 CMakeFiles/pico_rmii_ethernet_lwiperf.dir/home/pkcubed/pico-sdk/src/rp2_common/pico_stdio_usb/reset_interface.c.o
 .text.resetd_xfer_cb
                0x10004050        0x4 CMakeFiles/pico_rmii_ethernet_lwiperf.dir/home/pkcubed/pico-sdk/src/rp2_common/pico_stdio_usb/reset_interface.c.o
 .text.resetd_control_xfer_cb
                0x10004054       0x50 CMakeFiles/pico_rmii_ethernet_lwiperf.dir/home/pkcubed/pico-sdk/src/rp2_common/pico_stdio_usb/reset_interface.c.o
 .text.tud_descriptor_bos_cb
                0x100040a4        0x8 CMakeFiles/pico_rmii_ethernet_lwiperf.dir/home/pkcubed/pico-sdk/src/rp2_common/pico_stdio_usb/reset_interface.c.o
                0x100040a4                tud_descriptor_bos_cb
 .text.tud_vendor_control_xfer_cb
                0x100040ac       0x28 CMakeFiles/pico_rmii_ethernet_lwiperf.dir/home/pkcubed/pico-sdk/src/rp2_common/pico_stdio_usb/reset_interface.c.o
                0x100040ac                tud_vendor_control_xfer_cb
 .text.usbd_app_driver_get_cb
                0x100040d4       0x10 CMakeFiles/pico_rmii_ethernet_lwiperf.dir/home/pkcubed/pico-sdk/src/rp2_common/pico_stdio_usb/reset_interface.c.o
                0x100040d4                usbd_app_driver_get_cb
 .text.tud_cdc_line_coding_cb
                0x100040e4       0x18 CMakeFiles/pico_rmii_ethernet_lwiperf.dir/home/pkcubed/pico-sdk/src/rp2_common/pico_stdio_usb/reset_interface.c.o
                0x100040e4                tud_cdc_line_coding_cb
 .text.stdio_usb_set_chars_available_callback
                0x100040fc       0x14 CMakeFiles/pico_rmii_ethernet_lwiperf.dir/home/pkcubed/pico-sdk/src/rp2_common/pico_stdio_usb/stdio_usb.c.o
                0x100040fc                stdio_usb_set_chars_available_callback
 .text.timer_task
                0x10004110       0x70 CMakeFiles/pico_rmii_ethernet_lwiperf.dir/home/pkcubed/pico-sdk/src/rp2_common/pico_stdio_usb/stdio_usb.c.o
 .text.usb_irq  0x10004180        0xc CMakeFiles/pico_rmii_ethernet_lwiperf.dir/home/pkcubed/pico-sdk/src/rp2_common/pico_stdio_usb/stdio_usb.c.o
 .text.stdio_usb_in_chars
                0x1000418c       0x88 CMakeFiles/pico_rmii_ethernet_lwiperf.dir/home/pkcubed/pico-sdk/src/rp2_common/pico_stdio_usb/stdio_usb.c.o
                0x1000418c                stdio_usb_in_chars
 .text.stdio_usb_out_flush
                0x10004214       0x54 CMakeFiles/pico_rmii_ethernet_lwiperf.dir/home/pkcubed/pico-sdk/src/rp2_common/pico_stdio_usb/stdio_usb.c.o
 .text.stdio_usb_out_chars
                0x10004268       0xf4 CMakeFiles/pico_rmii_ethernet_lwiperf.dir/home/pkcubed/pico-sdk/src/rp2_common/pico_stdio_usb/stdio_usb.c.o
 .text.low_priority_worker_irq
                0x1000435c       0xd8 CMakeFiles/pico_rmii_ethernet_lwiperf.dir/home/pkcubed/pico-sdk/src/rp2_common/pico_stdio_usb/stdio_usb.c.o
 .text.stdio_usb_init
                0x10004434       0xe8 CMakeFiles/pico_rmii_ethernet_lwiperf.dir/home/pkcubed/pico-sdk/src/rp2_common/pico_stdio_usb/stdio_usb.c.o
                0x10004434                stdio_usb_init
 .text.tud_descriptor_device_cb
                0x1000451c        0x8 CMakeFiles/pico_rmii_ethernet_lwiperf.dir/home/pkcubed/pico-sdk/src/rp2_common/pico_stdio_usb/stdio_usb_descriptors.c.o
                0x1000451c                tud_descriptor_device_cb
 .text.tud_descriptor_configuration_cb
                0x10004524        0x8 CMakeFiles/pico_rmii_ethernet_lwiperf.dir/home/pkcubed/pico-sdk/src/rp2_common/pico_stdio_usb/stdio_usb_descriptors.c.o
                0x10004524                tud_descriptor_configuration_cb
 .text.tud_descriptor_string_cb
                0x1000452c       0x70 CMakeFiles/pico_rmii_ethernet_lwiperf.dir/home/pkcubed/pico-sdk/src/rp2_common/pico_stdio_usb/stdio_usb_descriptors.c.o
                0x1000452c                tud_descriptor_string_cb
 .text.startup._retrieve_unique_id_on_boot
                0x1000459c       0x30 CMakeFiles/pico_rmii_ethernet_lwiperf.dir/home/pkcubed/pico-sdk/src/rp2_common/pico_unique_id/unique_id.c.o
 .text.pico_get_unique_board_id
                0x100045cc       0x10 CMakeFiles/pico_rmii_ethernet_lwiperf.dir/home/pkcubed/pico-sdk/src/rp2_common/pico_unique_id/unique_id.c.o
                0x100045cc                pico_get_unique_board_id
 .text.pico_get_unique_board_id_string
                0x100045dc      0x184 CMakeFiles/pico_rmii_ethernet_lwiperf.dir/home/pkcubed/pico-sdk/src/rp2_common/pico_unique_id/unique_id.c.o
                0x100045dc                pico_get_unique_board_id_string
 .text.dcd_rp2040_irq
                0x10004760      0x2fc CMakeFiles/pico_rmii_ethernet_lwiperf.dir/home/pkcubed/pico-sdk/lib/tinyusb/src/portable/raspberrypi/rp2040/dcd_rp2040.c.o
 .text.dcd_init
                0x10004a5c       0xcc CMakeFiles/pico_rmii_ethernet_lwiperf.dir/home/pkcubed/pico-sdk/lib/tinyusb/src/portable/raspberrypi/rp2040/dcd_rp2040.c.o
                0x10004a5c                dcd_init
 .text.dcd_int_enable
                0x10004b28        0x8 CMakeFiles/pico_rmii_ethernet_lwiperf.dir/home/pkcubed/pico-sdk/lib/tinyusb/src/portable/raspberrypi/rp2040/dcd_rp2040.c.o
                0x10004b28                dcd_int_enable
 .text.dcd_set_address
                0x10004b30       0x24 CMakeFiles/pico_rmii_ethernet_lwiperf.dir/home/pkcubed/pico-sdk/lib/tinyusb/src/portable/raspberrypi/rp2040/dcd_rp2040.c.o
                0x10004b30                dcd_set_address
 .text.dcd_sof_enable
                0x10004b54       0x28 CMakeFiles/pico_rmii_ethernet_lwiperf.dir/home/pkcubed/pico-sdk/lib/tinyusb/src/portable/raspberrypi/rp2040/dcd_rp2040.c.o
                0x10004b54                dcd_sof_enable
 .text.dcd_edpt0_status_complete
                0x10004b7c       0x1c CMakeFiles/pico_rmii_ethernet_lwiperf.dir/home/pkcubed/pico-sdk/lib/tinyusb/src/portable/raspberrypi/rp2040/dcd_rp2040.c.o
                0x10004b7c                dcd_edpt0_status_complete
 .text.dcd_edpt_open
                0x10004b98       0xd0 CMakeFiles/pico_rmii_ethernet_lwiperf.dir/home/pkcubed/pico-sdk/lib/tinyusb/src/portable/raspberrypi/rp2040/dcd_rp2040.c.o
                0x10004b98                dcd_edpt_open
 .text.dcd_edpt_close_all
                0x10004c68       0x64 CMakeFiles/pico_rmii_ethernet_lwiperf.dir/home/pkcubed/pico-sdk/lib/tinyusb/src/portable/raspberrypi/rp2040/dcd_rp2040.c.o
                0x10004c68                dcd_edpt_close_all
 .text.dcd_edpt_xfer
                0x10004ccc       0x64 CMakeFiles/pico_rmii_ethernet_lwiperf.dir/home/pkcubed/pico-sdk/lib/tinyusb/src/portable/raspberrypi/rp2040/dcd_rp2040.c.o
                0x10004ccc                dcd_edpt_xfer
 .text.dcd_edpt_stall
                0x10004d30       0x98 CMakeFiles/pico_rmii_ethernet_lwiperf.dir/home/pkcubed/pico-sdk/lib/tinyusb/src/portable/raspberrypi/rp2040/dcd_rp2040.c.o
                0x10004d30                dcd_edpt_stall
 .text.dcd_edpt_clear_stall
                0x10004dc8       0x40 CMakeFiles/pico_rmii_ethernet_lwiperf.dir/home/pkcubed/pico-sdk/lib/tinyusb/src/portable/raspberrypi/rp2040/dcd_rp2040.c.o
                0x10004dc8                dcd_edpt_clear_stall
 .text.rp2usb_init
                0x10004e08       0x4c CMakeFiles/pico_rmii_ethernet_lwiperf.dir/home/pkcubed/pico-sdk/lib/tinyusb/src/portable/raspberrypi/rp2040/rp2040_usb.c.o
                0x10004e08                rp2usb_init
 .text.rp2usb_reset_transfer
                0x10004e54        0xc CMakeFiles/pico_rmii_ethernet_lwiperf.dir/home/pkcubed/pico-sdk/lib/tinyusb/src/portable/raspberrypi/rp2040/rp2040_usb.c.o
                0x10004e54                rp2usb_reset_transfer
 .text.rp2usb_xfer_start
                0x10004e60      0x1b8 CMakeFiles/pico_rmii_ethernet_lwiperf.dir/home/pkcubed/pico-sdk/lib/tinyusb/src/portable/raspberrypi/rp2040/rp2040_usb.c.o
                0x10004e60                rp2usb_xfer_start
 .text.rp2usb_xfer_continue
                0x10005018      0x1b0 CMakeFiles/pico_rmii_ethernet_lwiperf.dir/home/pkcubed/pico-sdk/lib/tinyusb/src/portable/raspberrypi/rp2040/rp2040_usb.c.o
                0x10005018                rp2usb_xfer_continue
 .text.configuration_reset
                0x100051c8       0xa4 CMakeFiles/pico_rmii_ethernet_lwiperf.dir/home/pkcubed/pico-sdk/lib/tinyusb/src/device/usbd.c.o
 .text.tud_event_hook_cb
                0x1000526c        0x4 CMakeFiles/pico_rmii_ethernet_lwiperf.dir/home/pkcubed/pico-sdk/lib/tinyusb/src/device/usbd.c.o
                0x1000526c                tud_event_hook_cb
 .text.tud_sof_cb
                0x10005270        0x4 CMakeFiles/pico_rmii_ethernet_lwiperf.dir/home/pkcubed/pico-sdk/lib/tinyusb/src/device/usbd.c.o
                0x10005270                tud_sof_cb
 .text.tud_descriptor_device_qualifier_cb
                0x10005274        0x4 CMakeFiles/pico_rmii_ethernet_lwiperf.dir/home/pkcubed/pico-sdk/lib/tinyusb/src/device/usbd.c.o
                0x10005274                tud_descriptor_device_qualifier_cb
 .text.tud_descriptor_other_speed_configuration_cb
                0x10005278        0x4 CMakeFiles/pico_rmii_ethernet_lwiperf.dir/home/pkcubed/pico-sdk/lib/tinyusb/src/device/usbd.c.o
                0x10005278                tud_descriptor_other_speed_configuration_cb
 .text.tud_mount_cb
                0x1000527c        0x4 CMakeFiles/pico_rmii_ethernet_lwiperf.dir/home/pkcubed/pico-sdk/lib/tinyusb/src/device/usbd.c.o
                0x1000527c                tud_mount_cb
 .text.tud_umount_cb
                0x10005280        0x4 CMakeFiles/pico_rmii_ethernet_lwiperf.dir/home/pkcubed/pico-sdk/lib/tinyusb/src/device/usbd.c.o
                0x10005280                tud_umount_cb
 .text.tud_suspend_cb
                0x10005284        0x4 CMakeFiles/pico_rmii_ethernet_lwiperf.dir/home/pkcubed/pico-sdk/lib/tinyusb/src/device/usbd.c.o
                0x10005284                tud_suspend_cb
 .text.tud_resume_cb
                0x10005288        0x4 CMakeFiles/pico_rmii_ethernet_lwiperf.dir/home/pkcubed/pico-sdk/lib/tinyusb/src/device/usbd.c.o
                0x10005288                tud_resume_cb
 .text.tud_mounted
                0x1000528c       0x10 CMakeFiles/pico_rmii_ethernet_lwiperf.dir/home/pkcubed/pico-sdk/lib/tinyusb/src/device/usbd.c.o
                0x1000528c                tud_mounted
 .text.tud_suspended
                0x1000529c       0x10 CMakeFiles/pico_rmii_ethernet_lwiperf.dir/home/pkcubed/pico-sdk/lib/tinyusb/src/device/usbd.c.o
                0x1000529c                tud_suspended
 .text.tud_rhport_init
                0x100052ac      0x108 CMakeFiles/pico_rmii_ethernet_lwiperf.dir/home/pkcubed/pico-sdk/lib/tinyusb/src/device/usbd.c.o
                0x100052ac                tud_rhport_init
 .text.tud_control_status
                0x100053b4       0x7c CMakeFiles/pico_rmii_ethernet_lwiperf.dir/home/pkcubed/pico-sdk/lib/tinyusb/src/device/usbd.c.o
                0x100053b4                tud_control_status
 .text.tud_control_xfer
                0x10005430      0x124 CMakeFiles/pico_rmii_ethernet_lwiperf.dir/home/pkcubed/pico-sdk/lib/tinyusb/src/device/usbd.c.o
                0x10005430                tud_control_xfer
 .text.usbd_edpt_open
                0x10005554       0x28 CMakeFiles/pico_rmii_ethernet_lwiperf.dir/home/pkcubed/pico-sdk/lib/tinyusb/src/device/usbd.c.o
                0x10005554                usbd_edpt_open
 .text.usbd_edpt_claim
                0x1000557c       0x24 CMakeFiles/pico_rmii_ethernet_lwiperf.dir/home/pkcubed/pico-sdk/lib/tinyusb/src/device/usbd.c.o
                0x1000557c                usbd_edpt_claim
 .text.usbd_edpt_release
                0x100055a0       0x24 CMakeFiles/pico_rmii_ethernet_lwiperf.dir/home/pkcubed/pico-sdk/lib/tinyusb/src/device/usbd.c.o
                0x100055a0                usbd_edpt_release
 .text.usbd_edpt_xfer
                0x100055c4       0x70 CMakeFiles/pico_rmii_ethernet_lwiperf.dir/home/pkcubed/pico-sdk/lib/tinyusb/src/device/usbd.c.o
                0x100055c4                usbd_edpt_xfer
 .text.tud_task_ext
                0x10005634      0x89c CMakeFiles/pico_rmii_ethernet_lwiperf.dir/home/pkcubed/pico-sdk/lib/tinyusb/src/device/usbd.c.o
                0x10005634                tud_task_ext
 .text.usbd_edpt_xfer_fifo
                0x10005ed0        0x4 CMakeFiles/pico_rmii_ethernet_lwiperf.dir/home/pkcubed/pico-sdk/lib/tinyusb/src/device/usbd.c.o
                0x10005ed0                usbd_edpt_xfer_fifo
 .text.tud_cdc_rx_cb
                0x10005ed4        0x4 CMakeFiles/pico_rmii_ethernet_lwiperf.dir/home/pkcubed/pico-sdk/lib/tinyusb/src/class/cdc/cdc_device.c.o
                0x10005ed4                tud_cdc_rx_cb
 .text.tud_cdc_rx_wanted_cb
                0x10005ed8        0x4 CMakeFiles/pico_rmii_ethernet_lwiperf.dir/home/pkcubed/pico-sdk/lib/tinyusb/src/class/cdc/cdc_device.c.o
                0x10005ed8                tud_cdc_rx_wanted_cb
 .text.tud_cdc_tx_complete_cb
                0x10005edc        0x4 CMakeFiles/pico_rmii_ethernet_lwiperf.dir/home/pkcubed/pico-sdk/lib/tinyusb/src/class/cdc/cdc_device.c.o
                0x10005edc                tud_cdc_tx_complete_cb
 .text.tud_cdc_notify_complete_cb
                0x10005ee0        0x4 CMakeFiles/pico_rmii_ethernet_lwiperf.dir/home/pkcubed/pico-sdk/lib/tinyusb/src/class/cdc/cdc_device.c.o
                0x10005ee0                tud_cdc_notify_complete_cb
 .text.tud_cdc_line_state_cb
                0x10005ee4        0x4 CMakeFiles/pico_rmii_ethernet_lwiperf.dir/home/pkcubed/pico-sdk/lib/tinyusb/src/class/cdc/cdc_device.c.o
                0x10005ee4                tud_cdc_line_state_cb
 .text.tud_cdc_send_break_cb
                0x10005ee8        0x4 CMakeFiles/pico_rmii_ethernet_lwiperf.dir/home/pkcubed/pico-sdk/lib/tinyusb/src/class/cdc/cdc_device.c.o
                0x10005ee8                tud_cdc_send_break_cb
 .text.tud_cdc_n_connected
                0x10005eec       0x28 CMakeFiles/pico_rmii_ethernet_lwiperf.dir/home/pkcubed/pico-sdk/lib/tinyusb/src/class/cdc/cdc_device.c.o
                0x10005eec                tud_cdc_n_connected
 .text.tud_cdc_n_available
                0x10005f14       0x34 CMakeFiles/pico_rmii_ethernet_lwiperf.dir/home/pkcubed/pico-sdk/lib/tinyusb/src/class/cdc/cdc_device.c.o
                0x10005f14                tud_cdc_n_available
 .text.tud_cdc_n_read
                0x10005f48       0x10 CMakeFiles/pico_rmii_ethernet_lwiperf.dir/home/pkcubed/pico-sdk/lib/tinyusb/src/class/cdc/cdc_device.c.o
                0x10005f48                tud_cdc_n_read
 .text.tud_cdc_n_write
                0x10005f58       0x10 CMakeFiles/pico_rmii_ethernet_lwiperf.dir/home/pkcubed/pico-sdk/lib/tinyusb/src/class/cdc/cdc_device.c.o
                0x10005f58                tud_cdc_n_write
 .text.tud_cdc_n_write_flush
                0x10005f68       0x10 CMakeFiles/pico_rmii_ethernet_lwiperf.dir/home/pkcubed/pico-sdk/lib/tinyusb/src/class/cdc/cdc_device.c.o
                0x10005f68                tud_cdc_n_write_flush
 .text.tud_cdc_n_write_available
                0x10005f78       0x10 CMakeFiles/pico_rmii_ethernet_lwiperf.dir/home/pkcubed/pico-sdk/lib/tinyusb/src/class/cdc/cdc_device.c.o
                0x10005f78                tud_cdc_n_write_available
 .text.cdcd_init
                0x10005f88       0x60 CMakeFiles/pico_rmii_ethernet_lwiperf.dir/home/pkcubed/pico-sdk/lib/tinyusb/src/class/cdc/cdc_device.c.o
                0x10005f88                cdcd_init
 .text.cdcd_deinit
                0x10005fe8        0x4 CMakeFiles/pico_rmii_ethernet_lwiperf.dir/home/pkcubed/pico-sdk/lib/tinyusb/src/class/cdc/cdc_device.c.o
                0x10005fe8                cdcd_deinit
 .text.cdcd_reset
                0x10005fec       0x20 CMakeFiles/pico_rmii_ethernet_lwiperf.dir/home/pkcubed/pico-sdk/lib/tinyusb/src/class/cdc/cdc_device.c.o
                0x10005fec                cdcd_reset
 .text.cdcd_open
                0x1000600c      0x150 CMakeFiles/pico_rmii_ethernet_lwiperf.dir/home/pkcubed/pico-sdk/lib/tinyusb/src/class/cdc/cdc_device.c.o
                0x1000600c                cdcd_open
 .text.cdcd_control_xfer_cb
                0x1000615c       0xa4 CMakeFiles/pico_rmii_ethernet_lwiperf.dir/home/pkcubed/pico-sdk/lib/tinyusb/src/class/cdc/cdc_device.c.o
                0x1000615c                cdcd_control_xfer_cb
 .text.cdcd_xfer_cb
                0x10006200      0x120 CMakeFiles/pico_rmii_ethernet_lwiperf.dir/home/pkcubed/pico-sdk/lib/tinyusb/src/class/cdc/cdc_device.c.o
                0x10006200                cdcd_xfer_cb
 .text.tud_vendor_rx_cb
                0x10006320        0x4 CMakeFiles/pico_rmii_ethernet_lwiperf.dir/home/pkcubed/pico-sdk/lib/tinyusb/src/class/vendor/vendor_device.c.o
                0x10006320                tud_vendor_rx_cb
 .text.tud_vendor_tx_cb
                0x10006324        0x4 CMakeFiles/pico_rmii_ethernet_lwiperf.dir/home/pkcubed/pico-sdk/lib/tinyusb/src/class/vendor/vendor_device.c.o
                0x10006324                tud_vendor_tx_cb
 .text.vendord_init
                0x10006328       0x54 CMakeFiles/pico_rmii_ethernet_lwiperf.dir/home/pkcubed/pico-sdk/lib/tinyusb/src/class/vendor/vendor_device.c.o
                0x10006328                vendord_init
 .text.vendord_deinit
                0x1000637c        0x4 CMakeFiles/pico_rmii_ethernet_lwiperf.dir/home/pkcubed/pico-sdk/lib/tinyusb/src/class/vendor/vendor_device.c.o
                0x1000637c                vendord_deinit
 .text.vendord_reset
                0x10006380       0x24 CMakeFiles/pico_rmii_ethernet_lwiperf.dir/home/pkcubed/pico-sdk/lib/tinyusb/src/class/vendor/vendor_device.c.o
                0x10006380                vendord_reset
 .text.vendord_open
                0x100063a4       0xd0 CMakeFiles/pico_rmii_ethernet_lwiperf.dir/home/pkcubed/pico-sdk/lib/tinyusb/src/class/vendor/vendor_device.c.o
                0x100063a4                vendord_open
 .text.vendord_xfer_cb
                0x10006474       0x68 CMakeFiles/pico_rmii_ethernet_lwiperf.dir/home/pkcubed/pico-sdk/lib/tinyusb/src/class/vendor/vendor_device.c.o
                0x10006474                vendord_xfer_cb
 .text.tusb_rhport_init
                0x100064dc       0x60 CMakeFiles/pico_rmii_ethernet_lwiperf.dir/home/pkcubed/pico-sdk/lib/tinyusb/src/tusb.c.o
                0x100064dc                tusb_rhport_init
 .text.tu_edpt_claim
                0x1000653c       0x40 CMakeFiles/pico_rmii_ethernet_lwiperf.dir/home/pkcubed/pico-sdk/lib/tinyusb/src/tusb.c.o
                0x1000653c                tu_edpt_claim
 .text.tu_edpt_release
                0x1000657c       0x34 CMakeFiles/pico_rmii_ethernet_lwiperf.dir/home/pkcubed/pico-sdk/lib/tinyusb/src/tusb.c.o
                0x1000657c                tu_edpt_release
 .text.tu_bind_driver_to_ep_itf
                0x100065b0       0x7c CMakeFiles/pico_rmii_ethernet_lwiperf.dir/home/pkcubed/pico-sdk/lib/tinyusb/src/tusb.c.o
                0x100065b0                tu_bind_driver_to_ep_itf
 .text.tu_edpt_stream_init
                0x1000662c       0x40 CMakeFiles/pico_rmii_ethernet_lwiperf.dir/home/pkcubed/pico-sdk/lib/tinyusb/src/tusb.c.o
                0x1000662c                tu_edpt_stream_init
 .text.tu_edpt_stream_write_zlp_if_needed
                0x1000666c       0x70 CMakeFiles/pico_rmii_ethernet_lwiperf.dir/home/pkcubed/pico-sdk/lib/tinyusb/src/tusb.c.o
                0x1000666c                tu_edpt_stream_write_zlp_if_needed
 .text.tu_edpt_stream_write_xfer
                0x100066dc       0xbc CMakeFiles/pico_rmii_ethernet_lwiperf.dir/home/pkcubed/pico-sdk/lib/tinyusb/src/tusb.c.o
                0x100066dc                tu_edpt_stream_write_xfer
 .text.tu_edpt_stream_write
                0x10006798       0xf0 CMakeFiles/pico_rmii_ethernet_lwiperf.dir/home/pkcubed/pico-sdk/lib/tinyusb/src/tusb.c.o
                0x10006798                tu_edpt_stream_write
 .text.tu_edpt_stream_write_available
                0x10006888       0x24 CMakeFiles/pico_rmii_ethernet_lwiperf.dir/home/pkcubed/pico-sdk/lib/tinyusb/src/tusb.c.o
                0x10006888                tu_edpt_stream_write_available
 .text.tu_edpt_stream_read_xfer
                0x100068ac       0xd0 CMakeFiles/pico_rmii_ethernet_lwiperf.dir/home/pkcubed/pico-sdk/lib/tinyusb/src/tusb.c.o
                0x100068ac                tu_edpt_stream_read_xfer
 .text.tu_edpt_stream_read
                0x1000697c       0xd4 CMakeFiles/pico_rmii_ethernet_lwiperf.dir/home/pkcubed/pico-sdk/lib/tinyusb/src/tusb.c.o
                0x1000697c                tu_edpt_stream_read
 .text.tu_fifo_config
                0x10006a50       0x4c CMakeFiles/pico_rmii_ethernet_lwiperf.dir/home/pkcubed/pico-sdk/lib/tinyusb/src/common/tusb_fifo.c.o
                0x10006a50                tu_fifo_config
 .text.tu_fifo_clear
                0x10006a9c       0x38 CMakeFiles/pico_rmii_ethernet_lwiperf.dir/home/pkcubed/pico-sdk/lib/tinyusb/src/common/tusb_fifo.c.o
                0x10006a9c                tu_fifo_clear
 .text.tu_fifo_set_overwritable
                0x10006ad4       0x3c CMakeFiles/pico_rmii_ethernet_lwiperf.dir/home/pkcubed/pico-sdk/lib/tinyusb/src/common/tusb_fifo.c.o
                0x10006ad4                tu_fifo_set_overwritable
 .text.tu_fifo_read_n_access_mode
                0x10006b10       0xc4 CMakeFiles/pico_rmii_ethernet_lwiperf.dir/home/pkcubed/pico-sdk/lib/tinyusb/src/common/tusb_fifo.c.o
                0x10006b10                tu_fifo_read_n_access_mode
 .text.tu_fifo_write_n_access_mode
                0x10006bd4      0x138 CMakeFiles/pico_rmii_ethernet_lwiperf.dir/home/pkcubed/pico-sdk/lib/tinyusb/src/common/tusb_fifo.c.o
                0x10006bd4                tu_fifo_write_n_access_mode
 .text.tu_fifo_get_read_info
                0x10006d0c       0xc4 CMakeFiles/pico_rmii_ethernet_lwiperf.dir/home/pkcubed/pico-sdk/lib/tinyusb/src/common/tusb_fifo.c.o
                0x10006d0c                tu_fifo_get_read_info
 .text.core1_trampoline
                0x10006dd0        0x4 CMakeFiles/pico_rmii_ethernet_lwiperf.dir/home/pkcubed/pico-sdk/src/rp2_common/pico_multicore/multicore.c.o
 .text.core1_wrapper
                0x10006dd4       0x10 CMakeFiles/pico_rmii_ethernet_lwiperf.dir/home/pkcubed/pico-sdk/src/rp2_common/pico_multicore/multicore.c.o
                0x10006dd4                core1_wrapper
 .text.multicore_launch_core1_raw
                0x10006de4       0x88 CMakeFiles/pico_rmii_ethernet_lwiperf.dir/home/pkcubed/pico-sdk/src/rp2_common/pico_multicore/multicore.c.o
                0x10006de4                multicore_launch_core1_raw
 .text.multicore_launch_core1
                0x10006e6c       0x48 CMakeFiles/pico_rmii_ethernet_lwiperf.dir/home/pkcubed/pico-sdk/src/rp2_common/pico_multicore/multicore.c.o
                0x10006e6c                multicore_launch_core1
 .text.md_sm    0x10006eb4      0x134 CMakeFiles/pico_rmii_ethernet_lwiperf.dir/__/__/src/rmii_ethernet.c.o
 .text.netif_rmii_ethernet_mdc_falling
                0x10006fe8       0xd8 CMakeFiles/pico_rmii_ethernet_lwiperf.dir/__/__/src/rmii_ethernet.c.o
 .text.netif_rmii_ethernet_output
                0x100070c0      0x290 CMakeFiles/pico_rmii_ethernet_lwiperf.dir/__/__/src/rmii_ethernet.c.o
 .text.netif_rmii_ethernet_low_init
                0x10007350      0x754 CMakeFiles/pico_rmii_ethernet_lwiperf.dir/__/__/src/rmii_ethernet.c.o
 .text.arch_pico_init
                0x10007aa4       0x68 CMakeFiles/pico_rmii_ethernet_lwiperf.dir/__/__/src/rmii_ethernet.c.o
                0x10007aa4                arch_pico_init
 *fill*         0x10007b0c        0x4 
 .text.arch_pico_info
                0x10007b10       0x98 CMakeFiles/pico_rmii_ethernet_lwiperf.dir/__/__/src/rmii_ethernet.c.o
                0x10007b10                arch_pico_info
 .text.netif_rmii_ethernet_init
                0x10007ba8       0x3c CMakeFiles/pico_rmii_ethernet_lwiperf.dir/__/__/src/rmii_ethernet.c.o
                0x10007ba8                netif_rmii_ethernet_init
 .text.netif_rmii_ethernet_poll
                0x10007be4      0x250 CMakeFiles/pico_rmii_ethernet_lwiperf.dir/__/__/src/rmii_ethernet.c.o
                0x10007be4                netif_rmii_ethernet_poll
 .text.netif_rmii_ethernet_loop
                0x10007e34        0x8 CMakeFiles/pico_rmii_ethernet_lwiperf.dir/__/__/src/rmii_ethernet.c.o
                0x10007e34                netif_rmii_ethernet_loop
 .text.pio_add_program
                0x10007e3c       0xf8 CMakeFiles/pico_rmii_ethernet_lwiperf.dir/home/pkcubed/pico-sdk/src/rp2_common/hardware_pio/pio.c.o
                0x10007e3c                pio_add_program
 .text.pio_sm_set_consecutive_pindirs
                0x10007f34       0x8c CMakeFiles/pico_rmii_ethernet_lwiperf.dir/home/pkcubed/pico-sdk/src/rp2_common/hardware_pio/pio.c.o
                0x10007f34                pio_sm_set_consecutive_pindirs
 .text.pio_sm_init
                0x10007fc0       0xa8 CMakeFiles/pico_rmii_ethernet_lwiperf.dir/home/pkcubed/pico-sdk/src/rp2_common/hardware_pio/pio.c.o
                0x10007fc0                pio_sm_init
 .text.dma_claim_unused_channel
                0x10008068       0x20 CMakeFiles/pico_rmii_ethernet_lwiperf.dir/home/pkcubed/pico-sdk/src/rp2_common/hardware_dma/dma.c.o
                0x10008068                dma_claim_unused_channel
 .text.lwip_htons
                0x10008088        0x8 CMakeFiles/pico_rmii_ethernet_lwiperf.dir/home/pkcubed/pico-sdk/lib/lwip/src/core/def.c.o
                0x10008088                lwip_htons
 .text.lwip_htonl
                0x10008090        0x4 CMakeFiles/pico_rmii_ethernet_lwiperf.dir/home/pkcubed/pico-sdk/lib/lwip/src/core/def.c.o
                0x10008090                lwip_htonl
 .text.lwip_standard_chksum
                0x10008094       0x78 CMakeFiles/pico_rmii_ethernet_lwiperf.dir/home/pkcubed/pico-sdk/lib/lwip/src/core/inet_chksum.c.o
                0x10008094                lwip_standard_chksum
 .text.inet_chksum_pseudo
                0x1000810c       0x8c CMakeFiles/pico_rmii_ethernet_lwiperf.dir/home/pkcubed/pico-sdk/lib/lwip/src/core/inet_chksum.c.o
                0x1000810c                inet_chksum_pseudo
 .text.ip_chksum_pseudo
                0x10008198        0x4 CMakeFiles/pico_rmii_ethernet_lwiperf.dir/home/pkcubed/pico-sdk/lib/lwip/src/core/inet_chksum.c.o
                0x10008198                ip_chksum_pseudo
 .text.inet_chksum
                0x1000819c       0x88 CMakeFiles/pico_rmii_ethernet_lwiperf.dir/home/pkcubed/pico-sdk/lib/lwip/src/core/inet_chksum.c.o
                0x1000819c                inet_chksum
 .text.inet_chksum_pbuf
                0x10008224       0x54 CMakeFiles/pico_rmii_ethernet_lwiperf.dir/home/pkcubed/pico-sdk/lib/lwip/src/core/inet_chksum.c.o
                0x10008224                inet_chksum_pbuf
 .text.lwip_init
                0x10008278       0x24 CMakeFiles/pico_rmii_ethernet_lwiperf.dir/home/pkcubed/pico-sdk/lib/lwip/src/core/init.c.o
                0x10008278                lwip_init
 .text.mem_init
                0x1000829c       0x50 CMakeFiles/pico_rmii_ethernet_lwiperf.dir/home/pkcubed/pico-sdk/lib/lwip/src/core/mem.c.o
                0x1000829c                mem_init
 .text.mem_free
                0x100082ec      0x114 CMakeFiles/pico_rmii_ethernet_lwiperf.dir/home/pkcubed/pico-sdk/lib/lwip/src/core/mem.c.o
                0x100082ec                mem_free
 .text.mem_trim
                0x10008400      0x13c CMakeFiles/pico_rmii_ethernet_lwiperf.dir/home/pkcubed/pico-sdk/lib/lwip/src/core/mem.c.o
                0x10008400                mem_trim
 .text.mem_malloc
                0x1000853c      0x114 CMakeFiles/pico_rmii_ethernet_lwiperf.dir/home/pkcubed/pico-sdk/lib/lwip/src/core/mem.c.o
                0x1000853c                mem_malloc
 .text.memp_init
                0x10008650       0x84 CMakeFiles/pico_rmii_ethernet_lwiperf.dir/home/pkcubed/pico-sdk/lib/lwip/src/core/memp.c.o
                0x10008650                memp_init
 .text.memp_malloc
                0x100086d4       0x5c CMakeFiles/pico_rmii_ethernet_lwiperf.dir/home/pkcubed/pico-sdk/lib/lwip/src/core/memp.c.o
                0x100086d4                memp_malloc
 .text.memp_free
                0x10008730       0x3c CMakeFiles/pico_rmii_ethernet_lwiperf.dir/home/pkcubed/pico-sdk/lib/lwip/src/core/memp.c.o
                0x10008730                memp_free
 .text.netif_null_output_ip4
                0x1000876c        0x8 CMakeFiles/pico_rmii_ethernet_lwiperf.dir/home/pkcubed/pico-sdk/lib/lwip/src/core/netif.c.o
 .text.netif_init
                0x10008774        0x4 CMakeFiles/pico_rmii_ethernet_lwiperf.dir/home/pkcubed/pico-sdk/lib/lwip/src/core/netif.c.o
                0x10008774                netif_init
 .text.netif_input
                0x10008778       0x14 CMakeFiles/pico_rmii_ethernet_lwiperf.dir/home/pkcubed/pico-sdk/lib/lwip/src/core/netif.c.o
                0x10008778                netif_input
 .text.netif_add
                0x1000878c      0x14c CMakeFiles/pico_rmii_ethernet_lwiperf.dir/home/pkcubed/pico-sdk/lib/lwip/src/core/netif.c.o
                0x1000878c                netif_add
 .text.netif_set_addr
                0x100088d8       0xc0 CMakeFiles/pico_rmii_ethernet_lwiperf.dir/home/pkcubed/pico-sdk/lib/lwip/src/core/netif.c.o
                0x100088d8                netif_set_addr
 .text.netif_set_default
                0x10008998        0xc CMakeFiles/pico_rmii_ethernet_lwiperf.dir/home/pkcubed/pico-sdk/lib/lwip/src/core/netif.c.o
                0x10008998                netif_set_default
 .text.netif_set_up
                0x100089a4       0x24 CMakeFiles/pico_rmii_ethernet_lwiperf.dir/home/pkcubed/pico-sdk/lib/lwip/src/core/netif.c.o
                0x100089a4                netif_set_up
 .text.netif_set_status_callback
                0x100089c8        0x8 CMakeFiles/pico_rmii_ethernet_lwiperf.dir/home/pkcubed/pico-sdk/lib/lwip/src/core/netif.c.o
                0x100089c8                netif_set_status_callback
 .text.netif_set_link_up
                0x100089d0       0x34 CMakeFiles/pico_rmii_ethernet_lwiperf.dir/home/pkcubed/pico-sdk/lib/lwip/src/core/netif.c.o
                0x100089d0                netif_set_link_up
 .text.netif_set_link_down
                0x10008a04       0x34 CMakeFiles/pico_rmii_ethernet_lwiperf.dir/home/pkcubed/pico-sdk/lib/lwip/src/core/netif.c.o
                0x10008a04                netif_set_link_down
 .text.netif_set_link_callback
                0x10008a38        0x8 CMakeFiles/pico_rmii_ethernet_lwiperf.dir/home/pkcubed/pico-sdk/lib/lwip/src/core/netif.c.o
                0x10008a38                netif_set_link_callback
 .text.netif_get_by_index
                0x10008a40       0x24 CMakeFiles/pico_rmii_ethernet_lwiperf.dir/home/pkcubed/pico-sdk/lib/lwip/src/core/netif.c.o
                0x10008a40                netif_get_by_index
 .text.pbuf_free_ooseq
                0x10008a64       0x40 CMakeFiles/pico_rmii_ethernet_lwiperf.dir/home/pkcubed/pico-sdk/lib/lwip/src/core/pbuf.c.o
                0x10008a64                pbuf_free_ooseq
 .text.pbuf_alloced_custom
                0x10008aa4       0x64 CMakeFiles/pico_rmii_ethernet_lwiperf.dir/home/pkcubed/pico-sdk/lib/lwip/src/core/pbuf.c.o
                0x10008aa4                pbuf_alloced_custom
 .text.pbuf_add_header
                0x10008b08       0x6c CMakeFiles/pico_rmii_ethernet_lwiperf.dir/home/pkcubed/pico-sdk/lib/lwip/src/core/pbuf.c.o
                0x10008b08                pbuf_add_header
 .text.pbuf_remove_header
                0x10008b74       0x50 CMakeFiles/pico_rmii_ethernet_lwiperf.dir/home/pkcubed/pico-sdk/lib/lwip/src/core/pbuf.c.o
                0x10008b74                pbuf_remove_header
 .text.pbuf_header_force
                0x10008bc4       0x94 CMakeFiles/pico_rmii_ethernet_lwiperf.dir/home/pkcubed/pico-sdk/lib/lwip/src/core/pbuf.c.o
                0x10008bc4                pbuf_header_force
 .text.pbuf_free
                0x10008c58       0xa8 CMakeFiles/pico_rmii_ethernet_lwiperf.dir/home/pkcubed/pico-sdk/lib/lwip/src/core/pbuf.c.o
                0x10008c58                pbuf_free
 .text.pbuf_alloc
                0x10008d00      0x168 CMakeFiles/pico_rmii_ethernet_lwiperf.dir/home/pkcubed/pico-sdk/lib/lwip/src/core/pbuf.c.o
                0x10008d00                pbuf_alloc
 .text.pbuf_realloc
                0x10008e68       0x70 CMakeFiles/pico_rmii_ethernet_lwiperf.dir/home/pkcubed/pico-sdk/lib/lwip/src/core/pbuf.c.o
                0x10008e68                pbuf_realloc
 .text.pbuf_clen
                0x10008ed8       0x14 CMakeFiles/pico_rmii_ethernet_lwiperf.dir/home/pkcubed/pico-sdk/lib/lwip/src/core/pbuf.c.o
                0x10008ed8                pbuf_clen
 .text.pbuf_ref
                0x10008eec       0x1c CMakeFiles/pico_rmii_ethernet_lwiperf.dir/home/pkcubed/pico-sdk/lib/lwip/src/core/pbuf.c.o
                0x10008eec                pbuf_ref
 .text.pbuf_cat
                0x10008f08       0x40 CMakeFiles/pico_rmii_ethernet_lwiperf.dir/home/pkcubed/pico-sdk/lib/lwip/src/core/pbuf.c.o
                0x10008f08                pbuf_cat
 .text.pbuf_chain
                0x10008f48       0x78 CMakeFiles/pico_rmii_ethernet_lwiperf.dir/home/pkcubed/pico-sdk/lib/lwip/src/core/pbuf.c.o
                0x10008f48                pbuf_chain
 .text.pbuf_copy_partial_pbuf
                0x10008fc0      0x140 CMakeFiles/pico_rmii_ethernet_lwiperf.dir/home/pkcubed/pico-sdk/lib/lwip/src/core/pbuf.c.o
                0x10008fc0                pbuf_copy_partial_pbuf
 .text.pbuf_copy
                0x10009100       0x38 CMakeFiles/pico_rmii_ethernet_lwiperf.dir/home/pkcubed/pico-sdk/lib/lwip/src/core/pbuf.c.o
                0x10009100                pbuf_copy
 .text.pbuf_copy_partial
                0x10009138       0x80 CMakeFiles/pico_rmii_ethernet_lwiperf.dir/home/pkcubed/pico-sdk/lib/lwip/src/core/pbuf.c.o
                0x10009138                pbuf_copy_partial
 .text.pbuf_clone
                0x100091b8       0x30 CMakeFiles/pico_rmii_ethernet_lwiperf.dir/home/pkcubed/pico-sdk/lib/lwip/src/core/pbuf.c.o
                0x100091b8                pbuf_clone
 .text.raw_input
                0x100091e8      0x104 CMakeFiles/pico_rmii_ethernet_lwiperf.dir/home/pkcubed/pico-sdk/lib/lwip/src/core/raw.c.o
                0x100091e8                raw_input
 .text.raw_netif_ip_addr_changed
                0x100092ec       0x3c CMakeFiles/pico_rmii_ethernet_lwiperf.dir/home/pkcubed/pico-sdk/lib/lwip/src/core/raw.c.o
                0x100092ec                raw_netif_ip_addr_changed
 .text.stats_init
                0x10009328       0x14 CMakeFiles/pico_rmii_ethernet_lwiperf.dir/home/pkcubed/pico-sdk/lib/lwip/src/core/stats.c.o
                0x10009328                stats_init
 .text.tcp_pcb_purge.part.0
                0x1000933c       0xfc CMakeFiles/pico_rmii_ethernet_lwiperf.dir/home/pkcubed/pico-sdk/lib/lwip/src/core/tcp.c.o
 .text.tcp_init
                0x10009438        0x4 CMakeFiles/pico_rmii_ethernet_lwiperf.dir/home/pkcubed/pico-sdk/lib/lwip/src/core/tcp.c.o
                0x10009438                tcp_init
 .text.tcp_free
                0x1000943c        0x8 CMakeFiles/pico_rmii_ethernet_lwiperf.dir/home/pkcubed/pico-sdk/lib/lwip/src/core/tcp.c.o
                0x1000943c                tcp_free
 .text.tcp_bind
                0x10009444       0xf4 CMakeFiles/pico_rmii_ethernet_lwiperf.dir/home/pkcubed/pico-sdk/lib/lwip/src/core/tcp.c.o
                0x10009444                tcp_bind
 .text.tcp_listen_with_backlog
                0x10009538       0xa8 CMakeFiles/pico_rmii_ethernet_lwiperf.dir/home/pkcubed/pico-sdk/lib/lwip/src/core/tcp.c.o
                0x10009538                tcp_listen_with_backlog
 .text.tcp_update_rcv_ann_wnd
                0x100095e0       0x38 CMakeFiles/pico_rmii_ethernet_lwiperf.dir/home/pkcubed/pico-sdk/lib/lwip/src/core/tcp.c.o
                0x100095e0                tcp_update_rcv_ann_wnd
 .text.tcp_recved
                0x10009618       0x9c CMakeFiles/pico_rmii_ethernet_lwiperf.dir/home/pkcubed/pico-sdk/lib/lwip/src/core/tcp.c.o
                0x10009618                tcp_recved
 .text.tcp_slowtmr
                0x100096b4      0x518 CMakeFiles/pico_rmii_ethernet_lwiperf.dir/home/pkcubed/pico-sdk/lib/lwip/src/core/tcp.c.o
                0x100096b4                tcp_slowtmr
 .text.tcp_segs_free
                0x10009bcc       0x38 CMakeFiles/pico_rmii_ethernet_lwiperf.dir/home/pkcubed/pico-sdk/lib/lwip/src/core/tcp.c.o
                0x10009bcc                tcp_segs_free
 .text.tcp_seg_free
                0x10009c04       0x20 CMakeFiles/pico_rmii_ethernet_lwiperf.dir/home/pkcubed/pico-sdk/lib/lwip/src/core/tcp.c.o
                0x10009c04                tcp_seg_free
 .text.tcp_seg_copy
                0x10009c24       0x2c CMakeFiles/pico_rmii_ethernet_lwiperf.dir/home/pkcubed/pico-sdk/lib/lwip/src/core/tcp.c.o
                0x10009c24                tcp_seg_copy
 .text.tcp_arg  0x10009c50        0x8 CMakeFiles/pico_rmii_ethernet_lwiperf.dir/home/pkcubed/pico-sdk/lib/lwip/src/core/tcp.c.o
                0x10009c50                tcp_arg
 .text.tcp_recv
                0x10009c58        0x8 CMakeFiles/pico_rmii_ethernet_lwiperf.dir/home/pkcubed/pico-sdk/lib/lwip/src/core/tcp.c.o
                0x10009c58                tcp_recv
 .text.tcp_sent
                0x10009c60        0x8 CMakeFiles/pico_rmii_ethernet_lwiperf.dir/home/pkcubed/pico-sdk/lib/lwip/src/core/tcp.c.o
                0x10009c60                tcp_sent
 .text.tcp_accept
                0x10009c68        0xc CMakeFiles/pico_rmii_ethernet_lwiperf.dir/home/pkcubed/pico-sdk/lib/lwip/src/core/tcp.c.o
                0x10009c68                tcp_accept
 .text.tcp_pcb_purge
                0x10009c74       0x1c CMakeFiles/pico_rmii_ethernet_lwiperf.dir/home/pkcubed/pico-sdk/lib/lwip/src/core/tcp.c.o
                0x10009c74                tcp_pcb_purge
 .text.tcp_pcb_remove
                0x10009c90       0x98 CMakeFiles/pico_rmii_ethernet_lwiperf.dir/home/pkcubed/pico-sdk/lib/lwip/src/core/tcp.c.o
                0x10009c90                tcp_pcb_remove
 .text.tcp_close_shutdown
                0x10009d28      0x190 CMakeFiles/pico_rmii_ethernet_lwiperf.dir/home/pkcubed/pico-sdk/lib/lwip/src/core/tcp.c.o
 .text.tcp_close
                0x10009eb8       0x50 CMakeFiles/pico_rmii_ethernet_lwiperf.dir/home/pkcubed/pico-sdk/lib/lwip/src/core/tcp.c.o
                0x10009eb8                tcp_close
 .text.tcp_recv_null
                0x10009f08       0xec CMakeFiles/pico_rmii_ethernet_lwiperf.dir/home/pkcubed/pico-sdk/lib/lwip/src/core/tcp.c.o
                0x10009f08                tcp_recv_null
 .text.tcp_process_refused_data
                0x10009ff4       0x78 CMakeFiles/pico_rmii_ethernet_lwiperf.dir/home/pkcubed/pico-sdk/lib/lwip/src/core/tcp.c.o
                0x10009ff4                tcp_process_refused_data
 .text.tcp_fasttmr
                0x1000a06c       0xe4 CMakeFiles/pico_rmii_ethernet_lwiperf.dir/home/pkcubed/pico-sdk/lib/lwip/src/core/tcp.c.o
                0x1000a06c                tcp_fasttmr
 .text.tcp_tmr  0x1000a150       0x24 CMakeFiles/pico_rmii_ethernet_lwiperf.dir/home/pkcubed/pico-sdk/lib/lwip/src/core/tcp.c.o
                0x1000a150                tcp_tmr
 .text.tcp_abandon
                0x1000a174      0x19c CMakeFiles/pico_rmii_ethernet_lwiperf.dir/home/pkcubed/pico-sdk/lib/lwip/src/core/tcp.c.o
                0x1000a174                tcp_abandon
 .text.tcp_abort
                0x1000a310        0x8 CMakeFiles/pico_rmii_ethernet_lwiperf.dir/home/pkcubed/pico-sdk/lib/lwip/src/core/tcp.c.o
                0x1000a310                tcp_abort
 .text.tcp_accept_null
                0x1000a318       0x10 CMakeFiles/pico_rmii_ethernet_lwiperf.dir/home/pkcubed/pico-sdk/lib/lwip/src/core/tcp.c.o
 .text.tcp_alloc
                0x1000a328      0x298 CMakeFiles/pico_rmii_ethernet_lwiperf.dir/home/pkcubed/pico-sdk/lib/lwip/src/core/tcp.c.o
                0x1000a328                tcp_alloc
 .text.tcp_new  0x1000a5c0        0x8 CMakeFiles/pico_rmii_ethernet_lwiperf.dir/home/pkcubed/pico-sdk/lib/lwip/src/core/tcp.c.o
                0x1000a5c0                tcp_new
 .text.tcp_next_iss
                0x1000a5c8       0x18 CMakeFiles/pico_rmii_ethernet_lwiperf.dir/home/pkcubed/pico-sdk/lib/lwip/src/core/tcp.c.o
                0x1000a5c8                tcp_next_iss
 .text.tcp_eff_send_mss_netif
                0x1000a5e0       0x18 CMakeFiles/pico_rmii_ethernet_lwiperf.dir/home/pkcubed/pico-sdk/lib/lwip/src/core/tcp.c.o
                0x1000a5e0                tcp_eff_send_mss_netif
 .text.tcp_netif_ip_addr_changed
                0x1000a5f8       0x94 CMakeFiles/pico_rmii_ethernet_lwiperf.dir/home/pkcubed/pico-sdk/lib/lwip/src/core/tcp.c.o
                0x1000a5f8                tcp_netif_ip_addr_changed
 .text.tcp_free_ooseq
                0x1000a68c       0x3c CMakeFiles/pico_rmii_ethernet_lwiperf.dir/home/pkcubed/pico-sdk/lib/lwip/src/core/tcp.c.o
                0x1000a68c                tcp_free_ooseq
 .text.tcp_debug_print_flags
                0x1000a6c8       0xa4 CMakeFiles/pico_rmii_ethernet_lwiperf.dir/home/pkcubed/pico-sdk/lib/lwip/src/core/tcp.c.o
                0x1000a6c8                tcp_debug_print_flags
 .text.tcp_debug_print
                0x1000a76c      0x128 CMakeFiles/pico_rmii_ethernet_lwiperf.dir/home/pkcubed/pico-sdk/lib/lwip/src/core/tcp.c.o
                0x1000a76c                tcp_debug_print
 .text.tcp_pcbs_sane
                0x1000a894       0x24 CMakeFiles/pico_rmii_ethernet_lwiperf.dir/home/pkcubed/pico-sdk/lib/lwip/src/core/tcp.c.o
                0x1000a894                tcp_pcbs_sane
 .text.tcp_parseopt
                0x1000a8b8      0x1a4 CMakeFiles/pico_rmii_ethernet_lwiperf.dir/home/pkcubed/pico-sdk/lib/lwip/src/core/tcp_in.c.o
 .text.tcp_oos_insert_segment
                0x1000aa5c       0x88 CMakeFiles/pico_rmii_ethernet_lwiperf.dir/home/pkcubed/pico-sdk/lib/lwip/src/core/tcp_in.c.o
 .text.tcp_receive
                0x1000aae4      0x8dc CMakeFiles/pico_rmii_ethernet_lwiperf.dir/home/pkcubed/pico-sdk/lib/lwip/src/core/tcp_in.c.o
 .text.tcp_input
                0x1000b3c0      0xbe0 CMakeFiles/pico_rmii_ethernet_lwiperf.dir/home/pkcubed/pico-sdk/lib/lwip/src/core/tcp_in.c.o
                0x1000b3c0                tcp_input
 .text.tcp_trigger_input_pcb_close
                0x1000bfa0       0x10 CMakeFiles/pico_rmii_ethernet_lwiperf.dir/home/pkcubed/pico-sdk/lib/lwip/src/core/tcp_in.c.o
                0x1000bfa0                tcp_trigger_input_pcb_close
 .text.tcp_create_segment
                0x1000bfb0       0xac CMakeFiles/pico_rmii_ethernet_lwiperf.dir/home/pkcubed/pico-sdk/lib/lwip/src/core/tcp_out.c.o
 .text.tcp_output_control_segment
                0x1000c05c       0xa8 CMakeFiles/pico_rmii_ethernet_lwiperf.dir/home/pkcubed/pico-sdk/lib/lwip/src/core/tcp_out.c.o
 .text.tcp_output_alloc_header.constprop.0
                0x1000c104       0x70 CMakeFiles/pico_rmii_ethernet_lwiperf.dir/home/pkcubed/pico-sdk/lib/lwip/src/core/tcp_out.c.o
 .text.tcp_split_unsent_seg
                0x1000c174      0x168 CMakeFiles/pico_rmii_ethernet_lwiperf.dir/home/pkcubed/pico-sdk/lib/lwip/src/core/tcp_out.c.o
                0x1000c174                tcp_split_unsent_seg
 .text.tcp_send_fin
                0x1000c2dc       0xb8 CMakeFiles/pico_rmii_ethernet_lwiperf.dir/home/pkcubed/pico-sdk/lib/lwip/src/core/tcp_out.c.o
                0x1000c2dc                tcp_send_fin
 .text.tcp_enqueue_flags
                0x1000c394       0x94 CMakeFiles/pico_rmii_ethernet_lwiperf.dir/home/pkcubed/pico-sdk/lib/lwip/src/core/tcp_out.c.o
                0x1000c394                tcp_enqueue_flags
 .text.tcp_rexmit_rto_prepare
                0x1000c428       0x78 CMakeFiles/pico_rmii_ethernet_lwiperf.dir/home/pkcubed/pico-sdk/lib/lwip/src/core/tcp_out.c.o
                0x1000c428                tcp_rexmit_rto_prepare
 .text.tcp_rexmit
                0x1000c4a0       0x68 CMakeFiles/pico_rmii_ethernet_lwiperf.dir/home/pkcubed/pico-sdk/lib/lwip/src/core/tcp_out.c.o
                0x1000c4a0                tcp_rexmit
 .text.tcp_rexmit_fast
                0x1000c508       0x58 CMakeFiles/pico_rmii_ethernet_lwiperf.dir/home/pkcubed/pico-sdk/lib/lwip/src/core/tcp_out.c.o
                0x1000c508                tcp_rexmit_fast
 .text.tcp_rst  0x1000c560       0x90 CMakeFiles/pico_rmii_ethernet_lwiperf.dir/home/pkcubed/pico-sdk/lib/lwip/src/core/tcp_out.c.o
                0x1000c560                tcp_rst
 .text.tcp_rst_netif
                0x1000c5f0       0xe8 CMakeFiles/pico_rmii_ethernet_lwiperf.dir/home/pkcubed/pico-sdk/lib/lwip/src/core/tcp_out.c.o
                0x1000c5f0                tcp_rst_netif
 .text.tcp_send_empty_ack
                0x1000c6d8       0xa4 CMakeFiles/pico_rmii_ethernet_lwiperf.dir/home/pkcubed/pico-sdk/lib/lwip/src/core/tcp_out.c.o
                0x1000c6d8                tcp_send_empty_ack
 .text.tcp_output
                0x1000c77c      0x320 CMakeFiles/pico_rmii_ethernet_lwiperf.dir/home/pkcubed/pico-sdk/lib/lwip/src/core/tcp_out.c.o
                0x1000c77c                tcp_output
 .text.tcp_rexmit_rto_commit
                0x1000ca9c       0x14 CMakeFiles/pico_rmii_ethernet_lwiperf.dir/home/pkcubed/pico-sdk/lib/lwip/src/core/tcp_out.c.o
                0x1000ca9c                tcp_rexmit_rto_commit
 .text.tcp_rexmit_rto
                0x1000cab0       0x88 CMakeFiles/pico_rmii_ethernet_lwiperf.dir/home/pkcubed/pico-sdk/lib/lwip/src/core/tcp_out.c.o
                0x1000cab0                tcp_rexmit_rto
 .text.tcp_keepalive
                0x1000cb38       0x94 CMakeFiles/pico_rmii_ethernet_lwiperf.dir/home/pkcubed/pico-sdk/lib/lwip/src/core/tcp_out.c.o
                0x1000cb38                tcp_keepalive
 .text.tcp_zero_window_probe
                0x1000cbcc      0x118 CMakeFiles/pico_rmii_ethernet_lwiperf.dir/home/pkcubed/pico-sdk/lib/lwip/src/core/tcp_out.c.o
                0x1000cbcc                tcp_zero_window_probe
 .text.tcpip_tcp_timer
                0x1000cce4       0x68 CMakeFiles/pico_rmii_ethernet_lwiperf.dir/home/pkcubed/pico-sdk/lib/lwip/src/core/timeouts.c.o
 .text.lwip_cyclic_timer
                0x1000cd4c       0x88 CMakeFiles/pico_rmii_ethernet_lwiperf.dir/home/pkcubed/pico-sdk/lib/lwip/src/core/timeouts.c.o
 .text.tcp_timer_needed
                0x1000cdd4       0x6c CMakeFiles/pico_rmii_ethernet_lwiperf.dir/home/pkcubed/pico-sdk/lib/lwip/src/core/timeouts.c.o
                0x1000cdd4                tcp_timer_needed
 .text.sys_timeouts_init
                0x1000ce40       0x78 CMakeFiles/pico_rmii_ethernet_lwiperf.dir/home/pkcubed/pico-sdk/lib/lwip/src/core/timeouts.c.o
                0x1000ce40                sys_timeouts_init
 .text.sys_check_timeouts
                0x1000ceb8       0x5c CMakeFiles/pico_rmii_ethernet_lwiperf.dir/home/pkcubed/pico-sdk/lib/lwip/src/core/timeouts.c.o
                0x1000ceb8                sys_check_timeouts
 .text.udp_init
                0x1000cf14        0x4 CMakeFiles/pico_rmii_ethernet_lwiperf.dir/home/pkcubed/pico-sdk/lib/lwip/src/core/udp.c.o
                0x1000cf14                udp_init
 .text.udp_input
                0x1000cf18      0x44c CMakeFiles/pico_rmii_ethernet_lwiperf.dir/home/pkcubed/pico-sdk/lib/lwip/src/core/udp.c.o
                0x1000cf18                udp_input
 .text.udp_bind
                0x1000d364      0x18c CMakeFiles/pico_rmii_ethernet_lwiperf.dir/home/pkcubed/pico-sdk/lib/lwip/src/core/udp.c.o
                0x1000d364                udp_bind
 .text.udp_sendto_if_src
                0x1000d4f0      0x1bc CMakeFiles/pico_rmii_ethernet_lwiperf.dir/home/pkcubed/pico-sdk/lib/lwip/src/core/udp.c.o
                0x1000d4f0                udp_sendto_if_src
 .text.udp_sendto_if
                0x1000d6ac       0x70 CMakeFiles/pico_rmii_ethernet_lwiperf.dir/home/pkcubed/pico-sdk/lib/lwip/src/core/udp.c.o
                0x1000d6ac                udp_sendto_if
 .text.udp_connect
                0x1000d71c       0xa4 CMakeFiles/pico_rmii_ethernet_lwiperf.dir/home/pkcubed/pico-sdk/lib/lwip/src/core/udp.c.o
                0x1000d71c                udp_connect
 .text.udp_recv
                0x1000d7c0       0x14 CMakeFiles/pico_rmii_ethernet_lwiperf.dir/home/pkcubed/pico-sdk/lib/lwip/src/core/udp.c.o
                0x1000d7c0                udp_recv
 .text.udp_remove
                0x1000d7d4       0x3c CMakeFiles/pico_rmii_ethernet_lwiperf.dir/home/pkcubed/pico-sdk/lib/lwip/src/core/udp.c.o
                0x1000d7d4                udp_remove
 .text.udp_new  0x1000d810       0x1c CMakeFiles/pico_rmii_ethernet_lwiperf.dir/home/pkcubed/pico-sdk/lib/lwip/src/core/udp.c.o
                0x1000d810                udp_new
 .text.udp_netif_ip_addr_changed
                0x1000d82c       0x3c CMakeFiles/pico_rmii_ethernet_lwiperf.dir/home/pkcubed/pico-sdk/lib/lwip/src/core/udp.c.o
                0x1000d82c                udp_netif_ip_addr_changed
 .text.dhcp_create_msg
                0x1000d868      0x128 CMakeFiles/pico_rmii_ethernet_lwiperf.dir/home/pkcubed/pico-sdk/lib/lwip/src/core/ipv4/dhcp.c.o
 .text.dhcp_bind
                0x1000d990      0x1a4 CMakeFiles/pico_rmii_ethernet_lwiperf.dir/home/pkcubed/pico-sdk/lib/lwip/src/core/ipv4/dhcp.c.o
 .text.dhcp_handle_ack.isra.0
                0x1000db34       0x88 CMakeFiles/pico_rmii_ethernet_lwiperf.dir/home/pkcubed/pico-sdk/lib/lwip/src/core/ipv4/dhcp.c.o
 .text.dhcp_reboot.isra.0
                0x1000dbbc      0x1b8 CMakeFiles/pico_rmii_ethernet_lwiperf.dir/home/pkcubed/pico-sdk/lib/lwip/src/core/ipv4/dhcp.c.o
 .text.dhcp_discover
                0x1000dd74      0x190 CMakeFiles/pico_rmii_ethernet_lwiperf.dir/home/pkcubed/pico-sdk/lib/lwip/src/core/ipv4/dhcp.c.o
 .text.dhcp_select.isra.0
                0x1000df04      0x248 CMakeFiles/pico_rmii_ethernet_lwiperf.dir/home/pkcubed/pico-sdk/lib/lwip/src/core/ipv4/dhcp.c.o
 .text.dhcp_recv
                0x1000e14c      0x9a0 CMakeFiles/pico_rmii_ethernet_lwiperf.dir/home/pkcubed/pico-sdk/lib/lwip/src/core/ipv4/dhcp.c.o
 .text.dhcp_conflict_callback
                0x1000eaec      0x13c CMakeFiles/pico_rmii_ethernet_lwiperf.dir/home/pkcubed/pico-sdk/lib/lwip/src/core/ipv4/dhcp.c.o
 .text.dhcp_network_changed_link_up
                0x1000ec28       0x28 CMakeFiles/pico_rmii_ethernet_lwiperf.dir/home/pkcubed/pico-sdk/lib/lwip/src/core/ipv4/dhcp.c.o
                0x1000ec28                dhcp_network_changed_link_up
 .text.dhcp_renew
                0x1000ec50      0x16c CMakeFiles/pico_rmii_ethernet_lwiperf.dir/home/pkcubed/pico-sdk/lib/lwip/src/core/ipv4/dhcp.c.o
                0x1000ec50                dhcp_renew
 .text.dhcp_release_and_stop
                0x1000edbc      0x168 CMakeFiles/pico_rmii_ethernet_lwiperf.dir/home/pkcubed/pico-sdk/lib/lwip/src/core/ipv4/dhcp.c.o
                0x1000edbc                dhcp_release_and_stop
 .text.dhcp_start
                0x1000ef24      0x178 CMakeFiles/pico_rmii_ethernet_lwiperf.dir/home/pkcubed/pico-sdk/lib/lwip/src/core/ipv4/dhcp.c.o
                0x1000ef24                dhcp_start
 .text.dhcp_coarse_tmr
                0x1000f09c      0x274 CMakeFiles/pico_rmii_ethernet_lwiperf.dir/home/pkcubed/pico-sdk/lib/lwip/src/core/ipv4/dhcp.c.o
                0x1000f09c                dhcp_coarse_tmr
 .text.dhcp_fine_tmr
                0x1000f310       0xd4 CMakeFiles/pico_rmii_ethernet_lwiperf.dir/home/pkcubed/pico-sdk/lib/lwip/src/core/ipv4/dhcp.c.o
                0x1000f310                dhcp_fine_tmr
 .text.etharp_find_entry
                0x1000f3e4      0x3bc CMakeFiles/pico_rmii_ethernet_lwiperf.dir/home/pkcubed/pico-sdk/lib/lwip/src/core/ipv4/etharp.c.o
 .text.etharp_raw
                0x1000f7a0       0xa0 CMakeFiles/pico_rmii_ethernet_lwiperf.dir/home/pkcubed/pico-sdk/lib/lwip/src/core/ipv4/etharp.c.o
 .text.etharp_output_to_arp_index
                0x1000f840       0xb0 CMakeFiles/pico_rmii_ethernet_lwiperf.dir/home/pkcubed/pico-sdk/lib/lwip/src/core/ipv4/etharp.c.o
 .text.etharp_tmr
                0x1000f8f0       0x9c CMakeFiles/pico_rmii_ethernet_lwiperf.dir/home/pkcubed/pico-sdk/lib/lwip/src/core/ipv4/etharp.c.o
                0x1000f8f0                etharp_tmr
 .text.etharp_input
                0x1000f98c      0x178 CMakeFiles/pico_rmii_ethernet_lwiperf.dir/home/pkcubed/pico-sdk/lib/lwip/src/core/ipv4/etharp.c.o
                0x1000f98c                etharp_input
 .text.etharp_query
                0x1000fb04      0x174 CMakeFiles/pico_rmii_ethernet_lwiperf.dir/home/pkcubed/pico-sdk/lib/lwip/src/core/ipv4/etharp.c.o
                0x1000fb04                etharp_query
 .text.etharp_output
                0x1000fc78      0x208 CMakeFiles/pico_rmii_ethernet_lwiperf.dir/home/pkcubed/pico-sdk/lib/lwip/src/core/ipv4/etharp.c.o
                0x1000fc78                etharp_output
 .text.etharp_acd_probe
                0x1000fe80       0xa4 CMakeFiles/pico_rmii_ethernet_lwiperf.dir/home/pkcubed/pico-sdk/lib/lwip/src/core/ipv4/etharp.c.o
                0x1000fe80                etharp_acd_probe
 .text.etharp_acd_announce
                0x1000ff24       0x9c CMakeFiles/pico_rmii_ethernet_lwiperf.dir/home/pkcubed/pico-sdk/lib/lwip/src/core/ipv4/etharp.c.o
                0x1000ff24                etharp_acd_announce
 .text.icmp_input
                0x1000ffc0      0x1a4 CMakeFiles/pico_rmii_ethernet_lwiperf.dir/home/pkcubed/pico-sdk/lib/lwip/src/core/ipv4/icmp.c.o
                0x1000ffc0                icmp_input
 .text.icmp_dest_unreach
                0x10010164       0x98 CMakeFiles/pico_rmii_ethernet_lwiperf.dir/home/pkcubed/pico-sdk/lib/lwip/src/core/ipv4/icmp.c.o
                0x10010164                icmp_dest_unreach
 .text.icmp_time_exceeded
                0x100101fc       0x98 CMakeFiles/pico_rmii_ethernet_lwiperf.dir/home/pkcubed/pico-sdk/lib/lwip/src/core/ipv4/icmp.c.o
                0x100101fc                icmp_time_exceeded
 .text.ip4_route
                0x10010294       0x88 CMakeFiles/pico_rmii_ethernet_lwiperf.dir/home/pkcubed/pico-sdk/lib/lwip/src/core/ipv4/ip4.c.o
                0x10010294                ip4_route
 .text.ip4_debug_print
                0x1001031c       0xfc CMakeFiles/pico_rmii_ethernet_lwiperf.dir/home/pkcubed/pico-sdk/lib/lwip/src/core/ipv4/ip4.c.o
                0x1001031c                ip4_debug_print
 .text.ip4_input
                0x10010418      0x430 CMakeFiles/pico_rmii_ethernet_lwiperf.dir/home/pkcubed/pico-sdk/lib/lwip/src/core/ipv4/ip4.c.o
                0x10010418                ip4_input
 .text.ip4_output_if_src
                0x10010848      0x154 CMakeFiles/pico_rmii_ethernet_lwiperf.dir/home/pkcubed/pico-sdk/lib/lwip/src/core/ipv4/ip4.c.o
                0x10010848                ip4_output_if_src
 .text.ip4_output_if
                0x1001099c      0x15c CMakeFiles/pico_rmii_ethernet_lwiperf.dir/home/pkcubed/pico-sdk/lib/lwip/src/core/ipv4/ip4.c.o
                0x1001099c                ip4_output_if
 .text.ip4_addr_isbroadcast_u32
                0x10010af8       0x38 CMakeFiles/pico_rmii_ethernet_lwiperf.dir/home/pkcubed/pico-sdk/lib/lwip/src/core/ipv4/ip4_addr.c.o
                0x10010af8                ip4_addr_isbroadcast_u32
 .text.ip4addr_ntoa
                0x10010b30       0xdc CMakeFiles/pico_rmii_ethernet_lwiperf.dir/home/pkcubed/pico-sdk/lib/lwip/src/core/ipv4/ip4_addr.c.o
                0x10010b30                ip4addr_ntoa
 .text.ip_reass_free_complete_datagram
                0x10010c0c       0x94 CMakeFiles/pico_rmii_ethernet_lwiperf.dir/home/pkcubed/pico-sdk/lib/lwip/src/core/ipv4/ip4_frag.c.o
 .text.ip_reass_remove_oldest_datagram
                0x10010ca0       0x88 CMakeFiles/pico_rmii_ethernet_lwiperf.dir/home/pkcubed/pico-sdk/lib/lwip/src/core/ipv4/ip4_frag.c.o
 .text.ipfrag_free_pbuf_custom
                0x10010d28       0x18 CMakeFiles/pico_rmii_ethernet_lwiperf.dir/home/pkcubed/pico-sdk/lib/lwip/src/core/ipv4/ip4_frag.c.o
 .text.ip_reass_tmr
                0x10010d40       0x30 CMakeFiles/pico_rmii_ethernet_lwiperf.dir/home/pkcubed/pico-sdk/lib/lwip/src/core/ipv4/ip4_frag.c.o
                0x10010d40                ip_reass_tmr
 .text.ip4_reass
                0x10010d70      0x3fc CMakeFiles/pico_rmii_ethernet_lwiperf.dir/home/pkcubed/pico-sdk/lib/lwip/src/core/ipv4/ip4_frag.c.o
                0x10010d70                ip4_reass
 .text.ip4_frag
                0x1001116c      0x1c8 CMakeFiles/pico_rmii_ethernet_lwiperf.dir/home/pkcubed/pico-sdk/lib/lwip/src/core/ipv4/ip4_frag.c.o
                0x1001116c                ip4_frag
 .text.ethernet_input
                0x10011334       0xc4 CMakeFiles/pico_rmii_ethernet_lwiperf.dir/home/pkcubed/pico-sdk/lib/lwip/src/netif/ethernet.c.o
                0x10011334                ethernet_input
 .text.ethernet_output
                0x100113f8       0x5c CMakeFiles/pico_rmii_ethernet_lwiperf.dir/home/pkcubed/pico-sdk/lib/lwip/src/netif/ethernet.c.o
                0x100113f8                ethernet_output
 .text.sys_arch_protect
                0x10011454       0x10 CMakeFiles/pico_rmii_ethernet_lwiperf.dir/__/__/src/lwip/sys_arch.c.o
                0x10011454                sys_arch_protect
 .text.sys_arch_unprotect
                0x10011464        0xc CMakeFiles/pico_rmii_ethernet_lwiperf.dir/__/__/src/lwip/sys_arch.c.o
                0x10011464                sys_arch_unprotect
 .text.sys_now  0x10011470       0x24 CMakeFiles/pico_rmii_ethernet_lwiperf.dir/__/__/src/lwip/sys_arch.c.o
                0x10011470                sys_now
 .text.acd_add  0x10011494       0x28 CMakeFiles/pico_rmii_ethernet_lwiperf.dir/home/pkcubed/pico-sdk/lib/lwip/src/core/ipv4/acd.c.o
                0x10011494                acd_add
 .text.acd_remove
                0x100114bc       0x24 CMakeFiles/pico_rmii_ethernet_lwiperf.dir/home/pkcubed/pico-sdk/lib/lwip/src/core/ipv4/acd.c.o
                0x100114bc                acd_remove
 .text.acd_start
                0x100114e0       0x48 CMakeFiles/pico_rmii_ethernet_lwiperf.dir/home/pkcubed/pico-sdk/lib/lwip/src/core/ipv4/acd.c.o
                0x100114e0                acd_start
 .text.acd_network_changed_link_down
                0x10011528       0x10 CMakeFiles/pico_rmii_ethernet_lwiperf.dir/home/pkcubed/pico-sdk/lib/lwip/src/core/ipv4/acd.c.o
                0x10011528                acd_network_changed_link_down
 .text.acd_tmr  0x10011538      0x110 CMakeFiles/pico_rmii_ethernet_lwiperf.dir/home/pkcubed/pico-sdk/lib/lwip/src/core/ipv4/acd.c.o
                0x10011538                acd_tmr
 .text.acd_arp_reply
                0x10011648      0x178 CMakeFiles/pico_rmii_ethernet_lwiperf.dir/home/pkcubed/pico-sdk/lib/lwip/src/core/ipv4/acd.c.o
                0x10011648                acd_arp_reply
 .text.acd_netif_ip_addr_changed
                0x100117c0       0x6c CMakeFiles/pico_rmii_ethernet_lwiperf.dir/home/pkcubed/pico-sdk/lib/lwip/src/core/ipv4/acd.c.o
                0x100117c0                acd_netif_ip_addr_changed
 .text          0x1001182c       0xa4 /usr/lib/gcc/arm-none-eabi/13.2.1/../../../arm-none-eabi/lib/thumb/v8-m.main+fp/softfp/libg.a(libc_a-memset.o)
                0x1001182c                memset
 .text          0x100118d0       0x5c /usr/lib/gcc/arm-none-eabi/13.2.1/../../../arm-none-eabi/lib/thumb/v8-m.main+fp/softfp/libg.a(libc_a-memcmp.o)
                0x100118d0                memcmp
 .text          0x1001192c       0xec /usr/lib/gcc/arm-none-eabi/13.2.1/../../../arm-none-eabi/lib/thumb/v8-m.main+fp/softfp/libg.a(libc_a-memcpy.o)
                0x1001192c                memcpy
 .text          0x10011a18        0xc /usr/lib/gcc/arm-none-eabi/13.2.1/../../../arm-none-eabi/lib/thumb/v8-m.main+fp/softfp/libg.a(libc_a-atexit.o)
                0x10011a18                atexit
 .text          0x10011a24       0x5c /usr/lib/gcc/arm-none-eabi/13.2.1/../../../arm-none-eabi/lib/thumb/v8-m.main+fp/softfp/libg.a(libc_a-strlen-stub.o)
                0x10011a24                strlen
 .text          0x10011a80       0x28 /usr/lib/gcc/arm-none-eabi/13.2.1/../../../arm-none-eabi/lib/thumb/v8-m.main+fp/softfp/libg.a(libc_a-fini.o)
                0x10011a80                __libc_fini_array
 .text          0x10011aa8       0x64 /usr/lib/gcc/arm-none-eabi/13.2.1/../../../arm-none-eabi/lib/thumb/v8-m.main+fp/softfp/libg.a(libc_a-__atexit.o)
                0x10011aa8                __register_exitproc
 .text.startup  0x10011b0c       0x14 /usr/lib/gcc/arm-none-eabi/13.2.1/../../../arm-none-eabi/lib/thumb/v8-m.main+fp/softfp/libg.a(libc_a-__call_atexit.o)
 *(.fini)
 .fini          0x10011b20        0x4 /usr/lib/gcc/arm-none-eabi/13.2.1/thumb/v8-m.main+fp/softfp/crti.o
                0x10011b20                _fini
 *fill*         0x10011b24        0x4 
 .fini.__stub   0x10011b28       0x40 linker stubs
 *crtbegin.o(.ctors)
 *crtbegin?.o(.ctors)
 *(EXCLUDE_FILE(*crtend.o *crtend?.o) .ctors)
 *(SORT_BY_NAME(.ctors.*))
 *(.ctors)
 *crtbegin.o(.dtors)
 *crtbegin?.o(.dtors)
 *(EXCLUDE_FILE(*crtend.o *crtend?.o) .dtors)
 *(SORT_BY_NAME(.dtors.*))
 *(.dtors)
                0x10011b68                        . = ALIGN (0x4)
                0x10011b68                        PROVIDE (__preinit_array_start = .)
 *(SORT_BY_NAME(.preinit_array.*))
 .preinit_array.00050
                0x10011b68        0x4 CMakeFiles/pico_rmii_ethernet_lwiperf.dir/home/pkcubed/pico-sdk/src/rp2_common/pico_runtime_init/runtime_init.c.o
                0x10011b68                __pre_init_runtime_init_bootrom_reset
 .preinit_array.00100
                0x10011b6c        0x4 CMakeFiles/pico_rmii_ethernet_lwiperf.dir/home/pkcubed/pico-sdk/src/rp2_common/pico_runtime_init/runtime_init.c.o
                0x10011b6c                __pre_init_runtime_init_early_resets
 .preinit_array.00101