Archive member included to satisfy reference by file (symbol)

/usr/lib/gcc/arm-none-eabi/13.2.1/../../../arm-none-eabi/lib/thumb/v8-m.main+fp/softfp/libm.a(libm_a-wf_sqrt.o)
                              CMakeFiles/rp2350_app.dir/home/pkcubed/pico-sdk/src/rp2_common/pico_float/float_math.c.o (sqrtf)
/usr/lib/gcc/arm-none-eabi/13.2.1/../../../arm-none-eabi/lib/thumb/v8-m.main+fp/softfp/libm.a(libm_a-ef_sqrt.o)
                              /usr/lib/gcc/arm-none-eabi/13.2.1/../../../arm-none-eabi/lib/thumb/v8-m.main+fp/softfp/libm.a(libm_a-wf_sqrt.o) (__ieee754_sqrtf)
/usr/lib/gcc/arm-none-eabi/13.2.1/thumb/v8-m.main+fp/softfp/libgcc.a(_arm_addsubdf3.o)
                              CMakeFiles/rp2350_app.dir/home/pkcubed/pico-sdk/src/rp2_common/pico_float/float_math.c.o (__aeabi_f2d)
/usr/lib/gcc/arm-none-eabi/13.2.1/thumb/v8-m.main+fp/softfp/libgcc.a(_aeabi_ldivmod.o)
                              CMakeFiles/rp2350_app.dir/home/pkcubed/pico-sdk/src/common/pico_time/time.c.o (__aeabi_ldivmod)
/usr/lib/gcc/arm-none-eabi/13.2.1/thumb/v8-m.main+fp/softfp/libgcc.a(_aeabi_uldivmod.o)
                              CMakeFiles/rp2350_app.dir/home/pkcubed/pico-sdk/src/rp2_common/hardware_clocks/clocks.c.o (__aeabi_uldivmod)
/usr/lib/gcc/arm-none-eabi/13.2.1/thumb/v8-m.main+fp/softfp/libgcc.a(_udivmoddi4.o)
                              /usr/lib/gcc/arm-none-eabi/13.2.1/thumb/v8-m.main+fp/softfp/libgcc.a(_aeabi_ldivmod.o) (__udivmoddi4)
/usr/lib/gcc/arm-none-eabi/13.2.1/thumb/v8-m.main+fp/softfp/libgcc.a(_dvmd_tls.o)
                              /usr/lib/gcc/arm-none-eabi/13.2.1/thumb/v8-m.main+fp/softfp/libgcc.a(_aeabi_ldivmod.o) (__aeabi_ldiv0)
/usr/lib/gcc/arm-none-eabi/13.2.1/../../../arm-none-eabi/lib/thumb/v8-m.main+fp/softfp/libg.a(libc_a-memset.o)
                              /usr/lib/gcc/arm-none-eabi/13.2.1/../../../arm-none-eabi/lib/thumb/v8-m.main+fp/softfp/crt0.o (memset)
/usr/lib/gcc/arm-none-eabi/13.2.1/../../../arm-none-eabi/lib/thumb/v8-m.main+fp/softfp/libg.a(libc_a-strchr.o)
                              CMakeFiles/rp2350_app.dir/home/pkcubed/pico-sdk/lib/lwip/src/apps/http/httpd.c.o (strchr)
/usr/lib/gcc/arm-none-eabi/13.2.1/../../../arm-none-eabi/lib/thumb/v8-m.main+fp/softfp/libg.a(libc_a-strcmp.o)
                              CMakeFiles/rp2350_app.dir/home/pkcubed/pico-sdk/lib/lwip/src/apps/http/fs.c.o (strcmp)
/usr/lib/gcc/arm-none-eabi/13.2.1/../../../arm-none-eabi/lib/thumb/v8-m.main+fp/softfp/libg.a(libc_a-fflush.o)
                              CMakeFiles/rp2350_app.dir/src/main.c.o (fflush)
/usr/lib/gcc/arm-none-eabi/13.2.1/../../../arm-none-eabi/lib/thumb/v8-m.main+fp/softfp/libg.a(libc_a-strncmp.o)
                              CMakeFiles/rp2350_app.dir/home/pkcubed/pico-sdk/lib/lwip/src/core/def.c.o (strncmp)
/usr/lib/gcc/arm-none-eabi/13.2.1/../../../arm-none-eabi/lib/thumb/v8-m.main+fp/softfp/libg.a(libc_a-memmove.o)
                              CMakeFiles/rp2350_app.dir/home/pkcubed/pico-sdk/lib/lwip/src/core/def.c.o (memmove)
/usr/lib/gcc/arm-none-eabi/13.2.1/../../../arm-none-eabi/lib/thumb/v8-m.main+fp/softfp/libg.a(libc_a-calloc.o)
                              CMakeFiles/rp2350_app.dir/home/pkcubed/pico-sdk/src/rp2_common/pico_malloc/malloc.c.o (calloc)
/usr/lib/gcc/arm-none-eabi/13.2.1/../../../arm-none-eabi/lib/thumb/v8-m.main+fp/softfp/libg.a(libc_a-errno.o)
                              /usr/lib/gcc/arm-none-eabi/13.2.1/../../../arm-none-eabi/lib/thumb/v8-m.main+fp/softfp/libm.a(libm_a-wf_sqrt.o) (__errno)
/usr/lib/gcc/arm-none-eabi/13.2.1/../../../arm-none-eabi/lib/thumb/v8-m.main+fp/softfp/libg.a(libc_a-impure.o)
                              CMakeFiles/rp2350_app.dir/src/main.c.o (_impure_ptr)
/usr/lib/gcc/arm-none-eabi/13.2.1/../../../arm-none-eabi/lib/thumb/v8-m.main+fp/softfp/libg.a(libc_a-callocr.o)
                              /usr/lib/gcc/arm-none-eabi/13.2.1/../../../arm-none-eabi/lib/thumb/v8-m.main+fp/softfp/libg.a(libc_a-calloc.o) (_calloc_r)
/usr/lib/gcc/arm-none-eabi/13.2.1/../../../arm-none-eabi/lib/thumb/v8-m.main+fp/softfp/libg.a(libc_a-realloc.o)
                              CMakeFiles/rp2350_app.dir/home/pkcubed/pico-sdk/src/rp2_common/pico_malloc/malloc.c.o (realloc)
/usr/lib/gcc/arm-none-eabi/13.2.1/../../../arm-none-eabi/lib/thumb/v8-m.main+fp/softfp/libg.a(libc_a-mallocr.o)
                              /usr/lib/gcc/arm-none-eabi/13.2.1/../../../arm-none-eabi/lib/thumb/v8-m.main+fp/softfp/libg.a(libc_a-callocr.o) (_malloc_r)
/usr/lib/gcc/arm-none-eabi/13.2.1/../../../arm-none-eabi/lib/thumb/v8-m.main+fp/softfp/libg.a(libc_a-freer.o)
                              /usr/lib/gcc/arm-none-eabi/13.2.1/../../../arm-none-eabi/lib/thumb/v8-m.main+fp/softfp/libg.a(libc_a-fflush.o) (_free_r)
/usr/lib/gcc/arm-none-eabi/13.2.1/../../../arm-none-eabi/lib/thumb/v8-m.main+fp/softfp/libg.a(libc_a-memcmp.o)
                              CMakeFiles/rp2350_app.dir/home/pkcubed/pico-sdk/src/rp2_common/pico_atomic/atomic.c.o (memcmp)
[...]
Memory Configuration

Name             Origin             Length             Attributes
FLASH            0x10000000         0x00400000         xr
RAM              0x20000000         0x00080000         xrw
SCRATCH_X        0x20080000         0x00001000         xrw
SCRATCH_Y        0x20081000         0x00001000         xrw
*default*        0x00000000         0xffffffff

Linker script and memory map

LOAD /usr/lib/gcc/arm-none-eabi/13.2.1/thumb/v8-m.main+fp/softfp/crti.o
LOAD /usr/lib/gcc/arm-none-eabi/13.2.1/thumb/v8-m.main+fp/softfp/crtbegin.o
LOAD /usr/lib/gcc/arm-none-eabi/13.2.1/../../../arm-none-eabi/lib/thumb/v8-m.main+fp/softfp/crt0.o

.flash_begin    0x10000000        0x0
                0x10000000                        __flash_binary_start = .

.text           0x10000000    0x130ac
                0x10000000                        __logical_binary_start = .
 *(.vectors)
 .vectors       0x10000000      0x124 CMakeFiles/rp2350_app.dir/home/pkcubed/pico-sdk/src/rp2_common/pico_crt0/crt0.S.o
                0x10000000                __vectors
                0x10000000                __VECTOR_TABLE
                0x10000110                isr_securefault
                0x10000110                isr_irq30
                0x10000110                __unhandled_user_irq
                0x10000110                isr_irq49
                0x10000110                isr_irq13
                0x10000110                isr_irq43
                0x10000110                isr_irq45
                0x10000110                isr_irq27
                0x10000110                isr_irq32
                0x10000110                isr_irq31
                0x10000110                isr_irq5
                0x10000110                isr_irq11
                0x10000110                isr_irq23
                0x10000110                isr_usagefault
                0x10000110                isr_irq48
                0x10000110                isr_irq35
                0x10000110                isr_irq18
                0x10000110                isr_irq50
                0x10000110                isr_irq40
                0x10000110                isr_irq28
                0x10000110                isr_irq19
                0x10000110                isr_irq36
                0x10000110                isr_irq41
                0x10000110                isr_irq0
                0x10000110                isr_irq6
                0x10000110                isr_memmanage
                0x10000110                isr_irq37
                0x10000110                isr_irq42
                0x10000110                isr_irq22
                0x10000110                isr_irq17
                0x10000110                isr_irq38
                0x10000110                isr_irq14
                0x10000110                __vectors_end
                0x10000110                __default_isrs_start
                0x10000110                isr_irq2
                0x10000110                isr_irq10
                0x10000110                isr_irq8
                0x10000110                isr_debugmonitor
                0x10000110                isr_irq24
                0x10000110                isr_irq46
                0x10000110                isr_irq1
                0x10000110                isr_irq47
                0x10000110                isr_irq51
                0x10000110                isr_irq7
                0x10000110                isr_irq21
                0x10000110                isr_irq39
                0x10000110                isr_irq20
                0x10000110                isr_irq15
                0x10000110                isr_irq25
                0x10000110                isr_irq34
                0x10000110                isr_irq4
                0x10000110                isr_busfault
                0x10000110                isr_irq16
                0x10000110                isr_irq44
                0x10000110                isr_irq29
                0x10000110                isr_irq26
                0x10000110                isr_irq33
                0x10000110                isr_irq3
                0x10000110                isr_irq12
                0x10000110                isr_irq9
                0x10000116                unhandled_user_irq_num_in_r0
                0x10000118                isr_invalid
                0x1000011a                isr_nmi
                0x1000011c                isr_hardfault
                0x1000011e                isr_svcall
                0x10000120                isr_pendsv
                0x10000122                isr_systick
                0x10000124                __default_isrs_end
 *(.binary_info_header)
 .binary_info_header
                0x10000124       0x14 CMakeFiles/rp2350_app.dir/home/pkcubed/pico-sdk/src/rp2_common/pico_crt0/crt0.S.o
                0x10000138                        __binary_info_header_end = .
 *(.embedded_block)
 .embedded_block
                0x10000138       0x14 CMakeFiles/rp2350_app.dir/home/pkcubed/pico-sdk/src/rp2_common/pico_crt0/crt0.S.o
                0x1000014c                        __embedded_block_end = .
 *(.reset)
 .reset         0x1000014c       0x98 CMakeFiles/rp2350_app.dir/home/pkcubed/pico-sdk/src/rp2_common/pico_crt0/crt0.S.o
                0x1000014c                _entry_point
 *(.init)
 .init          0x100001e4        0x4 /usr/lib/gcc/arm-none-eabi/13.2.1/thumb/v8-m.main+fp/softfp/crti.o
                0x100001e4                _init
 *libgcc.a:cmse_nonsecure_call.o()
 *(EXCLUDE_FILE(*libm.a: *libc.a:*lib_a-mem*.o *libgcc.a:) .text*)
 .text          0x100001e8       0x8c /usr/lib/gcc/arm-none-eabi/13.2.1/thumb/v8-m.main+fp/softfp/crtbegin.o
 .text.led_blink_cb
                0x10000274       0x18 CMakeFiles/rp2350_app.dir/src/main.c.o
 .text.netif_link_callback
                0x1000028c       0x24 CMakeFiles/rp2350_app.dir/src/main.c.o
                0x1000028c                netif_link_callback
 .text.netif_status_callback
                0x100002b0       0x18 CMakeFiles/rp2350_app.dir/src/main.c.o
                0x100002b0                netif_status_callback
 .text.core1_net_audio_loop
                0x100002c8      0x29c CMakeFiles/rp2350_app.dir/src/main.c.o
 .text.http_err
                0x10000564       0x1c CMakeFiles/rp2350_app.dir/src/main.c.o
 .text.network_status_cb
                0x10000580       0xa8 CMakeFiles/rp2350_app.dir/src/main.c.o
 .text.audio_status_cb
                0x10000628       0x68 CMakeFiles/rp2350_app.dir/src/main.c.o
 .text.http_accept
                0x10000690       0x84 CMakeFiles/rp2350_app.dir/src/main.c.o
 .text.http_recv
                0x10000714       0xf8 CMakeFiles/rp2350_app.dir/src/main.c.o
 .text.add_repeating_timer_ms.constprop.0.isra.0
                0x1000080c       0x28 CMakeFiles/rp2350_app.dir/src/main.c.o
 .text.mdio_read_register_bitbang
                0x10000834      0x21c CMakeFiles/rp2350_app.dir/src/main.c.o
 .text.http_sent
                0x10000a50       0x50 CMakeFiles/rp2350_app.dir/src/main.c.o
 .text.http_poll
                0x10000aa0       0x50 CMakeFiles/rp2350_app.dir/src/main.c.o
 .text.startup.main
                0x10000af0      0x2c4 CMakeFiles/rp2350_app.dir/src/main.c.o
                0x10000af0                main
 .text.audio_i2s_get_write_index
                0x10000db4       0x1c CMakeFiles/rp2350_app.dir/src/audio_i2s.c.o
                0x10000db4                audio_i2s_get_write_index
 .text.audio_i2s_init
                0x10000dd0      0x15c CMakeFiles/rp2350_app.dir/src/audio_i2s.c.o
                0x10000dd0                audio_i2s_init
 .text.gpio_default_irq_handler
                0x10000f2c      0x1b4 CMakeFiles/rp2350_app.dir/home/pkcubed/pico-sdk/src/rp2_common/hardware_gpio/gpio.c.o
 .text.gpio_set_function
                0x100010e0       0x3c CMakeFiles/rp2350_app.dir/home/pkcubed/pico-sdk/src/rp2_common/hardware_gpio/gpio.c.o
                0x100010e0                gpio_set_function
 .text.gpio_set_pulls
                0x1000111c       0x28 CMakeFiles/rp2350_app.dir/home/pkcubed/pico-sdk/src/rp2_common/hardware_gpio/gpio.c.o
                0x1000111c                gpio_set_pulls
 .text.gpio_set_irq_enabled_with_callback
                0x10001144       0xac CMakeFiles/rp2350_app.dir/home/pkcubed/pico-sdk/src/rp2_common/hardware_gpio/gpio.c.o
                0x10001144                gpio_set_irq_enabled_with_callback
 .text.gpio_init
                0x100011f0       0x48 CMakeFiles/rp2350_app.dir/home/pkcubed/pico-sdk/src/rp2_common/hardware_gpio/gpio.c.o
                0x100011f0                gpio_init
 .text.panic    0x10001238       0x30 CMakeFiles/rp2350_app.dir/home/pkcubed/pico-sdk/src/rp2_common/pico_platform_panic/panic.c.o
                0x10001238                panic
 .text.hw_claim_lock
                0x10001268       0x24 CMakeFiles/rp2350_app.dir/home/pkcubed/pico-sdk/src/common/hardware_claim/claim.c.o
                0x10001268                hw_claim_lock
 .text.hw_claim_unlock
                0x1000128c       0x14 CMakeFiles/rp2350_app.dir/home/pkcubed/pico-sdk/src/common/hardware_claim/claim.c.o
                0x1000128c                hw_claim_unlock
 .text.hw_claim_or_assert
                0x100012a0       0x58 CMakeFiles/rp2350_app.dir/home/pkcubed/pico-sdk/src/common/hardware_claim/claim.c.o
                0x100012a0                hw_claim_or_assert
 .text.hw_claim_unused_from_range
                0x100012f8       0x9c CMakeFiles/rp2350_app.dir/home/pkcubed/pico-sdk/src/common/hardware_claim/claim.c.o
                0x100012f8                hw_claim_unused_from_range
 .text.next_striped_spin_lock_num
                0x10001394       0x18 CMakeFiles/rp2350_app.dir/home/pkcubed/pico-sdk/src/rp2_common/hardware_sync/sync.c.o
                0x10001394                next_striped_spin_lock_num
 .text.spin_lock_claim_unused
                0x100013ac       0x20 CMakeFiles/rp2350_app.dir/home/pkcubed/pico-sdk/src/rp2_common/hardware_sync/sync.c.o
                0x100013ac                spin_lock_claim_unused
 .text.spinlock_set_extexclall
                0x100013cc       0x10 CMakeFiles/rp2350_app.dir/home/pkcubed/pico-sdk/src/rp2_common/hardware_sync_spin_lock/sync_spin_lock.c.o
 .text.spin_locks_reset
                0x100013dc       0x18 CMakeFiles/rp2350_app.dir/home/pkcubed/pico-sdk/src/rp2_common/hardware_sync_spin_lock/sync_spin_lock.c.o
                0x100013dc                spin_locks_reset
 .text.runtime_init_per_core_irq_priorities
                0x100013f4       0x40 CMakeFiles/rp2350_app.dir/home/pkcubed/pico-sdk/src/rp2_common/hardware_irq/irq.c.o
                0x100013f4                runtime_init_per_core_irq_priorities
 .text.irq_set_enabled
                0x10001434       0x2c CMakeFiles/rp2350_app.dir/home/pkcubed/pico-sdk/src/rp2_common/hardware_irq/irq.c.o
                0x10001434                irq_set_enabled
 .text.irq_is_enabled
                0x10001460       0x20 CMakeFiles/rp2350_app.dir/home/pkcubed/pico-sdk/src/rp2_common/hardware_irq/irq.c.o
                0x10001460                irq_is_enabled
 .text.irq_set_pending
                0x10001480       0x18 CMakeFiles/rp2350_app.dir/home/pkcubed/pico-sdk/src/rp2_common/hardware_irq/irq.c.o
                0x10001480                irq_set_pending
 .text.irq_has_shared_handler
                0x10001498       0x20 CMakeFiles/rp2350_app.dir/home/pkcubed/pico-sdk/src/rp2_common/hardware_irq/irq.c.o
                0x10001498                irq_has_shared_handler
 .text.irq_set_exclusive_handler
                0x100014b8       0x60 CMakeFiles/rp2350_app.dir/home/pkcubed/pico-sdk/src/rp2_common/hardware_irq/irq.c.o
                0x100014b8                irq_set_exclusive_handler
 .text.irq_add_shared_handler
                0x10001518      0x1e8 CMakeFiles/rp2350_app.dir/home/pkcubed/pico-sdk/src/rp2_common/hardware_irq/irq.c.o
                0x10001518                irq_add_shared_handler
 .text.irq_remove_handler
                0x10001700      0x1fc CMakeFiles/rp2350_app.dir/home/pkcubed/pico-sdk/src/rp2_common/hardware_irq/irq.c.o
                0x10001700                irq_remove_handler
 .text.irq_add_tail_to_free_list
                0x100018fc       0xbc CMakeFiles/rp2350_app.dir/home/pkcubed/pico-sdk/src/rp2_common/hardware_irq/irq.c.o
                0x100018fc                irq_add_tail_to_free_list
 .text.user_irq_claim_unused
                0x100019b8       0x28 CMakeFiles/rp2350_app.dir/home/pkcubed/pico-sdk/src/rp2_common/hardware_irq/irq.c.o
                0x100019b8                user_irq_claim_unused
 .text.lock_init
                0x100019e0        0xc CMakeFiles/rp2350_app.dir/home/pkcubed/pico-sdk/src/common/pico_sync/lock_core.c.o
                0x100019e0                lock_init
 .text.runtime_init_mutex
                0x100019ec       0x4c CMakeFiles/rp2350_app.dir/home/pkcubed/pico-sdk/src/common/pico_sync/mutex.c.o
                0x100019ec                runtime_init_mutex
 .text.mutex_init
                0x10001a38       0x1c CMakeFiles/rp2350_app.dir/home/pkcubed/pico-sdk/src/common/pico_sync/mutex.c.o
                0x10001a38                mutex_init
 .text.critical_section_init
                0x10001a54       0x1c CMakeFiles/rp2350_app.dir/home/pkcubed/pico-sdk/src/common/pico_sync/critical_section.c.o
                0x10001a54                critical_section_init
 .text.critical_section_init_with_lock_num
                0x10001a70       0x10 CMakeFiles/rp2350_app.dir/home/pkcubed/pico-sdk/src/common/pico_sync/critical_section.c.o
                0x10001a70                critical_section_init_with_lock_num
 .text.sleep_until_callback
                0x10001a80       0x3c CMakeFiles/rp2350_app.dir/home/pkcubed/pico-sdk/src/common/pico_time/time.c.o
 *fill*         0x10001abc        0x4 
 .text.alarm_pool_irq_handler
                0x10001ac0      0x2f0 CMakeFiles/rp2350_app.dir/home/pkcubed/pico-sdk/src/common/pico_time/time.c.o
 .text.runtime_init_default_alarm_pool
                0x10001db0      0x100 CMakeFiles/rp2350_app.dir/home/pkcubed/pico-sdk/src/common/pico_time/time.c.o
                0x10001db0                runtime_init_default_alarm_pool
 .text.alarm_pool_get_default
                0x10001eb0        0x8 CMakeFiles/rp2350_app.dir/home/pkcubed/pico-sdk/src/common/pico_time/time.c.o
                0x10001eb0                alarm_pool_get_default
 .text.alarm_pool_add_alarm_at
                0x10001eb8       0xdc CMakeFiles/rp2350_app.dir/home/pkcubed/pico-sdk/src/common/pico_time/time.c.o
                0x10001eb8                alarm_pool_add_alarm_at
 .text.alarm_pool_add_alarm_at_force_in_context
                0x10001f94       0xc8 CMakeFiles/rp2350_app.dir/home/pkcubed/pico-sdk/src/common/pico_time/time.c.o
                0x10001f94                alarm_pool_add_alarm_at_force_in_context
 .text.alarm_pool_cancel_alarm
                0x1000205c       0x80 CMakeFiles/rp2350_app.dir/home/pkcubed/pico-sdk/src/common/pico_time/time.c.o
                0x1000205c                alarm_pool_cancel_alarm
 .text.alarm_pool_core_num
                0x100020dc        0x4 CMakeFiles/rp2350_app.dir/home/pkcubed/pico-sdk/src/common/pico_time/time.c.o
                0x100020dc                alarm_pool_core_num
 .text.sleep_until
                0x100020e0       0xbc CMakeFiles/rp2350_app.dir/home/pkcubed/pico-sdk/src/common/pico_time/time.c.o
                0x100020e0                sleep_until
 .text.sleep_us
                0x1000219c       0x30 CMakeFiles/rp2350_app.dir/home/pkcubed/pico-sdk/src/common/pico_time/time.c.o
                0x1000219c                sleep_us
 .text.sleep_ms
                0x100021cc       0x2c CMakeFiles/rp2350_app.dir/home/pkcubed/pico-sdk/src/common/pico_time/time.c.o
                0x100021cc                sleep_ms
 .text.best_effort_wfe_or_timeout
                0x100021f8       0xbc CMakeFiles/rp2350_app.dir/home/pkcubed/pico-sdk/src/common/pico_time/time.c.o
                0x100021f8                best_effort_wfe_or_timeout
 .text.alarm_pool_add_repeating_timer_us
                0x100022b4      0x120 CMakeFiles/rp2350_app.dir/home/pkcubed/pico-sdk/src/common/pico_time/time.c.o
                0x100022b4                alarm_pool_add_repeating_timer_us
 .text.timer_hardware_alarm_claim
                0x100023d4       0x24 CMakeFiles/rp2350_app.dir/home/pkcubed/pico-sdk/src/rp2_common/hardware_timer/timer.c.o
                0x100023d4                timer_hardware_alarm_claim
 .text.timer_time_us_64
                0x100023f8       0x10 CMakeFiles/rp2350_app.dir/home/pkcubed/pico-sdk/src/rp2_common/hardware_timer/timer.c.o
                0x100023f8                timer_time_us_64
 .text.time_us_64
                0x10002408       0x14 CMakeFiles/rp2350_app.dir/home/pkcubed/pico-sdk/src/rp2_common/hardware_timer/timer.c.o
                0x10002408                time_us_64
 .text.busy_wait_us
                0x1000241c       0x64 CMakeFiles/rp2350_app.dir/home/pkcubed/pico-sdk/src/rp2_common/hardware_timer/timer.c.o
                0x1000241c                busy_wait_us
 .text.busy_wait_until
                0x10002480       0x24 CMakeFiles/rp2350_app.dir/home/pkcubed/pico-sdk/src/rp2_common/hardware_timer/timer.c.o
                0x10002480                busy_wait_until
 .text.uart_init
                0x100024a4      0x104 CMakeFiles/rp2350_app.dir/home/pkcubed/pico-sdk/src/rp2_common/hardware_uart/uart.c.o
                0x100024a4                uart_init
 .text.clock_configure_undivided
                0x100025a8       0xd0 CMakeFiles/rp2350_app.dir/home/pkcubed/pico-sdk/src/rp2_common/hardware_clocks/clocks.c.o
                0x100025a8                clock_configure_undivided
 .text.clock_get_hz
                0x10002678        0xc CMakeFiles/rp2350_app.dir/home/pkcubed/pico-sdk/src/rp2_common/hardware_clocks/clocks.c.o
                0x10002678                clock_get_hz
 .text.clock_gpio_init_int_frac16
                0x10002684       0x4c CMakeFiles/rp2350_app.dir/home/pkcubed/pico-sdk/src/rp2_common/hardware_clocks/clocks.c.o
                0x10002684                clock_gpio_init_int_frac16
 .text.set_sys_clock_pll
                0x100026d0      0x184 CMakeFiles/rp2350_app.dir/home/pkcubed/pico-sdk/src/rp2_common/hardware_clocks/clocks.c.o
                0x100026d0                set_sys_clock_pll
 .text.check_sys_clock_khz
                0x10002854      0x19c CMakeFiles/rp2350_app.dir/home/pkcubed/pico-sdk/src/rp2_common/hardware_clocks/clocks.c.o
                0x10002854                check_sys_clock_khz
 .text.pll_init
                0x100029f0       0x8c CMakeFiles/rp2350_app.dir/home/pkcubed/pico-sdk/src/rp2_common/hardware_pll/pll.c.o
                0x100029f0                pll_init
 .text.vreg_set_voltage
                0x10002a7c       0x44 CMakeFiles/rp2350_app.dir/home/pkcubed/pico-sdk/src/rp2_common/hardware_vreg/vreg.c.o
                0x10002a7c                vreg_set_voltage
 .text.watchdog_reboot
                0x10002ac0       0x98 CMakeFiles/rp2350_app.dir/home/pkcubed/pico-sdk/src/rp2_common/hardware_watchdog/watchdog.c.o
                0x10002ac0                watchdog_reboot
 .text.tick_start
                0x10002b58       0x18 CMakeFiles/rp2350_app.dir/home/pkcubed/pico-sdk/src/rp2_common/hardware_ticks/ticks.c.o
                0x10002b58                tick_start
 .text.rom_reboot.constprop.0.isra.0
                0x10002b70       0x34 CMakeFiles/rp2350_app.dir/home/pkcubed/pico-sdk/src/rp2_common/pico_bootrom/bootrom.c.o
 .text.rom_func_lookup
                0x10002ba4       0x18 CMakeFiles/rp2350_app.dir/home/pkcubed/pico-sdk/src/rp2_common/pico_bootrom/bootrom.c.o
                0x10002ba4                rom_func_lookup
 .text.rom_reset_usb_boot_extra
                0x10002bbc       0x1c CMakeFiles/rp2350_app.dir/home/pkcubed/pico-sdk/src/rp2_common/pico_bootrom/bootrom.c.o
                0x10002bbc                rom_reset_usb_boot_extra
 .text.runtime_init_bootrom_locking_enable
                0x10002bd8       0x14 CMakeFiles/rp2350_app.dir/home/pkcubed/pico-sdk/src/rp2_common/pico_bootrom/bootrom_lock.c.o
                0x10002bd8                runtime_init_bootrom_locking_enable
 .text.runtime_init_boot_locks_reset
                0x10002bec       0x1c CMakeFiles/rp2350_app.dir/home/pkcubed/pico-sdk/src/rp2_common/hardware_boot_lock/boot_lock.c.o
                0x10002bec                runtime_init_boot_locks_reset
 .text.xosc_init
                0x10002c08       0x30 CMakeFiles/rp2350_app.dir/home/pkcubed/pico-sdk/src/rp2_common/hardware_xosc/xosc.c.o
                0x10002c08                xosc_init
 .text.first_per_core_initializer
                0x10002c38        0x4 CMakeFiles/rp2350_app.dir/home/pkcubed/pico-sdk/src/rp2_common/pico_runtime/runtime.c.o
 .text.hard_assertion_failure
                0x10002c3c        0xc CMakeFiles/rp2350_app.dir/home/pkcubed/pico-sdk/src/rp2_common/pico_runtime/runtime.c.o
                0x10002c3c                hard_assertion_failure
 .text.runtime_run_initializers
                0x10002c48       0x20 CMakeFiles/rp2350_app.dir/home/pkcubed/pico-sdk/src/rp2_common/pico_runtime/runtime.c.o
                0x10002c48                runtime_run_initializers
 .text.runtime_run_per_core_initializers
                0x10002c68       0x20 CMakeFiles/rp2350_app.dir/home/pkcubed/pico-sdk/src/rp2_common/pico_runtime/runtime.c.o
                0x10002c68                runtime_run_per_core_initializers
 .text.runtime_init_early_resets
                0x10002c88       0x34 CMakeFiles/rp2350_app.dir/home/pkcubed/pico-sdk/src/rp2_common/pico_runtime_init/runtime_init.c.o
                0x10002c88                runtime_init_early_resets
 .text.runtime_init_usb_power_down
                0x10002cbc       0x1c CMakeFiles/rp2350_app.dir/home/pkcubed/pico-sdk/src/rp2_common/pico_runtime_init/runtime_init.c.o
                0x10002cbc                runtime_init_usb_power_down
 .text.runtime_init_per_core_enable_coprocessors
                0x10002cd8       0x1c CMakeFiles/rp2350_app.dir/home/pkcubed/pico-sdk/src/rp2_common/pico_runtime_init/runtime_init.c.o
                0x10002cd8                runtime_init_per_core_enable_coprocessors
 .text.runtime_init_post_clock_resets
                0x10002cf4       0x20 CMakeFiles/rp2350_app.dir/home/pkcubed/pico-sdk/src/rp2_common/pico_runtime_init/runtime_init.c.o
                0x10002cf4                runtime_init_post_clock_resets
 .text.runtime_init_bootrom_reset
                0x10002d14       0x14 CMakeFiles/rp2350_app.dir/home/pkcubed/pico-sdk/src/rp2_common/pico_runtime_init/runtime_init.c.o
                0x10002d14                runtime_init_bootrom_reset
 .text.runtime_init_per_core_bootrom_reset
                0x10002d28       0x14 CMakeFiles/rp2350_app.dir/home/pkcubed/pico-sdk/src/rp2_common/pico_runtime_init/runtime_init.c.o
                0x10002d28                runtime_init_per_core_bootrom_reset
 .text.runtime_init_spin_locks_reset
                0x10002d3c        0x4 CMakeFiles/rp2350_app.dir/home/pkcubed/pico-sdk/src/rp2_common/pico_runtime_init/runtime_init.c.o
                0x10002d3c                runtime_init_spin_locks_reset
 .text.runtime_init_install_ram_vector_table
                0x10002d40       0x68 CMakeFiles/rp2350_app.dir/home/pkcubed/pico-sdk/src/rp2_common/pico_runtime_init/runtime_init.c.o
                0x10002d40                runtime_init_install_ram_vector_table
 .text.runtime_init_clocks
                0x10002da8       0xdc CMakeFiles/rp2350_app.dir/home/pkcubed/pico-sdk/src/rp2_common/pico_runtime_init/runtime_init_clocks.c.o
                0x10002da8                runtime_init_clocks
 .text.__rp2350_dcp_engaged_state_save_restore
                0x10002e84       0x3a CMakeFiles/rp2350_app.dir/home/pkcubed/pico-sdk/src/rp2_common/pico_double/double_aeabi_dcp.S.o
 *fill*         0x10002ebe        0x2 
 .text.__wrap___aeabi_dadd
                0x10002ec0       0x28 CMakeFiles/rp2350_app.dir/home/pkcubed/pico-sdk/src/rp2_common/pico_double/double_aeabi_dcp.S.o
                0x10002ec8                __wrap___aeabi_dadd
 .text.__wrap___aeabi_dsub
                0x10002ee8       0x28 CMakeFiles/rp2350_app.dir/home/pkcubed/pico-sdk/src/rp2_common/pico_double/double_aeabi_dcp.S.o
                0x10002ef0                __wrap___aeabi_dsub
 .text.__wrap___aeabi_dmul
                0x10002f10       0x4c CMakeFiles/rp2350_app.dir/home/pkcubed/pico-sdk/src/rp2_common/pico_double/double_aeabi_dcp.S.o
                0x10002f18                __wrap___aeabi_dmul
 .text.__wrap___aeabi_ddiv
                0x10002f5c       0x9c CMakeFiles/rp2350_app.dir/home/pkcubed/pico-sdk/src/rp2_common/pico_double/double_aeabi_dcp.S.o
                0x10002f64                __wrap___aeabi_ddiv
 .text.__wrap___aeabi_i2d
                0x10002ff8       0x24 CMakeFiles/rp2350_app.dir/home/pkcubed/pico-sdk/src/rp2_common/pico_double/double_aeabi_dcp.S.o
                0x10003000                __wrap___aeabi_i2d
                0x10003000                int2double
 .text.__wrap___aeabi_ui2d
                0x1000301c       0x24 CMakeFiles/rp2350_app.dir/home/pkcubed/pico-sdk/src/rp2_common/pico_double/double_aeabi_dcp.S.o
                0x10003024                __wrap___aeabi_ui2d
                0x10003024                uint2double
 .text.__wrap___aeabi_d2iz
                0x10003040       0x24 CMakeFiles/rp2350_app.dir/home/pkcubed/pico-sdk/src/rp2_common/pico_double/double_aeabi_dcp.S.o
                0x10003048                __wrap___aeabi_d2iz
                0x10003048                double2int_z
 .text.__wrap___aeabi_d2uiz
                0x10003064       0x24 CMakeFiles/rp2350_app.dir/home/pkcubed/pico-sdk/src/rp2_common/pico_double/double_aeabi_dcp.S.o
                0x1000306c                double2uint_z
                0x1000306c                double2uint
                0x1000306c                __wrap___aeabi_d2uiz
 .text.__wrap___aeabi_dcmpun
                0x10003088       0x24 CMakeFiles/rp2350_app.dir/home/pkcubed/pico-sdk/src/rp2_common/pico_double/double_aeabi_dcp.S.o
                0x10003090                __wrap___aeabi_dcmpun
 .text.__wrap___aeabi_dcmplt
                0x100030ac       0x28 CMakeFiles/rp2350_app.dir/home/pkcubed/pico-sdk/src/rp2_common/pico_double/double_aeabi_dcp.S.o
                0x100030b4                __wrap___aeabi_dcmplt
 .text.__wrap___aeabi_dcmpge
                0x100030d4       0x28 CMakeFiles/rp2350_app.dir/home/pkcubed/pico-sdk/src/rp2_common/pico_double/double_aeabi_dcp.S.o
                0x100030dc                __wrap___aeabi_dcmpge
 .text.__wrap___aeabi_dcmpgt
                0x100030fc       0x28 CMakeFiles/rp2350_app.dir/home/pkcubed/pico-sdk/src/rp2_common/pico_double/double_aeabi_dcp.S.o
                0x10003104                __wrap___aeabi_dcmpgt
 .text._out_null
                0x10003124        0x4 CMakeFiles/rp2350_app.dir/home/pkcubed/pico-sdk/src/rp2_common/pico_printf/printf.c.o
 .text._out_rev
                0x10003128       0x9c CMakeFiles/rp2350_app.dir/home/pkcubed/pico-sdk/src/rp2_common/pico_printf/printf.c.o
 .text._ntoa_format
                0x100031c4      0x2a4 CMakeFiles/rp2350_app.dir/home/pkcubed/pico-sdk/src/rp2_common/pico_printf/printf.c.o
 .text._out_char
                0x10003468        0x8 CMakeFiles/rp2350_app.dir/home/pkcubed/pico-sdk/src/rp2_common/pico_printf/printf.c.o
 .text._out_fct
                0x10003470        0xc CMakeFiles/rp2350_app.dir/home/pkcubed/pico-sdk/src/rp2_common/pico_printf/printf.c.o
 *fill*         0x1000347c        0x4 
 .text._etoa    0x10003480      0x460 CMakeFiles/rp2350_app.dir/home/pkcubed/pico-sdk/src/rp2_common/pico_printf/printf.c.o
 .text._ftoa    0x100038e0      0x3f4 CMakeFiles/rp2350_app.dir/home/pkcubed/pico-sdk/src/rp2_common/pico_printf/printf.c.o
 .text._vsnprintf
                0x10003cd4      0x9e8 CMakeFiles/rp2350_app.dir/home/pkcubed/pico-sdk/src/rp2_common/pico_printf/printf.c.o
 .text.vfctprintf
                0x100046bc       0x28 CMakeFiles/rp2350_app.dir/home/pkcubed/pico-sdk/src/rp2_common/pico_printf/printf.c.o
                0x100046bc                vfctprintf
 .text.weak_raw_vprintf
                0x100046e4       0x30 CMakeFiles/rp2350_app.dir/home/pkcubed/pico-sdk/src/rp2_common/pico_printf/printf.c.o
                0x100046e4                weak_raw_vprintf
 .text._exit    0x10004714        0x4 CMakeFiles/rp2350_app.dir/home/pkcubed/pico-sdk/src/rp2_common/pico_clib_interface/newlib_interface.c.o
                0x10004714                _exit
 .text._sbrk    0x10004718       0x2c CMakeFiles/rp2350_app.dir/home/pkcubed/pico-sdk/src/rp2_common/pico_clib_interface/newlib_interface.c.o
                0x10004718                _sbrk
 .text._read    0x10004744       0x1c CMakeFiles/rp2350_app.dir/home/pkcubed/pico-sdk/src/rp2_common/pico_clib_interface/newlib_interface.c.o
                0x10004744                _read
 .text._write   0x10004760       0x20 CMakeFiles/rp2350_app.dir/home/pkcubed/pico-sdk/src/rp2_common/pico_clib_interface/newlib_interface.c.o
                0x10004760                _write
 .text._close   0x10004780        0x8 CMakeFiles/rp2350_app.dir/home/pkcubed/pico-sdk/src/rp2_common/pico_clib_interface/newlib_interface.c.o
                0x10004780                _close
 .text._lseek   0x10004788        0x8 CMakeFiles/rp2350_app.dir/home/pkcubed/pico-sdk/src/rp2_common/pico_clib_interface/newlib_interface.c.o
                0x10004788                _lseek
 .text.exit     0x10004790        0x8 CMakeFiles/rp2350_app.dir/home/pkcubed/pico-sdk/src/rp2_common/pico_clib_interface/newlib_interface.c.o
                0x10004790                exit
 .text.runtime_init
                0x10004798       0x24 CMakeFiles/rp2350_app.dir/home/pkcubed/pico-sdk/src/rp2_common/pico_clib_interface/newlib_interface.c.o
                0x10004798                runtime_init
 .text.stdio_out_chars_no_crlf
                0x100047bc        0x8 CMakeFiles/rp2350_app.dir/home/pkcubed/pico-sdk/src/rp2_common/pico_stdio/stdio.c.o
 .text.stdio_out_chars_crlf
                0x100047c4       0xac CMakeFiles/rp2350_app.dir/home/pkcubed/pico-sdk/src/rp2_common/pico_stdio/stdio.c.o
 .text.stdio_buffered_printer
                0x10004870       0x60 CMakeFiles/rp2350_app.dir/home/pkcubed/pico-sdk/src/rp2_common/pico_stdio/stdio.c.o
 .text.stdio_put_string
                0x100048d0       0xf0 CMakeFiles/rp2350_app.dir/home/pkcubed/pico-sdk/src/rp2_common/pico_stdio/stdio.c.o
                0x100048d0                stdio_put_string
 .text.stdio_get_until
                0x100049c0       0x7c CMakeFiles/rp2350_app.dir/home/pkcubed/pico-sdk/src/rp2_common/pico_stdio/stdio.c.o
                0x100049c0                stdio_get_until
 .text.stdio_set_driver_enabled
                0x10004a3c       0x30 CMakeFiles/rp2350_app.dir/home/pkcubed/pico-sdk/src/rp2_common/pico_stdio/stdio.c.o
                0x10004a3c                stdio_set_driver_enabled
 .text.stdio_init_all
                0x10004a6c       0x10 CMakeFiles/rp2350_app.dir/home/pkcubed/pico-sdk/src/rp2_common/pico_stdio/stdio.c.o
                0x10004a6c                stdio_init_all
 .text.__wrap_putchar
                0x10004a7c       0x84 CMakeFiles/rp2350_app.dir/home/pkcubed/pico-sdk/src/rp2_common/pico_stdio/stdio.c.o
                0x10004a7c                stdio_putchar
                0x10004a7c                __wrap_putchar
 .text.__wrap_puts
                0x10004b00       0x3c CMakeFiles/rp2350_app.dir/home/pkcubed/pico-sdk/src/rp2_common/pico_stdio/stdio.c.o
                0x10004b00                __wrap_puts
                0x10004b00                stdio_puts
 .text.__wrap_vprintf
                0x10004b3c       0xc8 CMakeFiles/rp2350_app.dir/home/pkcubed/pico-sdk/src/rp2_common/pico_stdio/stdio.c.o
                0x10004b3c                __wrap_vprintf
                0x10004b3c                stdio_vprintf
 .text.__wrap_printf
                0x10004c04       0x1c CMakeFiles/rp2350_app.dir/home/pkcubed/pico-sdk/src/rp2_common/pico_stdio/stdio.c.o
                0x10004c04                stdio_printf
                0x10004c04                __wrap_printf
 .text.stdio_uart_out_chars
                0x10004c20       0x50 CMakeFiles/rp2350_app.dir/home/pkcubed/pico-sdk/src/rp2_common/pico_stdio_uart/stdio_uart.c.o
 .text.stdio_uart_in_chars
                0x10004c70       0x94 CMakeFiles/rp2350_app.dir/home/pkcubed/pico-sdk/src/rp2_common/pico_stdio_uart/stdio_uart.c.o
                0x10004c70                stdio_uart_in_chars
 .text.on_uart_rx
                0x10004d04       0x24 CMakeFiles/rp2350_app.dir/home/pkcubed/pico-sdk/src/rp2_common/pico_stdio_uart/stdio_uart.c.o
 .text.stdio_uart_out_flush
                0x10004d28       0x10 CMakeFiles/rp2350_app.dir/home/pkcubed/pico-sdk/src/rp2_common/pico_stdio_uart/stdio_uart.c.o
 .text.stdio_uart_set_chars_available_callback
                0x10004d38       0x88 CMakeFiles/rp2350_app.dir/home/pkcubed/pico-sdk/src/rp2_common/pico_stdio_uart/stdio_uart.c.o
 .text.stdio_uart_init
                0x10004dc0       0x54 CMakeFiles/rp2350_app.dir/home/pkcubed/pico-sdk/src/rp2_common/pico_stdio_uart/stdio_uart.c.o
                0x10004dc0                stdio_uart_init
 .text.resetd_init
                0x10004e14        0x4 CMakeFiles/rp2350_app.dir/home/pkcubed/pico-sdk/src/rp2_common/pico_stdio_usb/reset_interface.c.o
 .text.resetd_reset
                0x10004e18        0xc CMakeFiles/rp2350_app.dir/home/pkcubed/pico-sdk/src/rp2_common/pico_stdio_usb/reset_interface.c.o
 .text.resetd_open
                0x10004e24       0x28 CMakeFiles/rp2350_app.dir/home/pkcubed/pico-sdk/src/rp2_common/pico_stdio_usb/reset_interface.c.o
 .text.resetd_xfer_cb
                0x10004e4c        0x4 CMakeFiles/rp2350_app.dir/home/pkcubed/pico-sdk/src/rp2_common/pico_stdio_usb/reset_interface.c.o
 .text.resetd_control_xfer_cb
                0x10004e50       0x50 CMakeFiles/rp2350_app.dir/home/pkcubed/pico-sdk/src/rp2_common/pico_stdio_usb/reset_interface.c.o
 .text.tud_descriptor_bos_cb
                0x10004ea0        0x8 CMakeFiles/rp2350_app.dir/home/pkcubed/pico-sdk/src/rp2_common/pico_stdio_usb/reset_interface.c.o
                0x10004ea0                tud_descriptor_bos_cb
 .text.tud_vendor_control_xfer_cb
                0x10004ea8       0x28 CMakeFiles/rp2350_app.dir/home/pkcubed/pico-sdk/src/rp2_common/pico_stdio_usb/reset_interface.c.o
                0x10004ea8                tud_vendor_control_xfer_cb
 .text.usbd_app_driver_get_cb
                0x10004ed0       0x10 CMakeFiles/rp2350_app.dir/home/pkcubed/pico-sdk/src/rp2_common/pico_stdio_usb/reset_interface.c.o
                0x10004ed0                usbd_app_driver_get_cb
 .text.tud_cdc_line_coding_cb
                0x10004ee0       0x18 CMakeFiles/rp2350_app.dir/home/pkcubed/pico-sdk/src/rp2_common/pico_stdio_usb/reset_interface.c.o
                0x10004ee0                tud_cdc_line_coding_cb
 .text.stdio_usb_set_chars_available_callback
                0x10004ef8       0x14 CMakeFiles/rp2350_app.dir/home/pkcubed/pico-sdk/src/rp2_common/pico_stdio_usb/stdio_usb.c.o
                0x10004ef8                stdio_usb_set_chars_available_callback
 .text.timer_task
                0x10004f0c       0x70 CMakeFiles/rp2350_app.dir/home/pkcubed/pico-sdk/src/rp2_common/pico_stdio_usb/stdio_usb.c.o
 .text.usb_irq  0x10004f7c        0xc CMakeFiles/rp2350_app.dir/home/pkcubed/pico-sdk/src/rp2_common/pico_stdio_usb/stdio_usb.c.o
 .text.stdio_usb_in_chars
                0x10004f88       0x88 CMakeFiles/rp2350_app.dir/home/pkcubed/pico-sdk/src/rp2_common/pico_stdio_usb/stdio_usb.c.o
                0x10004f88                stdio_usb_in_chars
 .text.stdio_usb_out_flush
                0x10005010       0x54 CMakeFiles/rp2350_app.dir/home/pkcubed/pico-sdk/src/rp2_common/pico_stdio_usb/stdio_usb.c.o
 .text.stdio_usb_out_chars
                0x10005064       0xf4 CMakeFiles/rp2350_app.dir/home/pkcubed/pico-sdk/src/rp2_common/pico_stdio_usb/stdio_usb.c.o
 .text.low_priority_worker_irq
                0x10005158       0xd8 CMakeFiles/rp2350_app.dir/home/pkcubed/pico-sdk/src/rp2_common/pico_stdio_usb/stdio_usb.c.o
 .text.stdio_usb_init
                0x10005230       0xe8 CMakeFiles/rp2350_app.dir/home/pkcubed/pico-sdk/src/rp2_common/pico_stdio_usb/stdio_usb.c.o
                0x10005230                stdio_usb_init
 .text.tud_descriptor_device_cb
                0x10005318        0x8 CMakeFiles/rp2350_app.dir/home/pkcubed/pico-sdk/src/rp2_common/pico_stdio_usb/stdio_usb_descriptors.c.o
                0x10005318                tud_descriptor_device_cb
 .text.tud_descriptor_configuration_cb
                0x10005320        0x8 CMakeFiles/rp2350_app.dir/home/pkcubed/pico-sdk/src/rp2_common/pico_stdio_usb/stdio_usb_descriptors.c.o
                0x10005320                tud_descriptor_configuration_cb
 .text.tud_descriptor_string_cb
                0x10005328       0x70 CMakeFiles/rp2350_app.dir/home/pkcubed/pico-sdk/src/rp2_common/pico_stdio_usb/stdio_usb_descriptors.c.o
                0x10005328                tud_descriptor_string_cb
 .text.startup._retrieve_unique_id_on_boot
                0x10005398       0x30 CMakeFiles/rp2350_app.dir/home/pkcubed/pico-sdk/src/rp2_common/pico_unique_id/unique_id.c.o
 .text.pico_get_unique_board_id
                0x100053c8       0x10 CMakeFiles/rp2350_app.dir/home/pkcubed/pico-sdk/src/rp2_common/pico_unique_id/unique_id.c.o
                0x100053c8                pico_get_unique_board_id
 .text.pico_get_unique_board_id_string
                0x100053d8      0x184 CMakeFiles/rp2350_app.dir/home/pkcubed/pico-sdk/src/rp2_common/pico_unique_id/unique_id.c.o
                0x100053d8                pico_get_unique_board_id_string
 .text.dcd_rp2040_irq
                0x1000555c      0x2fc CMakeFiles/rp2350_app.dir/home/pkcubed/pico-sdk/lib/tinyusb/src/portable/raspberrypi/rp2040/dcd_rp2040.c.o
 .text.dcd_init
                0x10005858       0xcc CMakeFiles/rp2350_app.dir/home/pkcubed/pico-sdk/lib/tinyusb/src/portable/raspberrypi/rp2040/dcd_rp2040.c.o
                0x10005858                dcd_init
 .text.dcd_int_enable
                0x10005924        0x8 CMakeFiles/rp2350_app.dir/home/pkcubed/pico-sdk/lib/tinyusb/src/portable/raspberrypi/rp2040/dcd_rp2040.c.o
                0x10005924                dcd_int_enable
 .text.dcd_set_address
                0x1000592c       0x24 CMakeFiles/rp2350_app.dir/home/pkcubed/pico-sdk/lib/tinyusb/src/portable/raspberrypi/rp2040/dcd_rp2040.c.o
                0x1000592c                dcd_set_address
 .text.dcd_sof_enable
                0x10005950       0x28 CMakeFiles/rp2350_app.dir/home/pkcubed/pico-sdk/lib/tinyusb/src/portable/raspberrypi/rp2040/dcd_rp2040.c.o
                0x10005950                dcd_sof_enable
 .text.dcd_edpt0_status_complete
                0x10005978       0x1c CMakeFiles/rp2350_app.dir/home/pkcubed/pico-sdk/lib/tinyusb/src/portable/raspberrypi/rp2040/dcd_rp2040.c.o
                0x10005978                dcd_edpt0_status_complete
 .text.dcd_edpt_open
                0x10005994       0xd0 CMakeFiles/rp2350_app.dir/home/pkcubed/pico-sdk/lib/tinyusb/src/portable/raspberrypi/rp2040/dcd_rp2040.c.o
                0x10005994                dcd_edpt_open
 .text.dcd_edpt_close_all
                0x10005a64       0x64 CMakeFiles/rp2350_app.dir/home/pkcubed/pico-sdk/lib/tinyusb/src/portable/raspberrypi/rp2040/dcd_rp2040.c.o
                0x10005a64                dcd_edpt_close_all
 .text.dcd_edpt_xfer
                0x10005ac8       0x64 CMakeFiles/rp2350_app.dir/home/pkcubed/pico-sdk/lib/tinyusb/src/portable/raspberrypi/rp2040/dcd_rp2040.c.o
                0x10005ac8                dcd_edpt_xfer
 .text.dcd_edpt_stall
                0x10005b2c       0x98 CMakeFiles/rp2350_app.dir/home/pkcubed/pico-sdk/lib/tinyusb/src/portable/raspberrypi/rp2040/dcd_rp2040.c.o
                0x10005b2c                dcd_edpt_stall
 .text.dcd_edpt_clear_stall
                0x10005bc4       0x40 CMakeFiles/rp2350_app.dir/home/pkcubed/pico-sdk/lib/tinyusb/src/portable/raspberrypi/rp2040/dcd_rp2040.c.o
                0x10005bc4                dcd_edpt_clear_stall
 .text.rp2usb_init
                0x10005c04       0x4c CMakeFiles/rp2350_app.dir/home/pkcubed/pico-sdk/lib/tinyusb/src/portable/raspberrypi/rp2040/rp2040_usb.c.o
                0x10005c04                rp2usb_init
 .text.rp2usb_reset_transfer
                0x10005c50        0xc CMakeFiles/rp2350_app.dir/home/pkcubed/pico-sdk/lib/tinyusb/src/portable/raspberrypi/rp2040/rp2040_usb.c.o
                0x10005c50                rp2usb_reset_transfer
 .text.rp2usb_xfer_start
                0x10005c5c      0x1b8 CMakeFiles/rp2350_app.dir/home/pkcubed/pico-sdk/lib/tinyusb/src/portable/raspberrypi/rp2040/rp2040_usb.c.o
                0x10005c5c                rp2usb_xfer_start
 .text.rp2usb_xfer_continue
                0x10005e14      0x1b0 CMakeFiles/rp2350_app.dir/home/pkcubed/pico-sdk/lib/tinyusb/src/portable/raspberrypi/rp2040/rp2040_usb.c.o
                0x10005e14                rp2usb_xfer_continue
 .text.configuration_reset
                0x10005fc4       0xa4 CMakeFiles/rp2350_app.dir/home/pkcubed/pico-sdk/lib/tinyusb/src/device/usbd.c.o
 .text.tud_event_hook_cb
                0x10006068        0x4 CMakeFiles/rp2350_app.dir/home/pkcubed/pico-sdk/lib/tinyusb/src/device/usbd.c.o
                0x10006068                tud_event_hook_cb
 .text.tud_sof_cb
                0x1000606c        0x4 CMakeFiles/rp2350_app.dir/home/pkcubed/pico-sdk/lib/tinyusb/src/device/usbd.c.o
                0x1000606c                tud_sof_cb
 .text.tud_descriptor_device_qualifier_cb
                0x10006070        0x4 CMakeFiles/rp2350_app.dir/home/pkcubed/pico-sdk/lib/tinyusb/src/device/usbd.c.o
                0x10006070                tud_descriptor_device_qualifier_cb
 .text.tud_descriptor_other_speed_configuration_cb
                0x10006074        0x4 CMakeFiles/rp2350_app.dir/home/pkcubed/pico-sdk/lib/tinyusb/src/device/usbd.c.o
                0x10006074                tud_descriptor_other_speed_configuration_cb
 .text.tud_mount_cb
                0x10006078        0x4 CMakeFiles/rp2350_app.dir/home/pkcubed/pico-sdk/lib/tinyusb/src/device/usbd.c.o
                0x10006078                tud_mount_cb
 .text.tud_umount_cb
                0x1000607c        0x4 CMakeFiles/rp2350_app.dir/home/pkcubed/pico-sdk/lib/tinyusb/src/device/usbd.c.o
                0x1000607c                tud_umount_cb
 .text.tud_suspend_cb
                0x10006080        0x4 CMakeFiles/rp2350_app.dir/home/pkcubed/pico-sdk/lib/tinyusb/src/device/usbd.c.o
                0x10006080                tud_suspend_cb
 .text.tud_resume_cb
                0x10006084        0x4 CMakeFiles/rp2350_app.dir/home/pkcubed/pico-sdk/lib/tinyusb/src/device/usbd.c.o
                0x10006084                tud_resume_cb
 .text.tud_mounted
                0x10006088       0x10 CMakeFiles/rp2350_app.dir/home/pkcubed/pico-sdk/lib/tinyusb/src/device/usbd.c.o
                0x10006088                tud_mounted
 .text.tud_suspended
                0x10006098       0x10 CMakeFiles/rp2350_app.dir/home/pkcubed/pico-sdk/lib/tinyusb/src/device/usbd.c.o
                0x10006098                tud_suspended
 .text.tud_rhport_init
                0x100060a8      0x108 CMakeFiles/rp2350_app.dir/home/pkcubed/pico-sdk/lib/tinyusb/src/device/usbd.c.o
                0x100060a8                tud_rhport_init
 .text.tud_control_status
                0x100061b0       0x7c CMakeFiles/rp2350_app.dir/home/pkcubed/pico-sdk/lib/tinyusb/src/device/usbd.c.o
                0x100061b0                tud_control_status
 .text.tud_control_xfer
                0x1000622c      0x124 CMakeFiles/rp2350_app.dir/home/pkcubed/pico-sdk/lib/tinyusb/src/device/usbd.c.o
                0x1000622c                tud_control_xfer
 .text.usbd_edpt_open
                0x10006350       0x28 CMakeFiles/rp2350_app.dir/home/pkcubed/pico-sdk/lib/tinyusb/src/device/usbd.c.o
                0x10006350                usbd_edpt_open
 .text.usbd_edpt_claim
                0x10006378       0x24 CMakeFiles/rp2350_app.dir/home/pkcubed/pico-sdk/lib/tinyusb/src/device/usbd.c.o
                0x10006378                usbd_edpt_claim
 .text.usbd_edpt_release
                0x1000639c       0x24 CMakeFiles/rp2350_app.dir/home/pkcubed/pico-sdk/lib/tinyusb/src/device/usbd.c.o
                0x1000639c                usbd_edpt_release
 .text.usbd_edpt_xfer
                0x100063c0       0x70 CMakeFiles/rp2350_app.dir/home/pkcubed/pico-sdk/lib/tinyusb/src/device/usbd.c.o
                0x100063c0                usbd_edpt_xfer
 .text.tud_task_ext
                0x10006430      0x89c CMakeFiles/rp2350_app.dir/home/pkcubed/pico-sdk/lib/tinyusb/src/device/usbd.c.o
                0x10006430                tud_task_ext
 .text.usbd_edpt_xfer_fifo
                0x10006ccc        0x4 CMakeFiles/rp2350_app.dir/home/pkcubed/pico-sdk/lib/tinyusb/src/device/usbd.c.o
                0x10006ccc                usbd_edpt_xfer_fifo
 .text.tud_cdc_rx_cb
                0x10006cd0        0x4 CMakeFiles/rp2350_app.dir/home/pkcubed/pico-sdk/lib/tinyusb/src/class/cdc/cdc_device.c.o
                0x10006cd0                tud_cdc_rx_cb
 .text.tud_cdc_rx_wanted_cb
                0x10006cd4        0x4 CMakeFiles/rp2350_app.dir/home/pkcubed/pico-sdk/lib/tinyusb/src/class/cdc/cdc_device.c.o
                0x10006cd4                tud_cdc_rx_wanted_cb
 .text.tud_cdc_tx_complete_cb
                0x10006cd8        0x4 CMakeFiles/rp2350_app.dir/home/pkcubed/pico-sdk/lib/tinyusb/src/class/cdc/cdc_device.c.o
                0x10006cd8                tud_cdc_tx_complete_cb
 .text.tud_cdc_notify_complete_cb
                0x10006cdc        0x4 CMakeFiles/rp2350_app.dir/home/pkcubed/pico-sdk/lib/tinyusb/src/class/cdc/cdc_device.c.o
                0x10006cdc                tud_cdc_notify_complete_cb
 .text.tud_cdc_line_state_cb
                0x10006ce0        0x4 CMakeFiles/rp2350_app.dir/home/pkcubed/pico-sdk/lib/tinyusb/src/class/cdc/cdc_device.c.o
                0x10006ce0                tud_cdc_line_state_cb
 .text.tud_cdc_send_break_cb
                0x10006ce4        0x4 CMakeFiles/rp2350_app.dir/home/pkcubed/pico-sdk/lib/tinyusb/src/class/cdc/cdc_device.c.o
                0x10006ce4                tud_cdc_send_break_cb
 .text.tud_cdc_n_connected
                0x10006ce8       0x28 CMakeFiles/rp2350_app.dir/home/pkcubed/pico-sdk/lib/tinyusb/src/class/cdc/cdc_device.c.o
                0x10006ce8                tud_cdc_n_connected
 .text.tud_cdc_n_available
                0x10006d10       0x34 CMakeFiles/rp2350_app.dir/home/pkcubed/pico-sdk/lib/tinyusb/src/class/cdc/cdc_device.c.o
                0x10006d10                tud_cdc_n_available
 .text.tud_cdc_n_read
                0x10006d44       0x10 CMakeFiles/rp2350_app.dir/home/pkcubed/pico-sdk/lib/tinyusb/src/class/cdc/cdc_device.c.o
                0x10006d44                tud_cdc_n_read
 .text.tud_cdc_n_write
                0x10006d54       0x10 CMakeFiles/rp2350_app.dir/home/pkcubed/pico-sdk/lib/tinyusb/src/class/cdc/cdc_device.c.o
                0x10006d54                tud_cdc_n_write
 .text.tud_cdc_n_write_flush
                0x10006d64       0x10 CMakeFiles/rp2350_app.dir/home/pkcubed/pico-sdk/lib/tinyusb/src/class/cdc/cdc_device.c.o
                0x10006d64                tud_cdc_n_write_flush
 .text.tud_cdc_n_write_available
                0x10006d74       0x10 CMakeFiles/rp2350_app.dir/home/pkcubed/pico-sdk/lib/tinyusb/src/class/cdc/cdc_device.c.o
                0x10006d74                tud_cdc_n_write_available
 .text.cdcd_init
                0x10006d84       0x60 CMakeFiles/rp2350_app.dir/home/pkcubed/pico-sdk/lib/tinyusb/src/class/cdc/cdc_device.c.o
                0x10006d84                cdcd_init
 .text.cdcd_deinit
                0x10006de4        0x4 CMakeFiles/rp2350_app.dir/home/pkcubed/pico-sdk/lib/tinyusb/src/class/cdc/cdc_device.c.o
                0x10006de4                cdcd_deinit
 .text.cdcd_reset
                0x10006de8       0x20 CMakeFiles/rp2350_app.dir/home/pkcubed/pico-sdk/lib/tinyusb/src/class/cdc/cdc_device.c.o
                0x10006de8                cdcd_reset
 .text.cdcd_open
                0x10006e08      0x150 CMakeFiles/rp2350_app.dir/home/pkcubed/pico-sdk/lib/tinyusb/src/class/cdc/cdc_device.c.o
                0x10006e08                cdcd_open
 .text.cdcd_control_xfer_cb
                0x10006f58       0xa4 CMakeFiles/rp2350_app.dir/home/pkcubed/pico-sdk/lib/tinyusb/src/class/cdc/cdc_device.c.o
                0x10006f58                cdcd_control_xfer_cb
 .text.cdcd_xfer_cb
                0x10006ffc      0x120 CMakeFiles/rp2350_app.dir/home/pkcubed/pico-sdk/lib/tinyusb/src/class/cdc/cdc_device.c.o
                0x10006ffc                cdcd_xfer_cb
 .text.tud_vendor_rx_cb
                0x1000711c        0x4 CMakeFiles/rp2350_app.dir/home/pkcubed/pico-sdk/lib/tinyusb/src/class/vendor/vendor_device.c.o
                0x1000711c                tud_vendor_rx_cb
 .text.tud_vendor_tx_cb
                0x10007120        0x4 CMakeFiles/rp2350_app.dir/home/pkcubed/pico-sdk/lib/tinyusb/src/class/vendor/vendor_device.c.o
                0x10007120                tud_vendor_tx_cb
 .text.vendord_init
                0x10007124       0x54 CMakeFiles/rp2350_app.dir/home/pkcubed/pico-sdk/lib/tinyusb/src/class/vendor/vendor_device.c.o
                0x10007124                vendord_init
 .text.vendord_deinit
                0x10007178        0x4 CMakeFiles/rp2350_app.dir/home/pkcubed/pico-sdk/lib/tinyusb/src/class/vendor/vendor_device.c.o
                0x10007178                vendord_deinit
 .text.vendord_reset
                0x1000717c       0x24 CMakeFiles/rp2350_app.dir/home/pkcubed/pico-sdk/lib/tinyusb/src/class/vendor/vendor_device.c.o
                0x1000717c                vendord_reset
 .text.vendord_open
                0x100071a0       0xd0 CMakeFiles/rp2350_app.dir/home/pkcubed/pico-sdk/lib/tinyusb/src/class/vendor/vendor_device.c.o
                0x100071a0                vendord_open
 .text.vendord_xfer_cb
                0x10007270       0x68 CMakeFiles/rp2350_app.dir/home/pkcubed/pico-sdk/lib/tinyusb/src/class/vendor/vendor_device.c.o
                0x10007270                vendord_xfer_cb
 .text.tusb_rhport_init
                0x100072d8       0x60 CMakeFiles/rp2350_app.dir/home/pkcubed/pico-sdk/lib/tinyusb/src/tusb.c.o
                0x100072d8                tusb_rhport_init
 .text.tu_edpt_claim
                0x10007338       0x40 CMakeFiles/rp2350_app.dir/home/pkcubed/pico-sdk/lib/tinyusb/src/tusb.c.o
                0x10007338                tu_edpt_claim
 .text.tu_edpt_release
                0x10007378       0x34 CMakeFiles/rp2350_app.dir/home/pkcubed/pico-sdk/lib/tinyusb/src/tusb.c.o
                0x10007378                tu_edpt_release
 .text.tu_bind_driver_to_ep_itf
                0x100073ac       0x7c CMakeFiles/rp2350_app.dir/home/pkcubed/pico-sdk/lib/tinyusb/src/tusb.c.o
                0x100073ac                tu_bind_driver_to_ep_itf
 .text.tu_edpt_stream_init
                0x10007428       0x40 CMakeFiles/rp2350_app.dir/home/pkcubed/pico-sdk/lib/tinyusb/src/tusb.c.o
                0x10007428                tu_edpt_stream_init
 .text.tu_edpt_stream_write_zlp_if_needed
                0x10007468       0x70 CMakeFiles/rp2350_app.dir/home/pkcubed/pico-sdk/lib/tinyusb/src/tusb.c.o
                0x10007468                tu_edpt_stream_write_zlp_if_needed
 .text.tu_edpt_stream_write_xfer
                0x100074d8       0xbc CMakeFiles/rp2350_app.dir/home/pkcubed/pico-sdk/lib/tinyusb/src/tusb.c.o
                0x100074d8                tu_edpt_stream_write_xfer
 .text.tu_edpt_stream_write
                0x10007594       0xf0 CMakeFiles/rp2350_app.dir/home/pkcubed/pico-sdk/lib/tinyusb/src/tusb.c.o
                0x10007594                tu_edpt_stream_write
 .text.tu_edpt_stream_write_available
                0x10007684       0x24 CMakeFiles/rp2350_app.dir/home/pkcubed/pico-sdk/lib/tinyusb/src/tusb.c.o
                0x10007684                tu_edpt_stream_write_available
 .text.tu_edpt_stream_read_xfer
                0x100076a8       0xd0 CMakeFiles/rp2350_app.dir/home/pkcubed/pico-sdk/lib/tinyusb/src/tusb.c.o
                0x100076a8                tu_edpt_stream_read_xfer
 .text.tu_edpt_stream_read
                0x10007778       0xd4 CMakeFiles/rp2350_app.dir/home/pkcubed/pico-sdk/lib/tinyusb/src/tusb.c.o
                0x10007778                tu_edpt_stream_read
 .text.tu_fifo_config
                0x1000784c       0x4c CMakeFiles/rp2350_app.dir/home/pkcubed/pico-sdk/lib/tinyusb/src/common/tusb_fifo.c.o
                0x1000784c                tu_fifo_config
 .text.tu_fifo_clear
                0x10007898       0x38 CMakeFiles/rp2350_app.dir/home/pkcubed/pico-sdk/lib/tinyusb/src/common/tusb_fifo.c.o
                0x10007898                tu_fifo_clear
 .text.tu_fifo_set_overwritable
                0x100078d0       0x3c CMakeFiles/rp2350_app.dir/home/pkcubed/pico-sdk/lib/tinyusb/src/common/tusb_fifo.c.o
                0x100078d0                tu_fifo_set_overwritable
 .text.tu_fifo_read_n_access_mode
                0x1000790c       0xc4 CMakeFiles/rp2350_app.dir/home/pkcubed/pico-sdk/lib/tinyusb/src/common/tusb_fifo.c.o
                0x1000790c                tu_fifo_read_n_access_mode
 .text.tu_fifo_write_n_access_mode
                0x100079d0      0x138 CMakeFiles/rp2350_app.dir/home/pkcubed/pico-sdk/lib/tinyusb/src/common/tusb_fifo.c.o
                0x100079d0                tu_fifo_write_n_access_mode
 .text.tu_fifo_get_read_info
                0x10007b08       0xc4 CMakeFiles/rp2350_app.dir/home/pkcubed/pico-sdk/lib/tinyusb/src/common/tusb_fifo.c.o
                0x10007b08                tu_fifo_get_read_info
 .text.core1_trampoline
                0x10007bcc        0x4 CMakeFiles/rp2350_app.dir/home/pkcubed/pico-sdk/src/rp2_common/pico_multicore/multicore.c.o
 .text.core1_wrapper
                0x10007bd0       0x10 CMakeFiles/rp2350_app.dir/home/pkcubed/pico-sdk/src/rp2_common/pico_multicore/multicore.c.o
                0x10007bd0                core1_wrapper
 .text.multicore_launch_core1_raw
                0x10007be0       0x88 CMakeFiles/rp2350_app.dir/home/pkcubed/pico-sdk/src/rp2_common/pico_multicore/multicore.c.o
                0x10007be0                multicore_launch_core1_raw
 .text.multicore_launch_core1
                0x10007c68       0x48 CMakeFiles/rp2350_app.dir/home/pkcubed/pico-sdk/src/rp2_common/pico_multicore/multicore.c.o
                0x10007c68                multicore_launch_core1
 .text.md_sm    0x10007cb0      0x134 CMakeFiles/rp2350_app.dir/external/pico-rmii-ethernet/src/rmii_ethernet.c.o
 .text.netif_rmii_ethernet_mdc_falling
                0x10007de4       0xd8 CMakeFiles/rp2350_app.dir/external/pico-rmii-ethernet/src/rmii_ethernet.c.o
 .text.netif_rmii_ethernet_output
                0x10007ebc      0x1f4 CMakeFiles/rp2350_app.dir/external/pico-rmii-ethernet/src/rmii_ethernet.c.o
 .text.netif_rmii_ethernet_low_init
                0x100080b0      0x744 CMakeFiles/rp2350_app.dir/external/pico-rmii-ethernet/src/rmii_ethernet.c.o
 .text.arch_pico_init
                0x100087f4       0x68 CMakeFiles/rp2350_app.dir/external/pico-rmii-ethernet/src/rmii_ethernet.c.o
                0x100087f4                arch_pico_init
 *fill*         0x1000885c        0x4 
 .text.arch_pico_info
                0x10008860       0x98 CMakeFiles/rp2350_app.dir/external/pico-rmii-ethernet/src/rmii_ethernet.c.o
                0x10008860                arch_pico_info
 .text.netif_rmii_ethernet_init
                0x100088f8       0x3c CMakeFiles/rp2350_app.dir/external/pico-rmii-ethernet/src/rmii_ethernet.c.o
                0x100088f8                netif_rmii_ethernet_init
 .text.netif_rmii_ethernet_poll
                0x10008934      0x29c CMakeFiles/rp2350_app.dir/external/pico-rmii-ethernet/src/rmii_ethernet.c.o
                0x10008934                netif_rmii_ethernet_poll
 .text.pio_add_program
                0x10008bd0       0xf8 CMakeFiles/rp2350_app.dir/home/pkcubed/pico-sdk/src/rp2_common/hardware_pio/pio.c.o
                0x10008bd0                pio_add_program
 .text.pio_sm_set_pindirs_with_mask
                0x10008cc8       0x6c CMakeFiles/rp2350_app.dir/home/pkcubed/pico-sdk/src/rp2_common/hardware_pio/pio.c.o
                0x10008cc8                pio_sm_set_pindirs_with_mask
 .text.pio_sm_set_consecutive_pindirs
                0x10008d34       0x8c CMakeFiles/rp2350_app.dir/home/pkcubed/pico-sdk/src/rp2_common/hardware_pio/pio.c.o
                0x10008d34                pio_sm_set_consecutive_pindirs
 .text.pio_sm_init
                0x10008dc0       0xa8 CMakeFiles/rp2350_app.dir/home/pkcubed/pico-sdk/src/rp2_common/hardware_pio/pio.c.o
                0x10008dc0                pio_sm_init
 .text.dma_claim_unused_channel
                0x10008e68       0x20 CMakeFiles/rp2350_app.dir/home/pkcubed/pico-sdk/src/rp2_common/hardware_dma/dma.c.o
                0x10008e68                dma_claim_unused_channel
 .text.lwip_htons
                0x10008e88        0x8 CMakeFiles/rp2350_app.dir/home/pkcubed/pico-sdk/lib/lwip/src/core/def.c.o
                0x10008e88                lwip_htons
 .text.lwip_htonl
                0x10008e90        0x4 CMakeFiles/rp2350_app.dir/home/pkcubed/pico-sdk/lib/lwip/src/core/def.c.o
                0x10008e90                lwip_htonl
 .text.lwip_standard_chksum
                0x10008e94       0x78 CMakeFiles/rp2350_app.dir/home/pkcubed/pico-sdk/lib/lwip/src/core/inet_chksum.c.o
                0x10008e94                lwip_standard_chksum
 .text.inet_chksum_pseudo
                0x10008f0c       0x8c CMakeFiles/rp2350_app.dir/home/pkcubed/pico-sdk/lib/lwip/src/core/inet_chksum.c.o
                0x10008f0c                inet_chksum_pseudo
 .text.ip_chksum_pseudo
                0x10008f98        0x4 CMakeFiles/rp2350_app.dir/home/pkcubed/pico-sdk/lib/lwip/src/core/inet_chksum.c.o
                0x10008f98                ip_chksum_pseudo
 .text.inet_chksum
                0x10008f9c       0x88 CMakeFiles/rp2350_app.dir/home/pkcubed/pico-sdk/lib/lwip/src/core/inet_chksum.c.o
                0x10008f9c                inet_chksum
 .text.inet_chksum_pbuf
                0x10009024       0x54 CMakeFiles/rp2350_app.dir/home/pkcubed/pico-sdk/lib/lwip/src/core/inet_chksum.c.o
                0x10009024                inet_chksum_pbuf
 .text.lwip_init
                0x10009078       0x24 CMakeFiles/rp2350_app.dir/home/pkcubed/pico-sdk/lib/lwip/src/core/init.c.o
                0x10009078                lwip_init
 .text.mem_init
                0x1000909c       0x50 CMakeFiles/rp2350_app.dir/home/pkcubed/pico-sdk/lib/lwip/src/core/mem.c.o
                0x1000909c                mem_init
 .text.mem_free
                0x100090ec      0x114 CMakeFiles/rp2350_app.dir/home/pkcubed/pico-sdk/lib/lwip/src/core/mem.c.o
                0x100090ec                mem_free
 .text.mem_trim
                0x10009200      0x13c CMakeFiles/rp2350_app.dir/home/pkcubed/pico-sdk/lib/lwip/src/core/mem.c.o
                0x10009200                mem_trim
 .text.mem_malloc
                0x1000933c      0x114 CMakeFiles/rp2350_app.dir/home/pkcubed/pico-sdk/lib/lwip/src/core/mem.c.o
                0x1000933c                mem_malloc
 .text.memp_init
                0x10009450       0x84 CMakeFiles/rp2350_app.dir/home/pkcubed/pico-sdk/lib/lwip/src/core/memp.c.o
                0x10009450                memp_init
 .text.memp_malloc
                0x100094d4       0x5c CMakeFiles/rp2350_app.dir/home/pkcubed/pico-sdk/lib/lwip/src/core/memp.c.o
                0x100094d4                memp_malloc
 .text.memp_free
                0x10009530       0x3c CMakeFiles/rp2350_app.dir/home/pkcubed/pico-sdk/lib/lwip/src/core/memp.c.o
                0x10009530                memp_free
 .text.netif_null_output_ip4
                0x1000956c        0x8 CMakeFiles/rp2350_app.dir/home/pkcubed/pico-sdk/lib/lwip/src/core/netif.c.o
 .text.netif_init
                0x10009574        0x4 CMakeFiles/rp2350_app.dir/home/pkcubed/pico-sdk/lib/lwip/src/core/netif.c.o
                0x10009574                netif_init
 .text.netif_input
                0x10009578       0x14 CMakeFiles/rp2350_app.dir/home/pkcubed/pico-sdk/lib/lwip/src/core/netif.c.o
                0x10009578                netif_input
 .text.netif_add
                0x1000958c      0x14c CMakeFiles/rp2350_app.dir/home/pkcubed/pico-sdk/lib/lwip/src/core/netif.c.o
                0x1000958c                netif_add
 .text.netif_set_addr
                0x100096d8       0xc0 CMakeFiles/rp2350_app.dir/home/pkcubed/pico-sdk/lib/lwip/src/core/netif.c.o
                0x100096d8                netif_set_addr
 .text.netif_set_default
                0x10009798        0xc CMakeFiles/rp2350_app.dir/home/pkcubed/pico-sdk/lib/lwip/src/core/netif.c.o
                0x10009798                netif_set_default
 .text.netif_set_up
                0x100097a4       0x24 CMakeFiles/rp2350_app.dir/home/pkcubed/pico-sdk/lib/lwip/src/core/netif.c.o
                0x100097a4                netif_set_up
 .text.netif_set_status_callback
                0x100097c8        0x8 CMakeFiles/rp2350_app.dir/home/pkcubed/pico-sdk/lib/lwip/src/core/netif.c.o
                0x100097c8                netif_set_status_callback
 .text.netif_set_link_up
                0x100097d0       0x34 CMakeFiles/rp2350_app.dir/home/pkcubed/pico-sdk/lib/lwip/src/core/netif.c.o
                0x100097d0                netif_set_link_up
 .text.netif_set_link_down
                0x10009804       0x34 CMakeFiles/rp2350_app.dir/home/pkcubed/pico-sdk/lib/lwip/src/core/netif.c.o
                0x10009804                netif_set_link_down
 .text.netif_set_link_callback
                0x10009838        0x8 CMakeFiles/rp2350_app.dir/home/pkcubed/pico-sdk/lib/lwip/src/core/netif.c.o
                0x10009838                netif_set_link_callback
 .text.netif_get_by_index
                0x10009840       0x24 CMakeFiles/rp2350_app.dir/home/pkcubed/pico-sdk/lib/lwip/src/core/netif.c.o
                0x10009840                netif_get_by_index
 .text.pbuf_free.part.0
                0x10009864       0x70 CMakeFiles/rp2350_app.dir/home/pkcubed/pico-sdk/lib/lwip/src/core/pbuf.c.o
 .text.pbuf_free_ooseq
                0x100098d4       0x34 CMakeFiles/rp2350_app.dir/home/pkcubed/pico-sdk/lib/lwip/src/core/pbuf.c.o
                0x100098d4                pbuf_free_ooseq
 .text.pbuf_alloc
                0x10009908      0x128 CMakeFiles/rp2350_app.dir/home/pkcubed/pico-sdk/lib/lwip/src/core/pbuf.c.o
                0x10009908                pbuf_alloc
 .text.pbuf_alloced_custom
                0x10009a30       0x40 CMakeFiles/rp2350_app.dir/home/pkcubed/pico-sdk/lib/lwip/src/core/pbuf.c.o
                0x10009a30                pbuf_alloced_custom
 .text.pbuf_realloc
                0x10009a70       0x70 CMakeFiles/rp2350_app.dir/home/pkcubed/pico-sdk/lib/lwip/src/core/pbuf.c.o
                0x10009a70                pbuf_realloc
 .text.pbuf_add_header
                0x10009ae0       0x50 CMakeFiles/rp2350_app.dir/home/pkcubed/pico-sdk/lib/lwip/src/core/pbuf.c.o
                0x10009ae0                pbuf_add_header
 .text.pbuf_remove_header
                0x10009b30       0x40 CMakeFiles/rp2350_app.dir/home/pkcubed/pico-sdk/lib/lwip/src/core/pbuf.c.o
                0x10009b30                pbuf_remove_header
 .text.pbuf_header_force
                0x10009b70       0x74 CMakeFiles/rp2350_app.dir/home/pkcubed/pico-sdk/lib/lwip/src/core/pbuf.c.o
                0x10009b70                pbuf_header_force
 .text.pbuf_free
                0x10009be4        0x8 CMakeFiles/rp2350_app.dir/home/pkcubed/pico-sdk/lib/lwip/src/core/pbuf.c.o
                0x10009be4                pbuf_free
 .text.pbuf_clen
                0x10009bec       0x14 CMakeFiles/rp2350_app.dir/home/pkcubed/pico-sdk/lib/lwip/src/core/pbuf.c.o
                0x10009bec                pbuf_clen
 .text.pbuf_ref
                0x10009c00       0x1c CMakeFiles/rp2350_app.dir/home/pkcubed/pico-sdk/lib/lwip/src/core/pbuf.c.o
                0x10009c00                pbuf_ref
 .text.pbuf_cat
                0x10009c1c       0x40 CMakeFiles/rp2350_app.dir/home/pkcubed/pico-sdk/lib/lwip/src/core/pbuf.c.o
                0x10009c1c                pbuf_cat
 .text.pbuf_chain
                0x10009c5c       0x54 CMakeFiles/rp2350_app.dir/home/pkcubed/pico-sdk/lib/lwip/src/core/pbuf.c.o
                0x10009c5c                pbuf_chain
 .text.pbuf_copy_partial_pbuf
                0x10009cb0      0x11c CMakeFiles/rp2350_app.dir/home/pkcubed/pico-sdk/lib/lwip/src/core/pbuf.c.o
                0x10009cb0                pbuf_copy_partial_pbuf
 .text.pbuf_copy
                0x10009dcc       0x1c CMakeFiles/rp2350_app.dir/home/pkcubed/pico-sdk/lib/lwip/src/core/pbuf.c.o
                0x10009dcc                pbuf_copy
 .text.pbuf_copy_partial
                0x10009de8       0x80 CMakeFiles/rp2350_app.dir/home/pkcubed/pico-sdk/lib/lwip/src/core/pbuf.c.o
                0x10009de8                pbuf_copy_partial
 .text.pbuf_take
                0x10009e68       0x68 CMakeFiles/rp2350_app.dir/home/pkcubed/pico-sdk/lib/lwip/src/core/pbuf.c.o
                0x10009e68                pbuf_take
 .text.pbuf_clone
                0x10009ed0       0x20 CMakeFiles/rp2350_app.dir/home/pkcubed/pico-sdk/lib/lwip/src/core/pbuf.c.o
                0x10009ed0                pbuf_clone
 .text.raw_input
                0x10009ef0      0x104 CMakeFiles/rp2350_app.dir/home/pkcubed/pico-sdk/lib/lwip/src/core/raw.c.o
                0x10009ef0                raw_input
 .text.raw_netif_ip_addr_changed
                0x10009ff4       0x3c CMakeFiles/rp2350_app.dir/home/pkcubed/pico-sdk/lib/lwip/src/core/raw.c.o
                0x10009ff4                raw_netif_ip_addr_changed
 .text.stats_init
                0x1000a030       0x14 CMakeFiles/rp2350_app.dir/home/pkcubed/pico-sdk/lib/lwip/src/core/stats.c.o
                0x1000a030                stats_init
 .text.tcp_pcb_purge.part.0
                0x1000a044       0xb0 CMakeFiles/rp2350_app.dir/home/pkcubed/pico-sdk/lib/lwip/src/core/tcp.c.o
 .text.tcp_init
                0x1000a0f4        0x4 CMakeFiles/rp2350_app.dir/home/pkcubed/pico-sdk/lib/lwip/src/core/tcp.c.o
                0x1000a0f4                tcp_init
 .text.tcp_free
                0x1000a0f8        0x8 CMakeFiles/rp2350_app.dir/home/pkcubed/pico-sdk/lib/lwip/src/core/tcp.c.o
                0x1000a0f8                tcp_free
 .text.tcp_bind
                0x1000a100       0xe4 CMakeFiles/rp2350_app.dir/home/pkcubed/pico-sdk/lib/lwip/src/core/tcp.c.o
                0x1000a100                tcp_bind
 .text.tcp_listen_with_backlog
                0x1000a1e4       0xa8 CMakeFiles/rp2350_app.dir/home/pkcubed/pico-sdk/lib/lwip/src/core/tcp.c.o
                0x1000a1e4                tcp_listen_with_backlog
 .text.tcp_update_rcv_ann_wnd
                0x1000a28c       0x38 CMakeFiles/rp2350_app.dir/home/pkcubed/pico-sdk/lib/lwip/src/core/tcp.c.o
                0x1000a28c                tcp_update_rcv_ann_wnd
 .text.tcp_recved
                0x1000a2c4       0x78 CMakeFiles/rp2350_app.dir/home/pkcubed/pico-sdk/lib/lwip/src/core/tcp.c.o
                0x1000a2c4                tcp_recved
 .text.tcp_slowtmr
                0x1000a33c      0x444 CMakeFiles/rp2350_app.dir/home/pkcubed/pico-sdk/lib/lwip/src/core/tcp.c.o
                0x1000a33c                tcp_slowtmr
 .text.tcp_segs_free
                0x1000a780       0x34 CMakeFiles/rp2350_app.dir/home/pkcubed/pico-sdk/lib/lwip/src/core/tcp.c.o
                0x1000a780                tcp_segs_free
 .text.tcp_seg_free
                0x1000a7b4       0x1c CMakeFiles/rp2350_app.dir/home/pkcubed/pico-sdk/lib/lwip/src/core/tcp.c.o
                0x1000a7b4                tcp_seg_free
 .text.tcp_seg_copy
                0x1000a7d0       0x2c CMakeFiles/rp2350_app.dir/home/pkcubed/pico-sdk/lib/lwip/src/core/tcp.c.o
                0x1000a7d0                tcp_seg_copy
 .text.tcp_arg  0x1000a7fc        0x8 CMakeFiles/rp2350_app.dir/home/pkcubed/pico-sdk/lib/lwip/src/core/tcp.c.o
                0x1000a7fc                tcp_arg
 .text.tcp_recv
                0x1000a804        0x8 CMakeFiles/rp2350_app.dir/home/pkcubed/pico-sdk/lib/lwip/src/core/tcp.c.o
                0x1000a804                tcp_recv
 .text.tcp_sent
                0x1000a80c        0x8 CMakeFiles/rp2350_app.dir/home/pkcubed/pico-sdk/lib/lwip/src/core/tcp.c.o
                0x1000a80c                tcp_sent
 .text.tcp_err  0x1000a814        0x8 CMakeFiles/rp2350_app.dir/home/pkcubed/pico-sdk/lib/lwip/src/core/tcp.c.o
                0x1000a814                tcp_err
 .text.tcp_accept
                0x1000a81c        0xc CMakeFiles/rp2350_app.dir/home/pkcubed/pico-sdk/lib/lwip/src/core/tcp.c.o
                0x1000a81c                tcp_accept
 .text.tcp_poll
                0x1000a828       0x14 CMakeFiles/rp2350_app.dir/home/pkcubed/pico-sdk/lib/lwip/src/core/tcp.c.o
                0x1000a828                tcp_poll
 .text.tcp_pcb_purge
                0x1000a83c       0x1c CMakeFiles/rp2350_app.dir/home/pkcubed/pico-sdk/lib/lwip/src/core/tcp.c.o
                0x1000a83c                tcp_pcb_purge
 .text.tcp_pcb_remove
                0x1000a858       0x7c CMakeFiles/rp2350_app.dir/home/pkcubed/pico-sdk/lib/lwip/src/core/tcp.c.o
                0x1000a858                tcp_pcb_remove
 .text.tcp_abandon
                0x1000a8d4      0x178 CMakeFiles/rp2350_app.dir/home/pkcubed/pico-sdk/lib/lwip/src/core/tcp.c.o
                0x1000a8d4                tcp_abandon
 .text.tcp_abort
                0x1000aa4c        0x8 CMakeFiles/rp2350_app.dir/home/pkcubed/pico-sdk/lib/lwip/src/core/tcp.c.o
                0x1000aa4c                tcp_abort
 .text.tcp_accept_null
                0x1000aa54       0x10 CMakeFiles/rp2350_app.dir/home/pkcubed/pico-sdk/lib/lwip/src/core/tcp.c.o
 .text.tcp_alloc
                0x1000aa64      0x218 CMakeFiles/rp2350_app.dir/home/pkcubed/pico-sdk/lib/lwip/src/core/tcp.c.o
                0x1000aa64                tcp_alloc
 .text.tcp_new  0x1000ac7c        0x8 CMakeFiles/rp2350_app.dir/home/pkcubed/pico-sdk/lib/lwip/src/core/tcp.c.o
                0x1000ac7c                tcp_new
 .text.tcp_close_shutdown
                0x1000ac84      0x190 CMakeFiles/rp2350_app.dir/home/pkcubed/pico-sdk/lib/lwip/src/core/tcp.c.o
 .text.tcp_recv_null
                0x1000ae14       0xb0 CMakeFiles/rp2350_app.dir/home/pkcubed/pico-sdk/lib/lwip/src/core/tcp.c.o
                0x1000ae14                tcp_recv_null
 .text.tcp_process_refused_data
                0x1000aec4       0xd4 CMakeFiles/rp2350_app.dir/home/pkcubed/pico-sdk/lib/lwip/src/core/tcp.c.o
                0x1000aec4                tcp_process_refused_data
 .text.tcp_fasttmr
                0x1000af98       0xc0 CMakeFiles/rp2350_app.dir/home/pkcubed/pico-sdk/lib/lwip/src/core/tcp.c.o
                0x1000af98                tcp_fasttmr
 .text.tcp_tmr  0x1000b058       0x24 CMakeFiles/rp2350_app.dir/home/pkcubed/pico-sdk/lib/lwip/src/core/tcp.c.o
                0x1000b058                tcp_tmr
 .text.tcp_close
                0x1000b07c      0x18c CMakeFiles/rp2350_app.dir/home/pkcubed/pico-sdk/lib/lwip/src/core/tcp.c.o
                0x1000b07c                tcp_close
 .text.tcp_next_iss
                0x1000b208       0x18 CMakeFiles/rp2350_app.dir/home/pkcubed/pico-sdk/lib/lwip/src/core/tcp.c.o
                0x1000b208                tcp_next_iss
 .text.tcp_eff_send_mss_netif
                0x1000b220       0x18 CMakeFiles/rp2350_app.dir/home/pkcubed/pico-sdk/lib/lwip/src/core/tcp.c.o
                0x1000b220                tcp_eff_send_mss_netif
 .text.tcp_netif_ip_addr_changed
                0x1000b238       0x94 CMakeFiles/rp2350_app.dir/home/pkcubed/pico-sdk/lib/lwip/src/core/tcp.c.o
                0x1000b238                tcp_netif_ip_addr_changed
 .text.tcp_free_ooseq
                0x1000b2cc       0x38 CMakeFiles/rp2350_app.dir/home/pkcubed/pico-sdk/lib/lwip/src/core/tcp.c.o
                0x1000b2cc                tcp_free_ooseq
 .text.tcp_parseopt
                0x1000b304      0x1a4 CMakeFiles/rp2350_app.dir/home/pkcubed/pico-sdk/lib/lwip/src/core/tcp_in.c.o
 .text.tcp_oos_insert_segment
                0x1000b4a8       0x88 CMakeFiles/rp2350_app.dir/home/pkcubed/pico-sdk/lib/lwip/src/core/tcp_in.c.o
 .text.tcp_input_delayed_close.part.0
                0x1000b530       0x30 CMakeFiles/rp2350_app.dir/home/pkcubed/pico-sdk/lib/lwip/src/core/tcp_in.c.o
 .text.tcp_receive
                0x1000b560      0x8dc CMakeFiles/rp2350_app.dir/home/pkcubed/pico-sdk/lib/lwip/src/core/tcp_in.c.o
 .text.tcp_input
                0x1000be3c      0xb18 CMakeFiles/rp2350_app.dir/home/pkcubed/pico-sdk/lib/lwip/src/core/tcp_in.c.o
                0x1000be3c                tcp_input
 .text.tcp_trigger_input_pcb_close
                0x1000c954       0x10 CMakeFiles/rp2350_app.dir/home/pkcubed/pico-sdk/lib/lwip/src/core/tcp_in.c.o
                0x1000c954                tcp_trigger_input_pcb_close
 .text.tcp_create_segment
                0x1000c964       0xac CMakeFiles/rp2350_app.dir/home/pkcubed/pico-sdk/lib/lwip/src/core/tcp_out.c.o
 .text.tcp_output_control_segment
                0x1000ca10       0xa8 CMakeFiles/rp2350_app.dir/home/pkcubed/pico-sdk/lib/lwip/src/core/tcp_out.c.o
 .text.tcp_write
                0x1000cab8      0x718 CMakeFiles/rp2350_app.dir/home/pkcubed/pico-sdk/lib/lwip/src/core/tcp_out.c.o
                0x1000cab8                tcp_write
 .text.tcp_split_unsent_seg
                0x1000d1d0      0x168 CMakeFiles/rp2350_app.dir/home/pkcubed/pico-sdk/lib/lwip/src/core/tcp_out.c.o
                0x1000d1d0                tcp_split_unsent_seg
 .text.tcp_send_fin
                0x1000d338       0xb8 CMakeFiles/rp2350_app.dir/home/pkcubed/pico-sdk/lib/lwip/src/core/tcp_out.c.o
                0x1000d338                tcp_send_fin
 .text.tcp_enqueue_flags
                0x1000d3f0       0x94 CMakeFiles/rp2350_app.dir/home/pkcubed/pico-sdk/lib/lwip/src/core/tcp_out.c.o
                0x1000d3f0                tcp_enqueue_flags
 .text.tcp_rexmit_rto_prepare
                0x1000d484       0x78 CMakeFiles/rp2350_app.dir/home/pkcubed/pico-sdk/lib/lwip/src/core/tcp_out.c.o
                0x1000d484                tcp_rexmit_rto_prepare
 .text.tcp_rexmit
                0x1000d4fc       0x68 CMakeFiles/rp2350_app.dir/home/pkcubed/pico-sdk/lib/lwip/src/core/tcp_out.c.o
                0x1000d4fc                tcp_rexmit
 .text.tcp_rexmit_fast
                0x1000d564       0x58 CMakeFiles/rp2350_app.dir/home/pkcubed/pico-sdk/lib/lwip/src/core/tcp_out.c.o
                0x1000d564                tcp_rexmit_fast
 .text.tcp_rst  0x1000d5bc       0x84 CMakeFiles/rp2350_app.dir/home/pkcubed/pico-sdk/lib/lwip/src/core/tcp_out.c.o
                0x1000d5bc                tcp_rst
 .text.tcp_rst_netif
                0x1000d640       0xd8 CMakeFiles/rp2350_app.dir/home/pkcubed/pico-sdk/lib/lwip/src/core/tcp_out.c.o
                0x1000d640                tcp_rst_netif
 .text.tcp_send_empty_ack
                0x1000d718       0xa4 CMakeFiles/rp2350_app.dir/home/pkcubed/pico-sdk/lib/lwip/src/core/tcp_out.c.o
                0x1000d718                tcp_send_empty_ack
 .text.tcp_output
                0x1000d7bc      0x320 CMakeFiles/rp2350_app.dir/home/pkcubed/pico-sdk/lib/lwip/src/core/tcp_out.c.o
                0x1000d7bc                tcp_output
 .text.tcp_rexmit_rto_commit
                0x1000dadc       0x14 CMakeFiles/rp2350_app.dir/home/pkcubed/pico-sdk/lib/lwip/src/core/tcp_out.c.o
                0x1000dadc                tcp_rexmit_rto_commit
 .text.tcp_rexmit_rto
                0x1000daf0       0x88 CMakeFiles/rp2350_app.dir/home/pkcubed/pico-sdk/lib/lwip/src/core/tcp_out.c.o
                0x1000daf0                tcp_rexmit_rto
 .text.tcp_keepalive
                0x1000db78       0x88 CMakeFiles/rp2350_app.dir/home/pkcubed/pico-sdk/lib/lwip/src/core/tcp_out.c.o
                0x1000db78                tcp_keepalive
 .text.tcp_zero_window_probe
                0x1000dc00      0x128 CMakeFiles/rp2350_app.dir/home/pkcubed/pico-sdk/lib/lwip/src/core/tcp_out.c.o
                0x1000dc00                tcp_zero_window_probe
 .text.tcpip_tcp_timer
                0x1000dd28       0x68 CMakeFiles/rp2350_app.dir/home/pkcubed/pico-sdk/lib/lwip/src/core/timeouts.c.o
 .text.lwip_cyclic_timer
                0x1000dd90       0x88 CMakeFiles/rp2350_app.dir/home/pkcubed/pico-sdk/lib/lwip/src/core/timeouts.c.o
 .text.tcp_timer_needed
                0x1000de18       0x6c CMakeFiles/rp2350_app.dir/home/pkcubed/pico-sdk/lib/lwip/src/core/timeouts.c.o
                0x1000de18                tcp_timer_needed
 .text.sys_timeouts_init
                0x1000de84       0x78 CMakeFiles/rp2350_app.dir/home/pkcubed/pico-sdk/lib/lwip/src/core/timeouts.c.o
                0x1000de84                sys_timeouts_init
 .text.sys_check_timeouts
                0x1000defc       0x5c CMakeFiles/rp2350_app.dir/home/pkcubed/pico-sdk/lib/lwip/src/core/timeouts.c.o
                0x1000defc                sys_check_timeouts
 .text.udp_init
                0x1000df58        0x4 CMakeFiles/rp2350_app.dir/home/pkcubed/pico-sdk/lib/lwip/src/core/udp.c.o
                0x1000df58                udp_init
 .text.udp_input
                0x1000df5c      0x29c CMakeFiles/rp2350_app.dir/home/pkcubed/pico-sdk/lib/lwip/src/core/udp.c.o
                0x1000df5c                udp_input
 .text.udp_bind
                0x1000e1f8      0x110 CMakeFiles/rp2350_app.dir/home/pkcubed/pico-sdk/lib/lwip/src/core/udp.c.o
                0x1000e1f8                udp_bind
 .text.udp_sendto_if_src
                0x1000e308      0x140 CMakeFiles/rp2350_app.dir/home/pkcubed/pico-sdk/lib/lwip/src/core/udp.c.o
                0x1000e308                udp_sendto_if_src
 .text.udp_sendto_if
                0x1000e448       0x70 CMakeFiles/rp2350_app.dir/home/pkcubed/pico-sdk/lib/lwip/src/core/udp.c.o
                0x1000e448                udp_sendto_if
 .text.udp_bind_netif
                0x1000e4b8       0x10 CMakeFiles/rp2350_app.dir/home/pkcubed/pico-sdk/lib/lwip/src/core/udp.c.o
                0x1000e4b8                udp_bind_netif
 .text.udp_connect
                0x1000e4c8       0x6c CMakeFiles/rp2350_app.dir/home/pkcubed/pico-sdk/lib/lwip/src/core/udp.c.o
                0x1000e4c8                udp_connect
 .text.udp_recv
                0x1000e534       0x14 CMakeFiles/rp2350_app.dir/home/pkcubed/pico-sdk/lib/lwip/src/core/udp.c.o
                0x1000e534                udp_recv
 .text.udp_remove
                0x1000e548       0x3c CMakeFiles/rp2350_app.dir/home/pkcubed/pico-sdk/lib/lwip/src/core/udp.c.o
                0x1000e548                udp_remove
 .text.udp_new  0x1000e584       0x1c CMakeFiles/rp2350_app.dir/home/pkcubed/pico-sdk/lib/lwip/src/core/udp.c.o
                0x1000e584                udp_new
 .text.udp_new_ip_type
                0x1000e5a0       0x1c CMakeFiles/rp2350_app.dir/home/pkcubed/pico-sdk/lib/lwip/src/core/udp.c.o
                0x1000e5a0                udp_new_ip_type
 .text.udp_netif_ip_addr_changed
                0x1000e5bc       0x3c CMakeFiles/rp2350_app.dir/home/pkcubed/pico-sdk/lib/lwip/src/core/udp.c.o
                0x1000e5bc                udp_netif_ip_addr_changed
 .text.dhcp_create_msg
                0x1000e5f8      0x108 CMakeFiles/rp2350_app.dir/home/pkcubed/pico-sdk/lib/lwip/src/core/ipv4/dhcp.c.o
 .text.dhcp_bind
                0x1000e700      0x138 CMakeFiles/rp2350_app.dir/home/pkcubed/pico-sdk/lib/lwip/src/core/ipv4/dhcp.c.o
 .text.dhcp_handle_ack.isra.0
                0x1000e838       0x88 CMakeFiles/rp2350_app.dir/home/pkcubed/pico-sdk/lib/lwip/src/core/ipv4/dhcp.c.o
 .text.dhcp_reboot.isra.0
                0x1000e8c0      0x18c CMakeFiles/rp2350_app.dir/home/pkcubed/pico-sdk/lib/lwip/src/core/ipv4/dhcp.c.o
 .text.dhcp_discover
                0x1000ea4c      0x148 CMakeFiles/rp2350_app.dir/home/pkcubed/pico-sdk/lib/lwip/src/core/ipv4/dhcp.c.o
 .text.dhcp_select.isra.0
                0x1000eb94      0x210 CMakeFiles/rp2350_app.dir/home/pkcubed/pico-sdk/lib/lwip/src/core/ipv4/dhcp.c.o
 .text.dhcp_recv
                0x1000eda4      0x7ac CMakeFiles/rp2350_app.dir/home/pkcubed/pico-sdk/lib/lwip/src/core/ipv4/dhcp.c.o
 .text.dhcp_conflict_callback
                0x1000f550      0x118 CMakeFiles/rp2350_app.dir/home/pkcubed/pico-sdk/lib/lwip/src/core/ipv4/dhcp.c.o
 .text.dhcp_network_changed_link_up
                0x1000f668       0x28 CMakeFiles/rp2350_app.dir/home/pkcubed/pico-sdk/lib/lwip/src/core/ipv4/dhcp.c.o
                0x1000f668                dhcp_network_changed_link_up
 .text.dhcp_renew
                0x1000f690      0x148 CMakeFiles/rp2350_app.dir/home/pkcubed/pico-sdk/lib/lwip/src/core/ipv4/dhcp.c.o
                0x1000f690                dhcp_renew
 .text.dhcp_release_and_stop
                0x1000f7d8      0x148 CMakeFiles/rp2350_app.dir/home/pkcubed/pico-sdk/lib/lwip/src/core/ipv4/dhcp.c.o
                0x1000f7d8                dhcp_release_and_stop
 .text.dhcp_start
                0x1000f920      0x118 CMakeFiles/rp2350_app.dir/home/pkcubed/pico-sdk/lib/lwip/src/core/ipv4/dhcp.c.o
                0x1000f920                dhcp_start
 .text.dhcp_coarse_tmr
                0x1000fa38      0x1d4 CMakeFiles/rp2350_app.dir/home/pkcubed/pico-sdk/lib/lwip/src/core/ipv4/dhcp.c.o
                0x1000fa38                dhcp_coarse_tmr
 .text.dhcp_fine_tmr
                0x1000fc0c       0xa0 CMakeFiles/rp2350_app.dir/home/pkcubed/pico-sdk/lib/lwip/src/core/ipv4/dhcp.c.o
                0x1000fc0c                dhcp_fine_tmr
 .text.dhcp_supplied_address
                0x1000fcac       0x1c CMakeFiles/rp2350_app.dir/home/pkcubed/pico-sdk/lib/lwip/src/core/ipv4/dhcp.c.o
                0x1000fcac                dhcp_supplied_address
 .text.etharp_find_entry
                0x1000fcc8      0x3bc CMakeFiles/rp2350_app.dir/home/pkcubed/pico-sdk/lib/lwip/src/core/ipv4/etharp.c.o
 .text.etharp_raw
                0x10010084       0xa0 CMakeFiles/rp2350_app.dir/home/pkcubed/pico-sdk/lib/lwip/src/core/ipv4/etharp.c.o
 .text.etharp_output_to_arp_index
                0x10010124       0xb0 CMakeFiles/rp2350_app.dir/home/pkcubed/pico-sdk/lib/lwip/src/core/ipv4/etharp.c.o
 .text.etharp_tmr
                0x100101d4       0x9c CMakeFiles/rp2350_app.dir/home/pkcubed/pico-sdk/lib/lwip/src/core/ipv4/etharp.c.o
                0x100101d4                etharp_tmr
 .text.etharp_input
                0x10010270      0x178 CMakeFiles/rp2350_app.dir/home/pkcubed/pico-sdk/lib/lwip/src/core/ipv4/etharp.c.o
                0x10010270                etharp_input
 .text.etharp_query
                0x100103e8      0x174 CMakeFiles/rp2350_app.dir/home/pkcubed/pico-sdk/lib/lwip/src/core/ipv4/etharp.c.o
                0x100103e8                etharp_query
 .text.etharp_output
                0x1001055c      0x208 CMakeFiles/rp2350_app.dir/home/pkcubed/pico-sdk/lib/lwip/src/core/ipv4/etharp.c.o
                0x1001055c                etharp_output
 .text.etharp_acd_probe
                0x10010764       0xa4 CMakeFiles/rp2350_app.dir/home/pkcubed/pico-sdk/lib/lwip/src/core/ipv4/etharp.c.o
                0x10010764                etharp_acd_probe
 .text.etharp_acd_announce
                0x10010808       0x9c CMakeFiles/rp2350_app.dir/home/pkcubed/pico-sdk/lib/lwip/src/core/ipv4/etharp.c.o
                0x10010808                etharp_acd_announce
 .text.icmp_input
                0x100108a4      0x1a4 CMakeFiles/rp2350_app.dir/home/pkcubed/pico-sdk/lib/lwip/src/core/ipv4/icmp.c.o
                0x100108a4                icmp_input
 .text.icmp_dest_unreach
                0x10010a48       0x98 CMakeFiles/rp2350_app.dir/home/pkcubed/pico-sdk/lib/lwip/src/core/ipv4/icmp.c.o
                0x10010a48                icmp_dest_unreach
 .text.icmp_time_exceeded
                0x10010ae0       0x98 CMakeFiles/rp2350_app.dir/home/pkcubed/pico-sdk/lib/lwip/src/core/ipv4/icmp.c.o
                0x10010ae0                icmp_time_exceeded
 .text.ip4_route
                0x10010b78       0x70 CMakeFiles/rp2350_app.dir/home/pkcubed/pico-sdk/lib/lwip/src/core/ipv4/ip4.c.o
                0x10010b78                ip4_route
 .text.ip4_input
                0x10010be8      0x2cc CMakeFiles/rp2350_app.dir/home/pkcubed/pico-sdk/lib/lwip/src/core/ipv4/ip4.c.o
                0x10010be8                ip4_input
 .text.ip4_output_if
                0x10010eb4      0x114 CMakeFiles/rp2350_app.dir/home/pkcubed/pico-sdk/lib/lwip/src/core/ipv4/ip4.c.o
                0x10010eb4                ip4_output_if
 .text.ip4_output_if_src
                0x10010fc8      0x118 CMakeFiles/rp2350_app.dir/home/pkcubed/pico-sdk/lib/lwip/src/core/ipv4/ip4.c.o
                0x10010fc8                ip4_output_if_src
 .text.ip4_addr_isbroadcast_u32
                0x100110e0       0x38 CMakeFiles/rp2350_app.dir/home/pkcubed/pico-sdk/lib/lwip/src/core/ipv4/ip4_addr.c.o
                0x100110e0                ip4_addr_isbroadcast_u32
 .text.ip4addr_ntoa
                0x10011118       0xdc CMakeFiles/rp2350_app.dir/home/pkcubed/pico-sdk/lib/lwip/src/core/ipv4/ip4_addr.c.o
                0x10011118                ip4addr_ntoa
 .text.ip4addr_ntoa_r
                0x100111f4       0xe0 CMakeFiles/rp2350_app.dir/home/pkcubed/pico-sdk/lib/lwip/src/core/ipv4/ip4_addr.c.o
                0x100111f4                ip4addr_ntoa_r
 .text.ip_reass_free_complete_datagram
                0x100112d4       0x94 CMakeFiles/rp2350_app.dir/home/pkcubed/pico-sdk/lib/lwip/src/core/ipv4/ip4_frag.c.o
 .text.ip_reass_remove_oldest_datagram
                0x10011368       0x88 CMakeFiles/rp2350_app.dir/home/pkcubed/pico-sdk/lib/lwip/src/core/ipv4/ip4_frag.c.o
 .text.ipfrag_free_pbuf_custom
                0x100113f0       0x18 CMakeFiles/rp2350_app.dir/home/pkcubed/pico-sdk/lib/lwip/src/core/ipv4/ip4_frag.c.o
 .text.ip_reass_tmr
                0x10011408       0x30 CMakeFiles/rp2350_app.dir/home/pkcubed/pico-sdk/lib/lwip/src/core/ipv4/ip4_frag.c.o
                0x10011408                ip_reass_tmr
 .text.ip4_reass
                0x10011438      0x3fc CMakeFiles/rp2350_app.dir/home/pkcubed/pico-sdk/lib/lwip/src/core/ipv4/ip4_frag.c.o
                0x10011438                ip4_reass
 .text.ip4_frag
                0x10011834      0x1c8 CMakeFiles/rp2350_app.dir/home/pkcubed/pico-sdk/lib/lwip/src/core/ipv4/ip4_frag.c.o
                0x10011834                ip4_frag
 .text.ethernet_input
                0x100119fc       0xc4 CMakeFiles/rp2350_app.dir/home/pkcubed/pico-sdk/lib/lwip/src/netif/ethernet.c.o
                0x100119fc                ethernet_input
 .text.ethernet_output
                0x10011ac0       0x5c CMakeFiles/rp2350_app.dir/home/pkcubed/pico-sdk/lib/lwip/src/netif/ethernet.c.o
                0x10011ac0                ethernet_output
 .text.sys_arch_protect
                0x10011b1c       0x10 CMakeFiles/rp2350_app.dir/external/pico-rmii-ethernet/src/lwip/sys_arch.c.o
                0x10011b1c                sys_arch_protect
 .text.sys_arch_unprotect
                0x10011b2c        0xc CMakeFiles/rp2350_app.dir/external/pico-rmii-ethernet/src/lwip/sys_arch.c.o
                0x10011b2c                sys_arch_unprotect
 .text.sys_now  0x10011b38       0x24 CMakeFiles/rp2350_app.dir/external/pico-rmii-ethernet/src/lwip/sys_arch.c.o
                0x10011b38                sys_now
 .text.acd_add  0x10011b5c       0x28 CMakeFiles/rp2350_app.dir/home/pkcubed/pico-sdk/lib/lwip/src/core/ipv4/acd.c.o
                0x10011b5c                acd_add
 .text.acd_remove
                0x10011b84       0x24 CMakeFiles/rp2350_app.dir/home/pkcubed/pico-sdk/lib/lwip/src/core/ipv4/acd.c.o
                0x10011b84                acd_remove
 .text.acd_start
                0x10011ba8       0x48 CMakeFiles/rp2350_app.dir/home/pkcubed/pico-sdk/lib/lwip/src/core/ipv4/acd.c.o
                0x10011ba8                acd_start
 .text.acd_network_changed_link_down
                0x10011bf0       0x10 CMakeFiles/rp2350_app.dir/home/pkcubed/pico-sdk/lib/lwip/src/core/ipv4/acd.c.o
                0x10011bf0                acd_network_changed_link_down
 .text.acd_tmr  0x10011c00      0x110 CMakeFiles/rp2350_app.dir/home/pkcubed/pico-sdk/lib/lwip/src/core/ipv4/acd.c.o
                0x10011c00                acd_tmr
 .text.acd_arp_reply
                0x10011d10      0x178 CMakeFiles/rp2350_app.dir/home/pkcubed/pico-sdk/lib/lwip/src/core/ipv4/acd.c.o
                0x10011d10                acd_arp_reply
 .text.acd_netif_ip_addr_changed
                0x10011e88       0x6c CMakeFiles/rp2350_app.dir/home/pkcubed/pico-sdk/lib/lwip/src/core/ipv4/acd.c.o
                0x10011e88                acd_netif_ip_addr_changed
 .text          0x10011ef4       0xa4 /usr/lib/gcc/arm-none-eabi/13.2.1/../../../arm-none-eabi/lib/thumb/v8-m.main+fp/softfp/libg.a(libc_a-memset.o)
                0x10011ef4                memset
 .text          0x10011f98      0x1ac /usr/lib/gcc/arm-none-eabi/13.2.1/../../../arm-none-eabi/lib/thumb/v8-m.main+fp/softfp/libg.a(libc_a-fflush.o)
                0x10011f98                __sflush_r
                0x100120d0                _fflush_r
                0x100120fc                fflush
 .text          0x10012144        0xc /usr/lib/gcc/arm-none-eabi/13.2.1/../../../arm-none-eabi/lib/thumb/v8-m.main+fp/softfp/libg.a(libc_a-errno.o)
                0x10012144                __errno
 .text          0x10012150      0x548 /usr/lib/gcc/arm-none-eabi/13.2.1/../../../arm-none-eabi/lib/thumb/v8-m.main+fp/softfp/libg.a(libc_a-mallocr.o)
                0x10012150                _malloc_r
 .text          0x10012698      0x2b0 /usr/lib/gcc/arm-none-eabi/13.2.1/../../../arm-none-eabi/lib/thumb/v8-m.main+fp/softfp/libg.a(libc_a-freer.o)
                0x10012698                _malloc_trim_r
                0x10012750                _free_r
 .text          0x10012948       0x5c /usr/lib/gcc/arm-none-eabi/13.2.1/../../../arm-none-eabi/lib/thumb/v8-m.main+fp/softfp/libg.a(libc_a-memcmp.o)
                0x10012948                memcmp
 .text          0x100129a4       0xec /usr/lib/gcc/arm-none-eabi/13.2.1/../../../arm-none-eabi/lib/thumb/v8-m.main+fp/softfp/libg.a(libc_a-memcpy.o)
                0x100129a4                memcpy
 .text          0x10012a90       0x1c /usr/lib/gcc/arm-none-eabi/13.2.1/../../../arm-none-eabi/lib/thumb/v8-m.main+fp/softfp/libg.a(libc_a-sysconf.o)
                0x10012a90                sysconf
 .text          0x10012aac        0x8 /usr/lib/gcc/arm-none-eabi/13.2.1/../../../arm-none-eabi/lib/thumb/v8-m.main+fp/softfp/libg.a(libc_a-mlock.o)
                0x10012aac                __malloc_lock
                0x10012ab0                __malloc_unlock
 .text          0x10012ab4      0x224 /usr/lib/gcc/arm-none-eabi/13.2.1/../../../arm-none-eabi/lib/thumb/v8-m.main+fp/softfp/libg.a(libc_a-findfp.o)
                0x10012be4                __sfp
                0x10012c88                __sinit
                0x10012ca8                __sfp_lock_acquire
                0x10012cac                __sfp_lock_release
                0x10012cb0                __fp_lock_all
                0x10012cc4                __fp_unlock_all
 .text          0x10012cd8        0xc /usr/lib/gcc/arm-none-eabi/13.2.1/../../../arm-none-eabi/lib/thumb/v8-m.main+fp/softfp/libg.a(libc_a-atexit.o)
                0x10012cd8                atexit
 .text          0x10012ce4       0x5c /usr/lib/gcc/arm-none-eabi/13.2.1/../../../arm-none-eabi/lib/thumb/v8-m.main+fp/softfp/libg.a(libc_a-strlen-stub.o)
                0x10012ce4                strlen
 .text          0x10012d40       0x24 /usr/lib/gcc/arm-none-eabi/13.2.1/../../../arm-none-eabi/lib/thumb/v8-m.main+fp/softfp/libg.a(libc_a-sbrkr.o)
                0x10012d40                _sbrk_r
 .text          0x10012d64       0x28 /usr/lib/gcc/arm-none-eabi/13.2.1/../../../arm-none-eabi/lib/thumb/v8-m.main+fp/softfp/libg.a(libc_a-fini.o)
                0x10012d64                __libc_fini_array
 .text          0x10012d8c       0x44 /usr/lib/gcc/arm-none-eabi/13.2.1/../../../arm-none-eabi/lib/thumb/v8-m.main+fp/softfp/libg.a(libc_a-fwalk.o)
                0x10012d8c                _fwalk_sglue
 .text          0x10012dd0       0x90 /usr/lib/gcc/arm-none-eabi/13.2.1/../../../arm-none-eabi/lib/thumb/v8-m.main+fp/softfp/libg.a(libc_a-fclose.o)
                0x10012dd0                _fclose_r
                0x10012e50                fclose
 .text          0x10012e60       0x98 /usr/lib/gcc/arm-none-eabi/13.2.1/../../../arm-none-eabi/lib/thumb/v8-m.main+fp/softfp/libg.a(libc_a-stdio.o)
                0x10012e60                __sread
                0x10012e84                __seofread
                0x10012e88                __swrite
                0x10012ec8                __sseek
                0x10012ef0                __sclose
 .text          0x10012ef8       0x64 /usr/lib/gcc/arm-none-eabi/13.2.1/../../../arm-none-eabi/lib/thumb/v8-m.main+fp/softfp/libg.a(libc_a-__atexit.o)
                0x10012ef8                __register_exitproc
 .text          0x10012f5c       0x2c /usr/lib/gcc/arm-none-eabi/13.2.1/../../../arm-none-eabi/lib/thumb/v8-m.main+fp/softfp/libg.a(libc_a-writer.o)
                0x10012f5c                _write_r
 .text          0x10012f88       0x24 /usr/lib/gcc/arm-none-eabi/13.2.1/../../../arm-none-eabi/lib/thumb/v8-m.main+fp/softfp/libg.a(libc_a-closer.o)
                0x10012f88                _close_r
 .text          0x10012fac       0x2c /usr/lib/gcc/arm-none-eabi/13.2.1/../../../arm-none-eabi/lib/thumb/v8-m.main+fp/softfp/libg.a(libc_a-readr.o)
                0x10012fac                _read_r
 .text          0x10012fd8       0x2c /usr/lib/gcc/arm-none-eabi/13.2.1/../../../arm-none-eabi/lib/thumb/v8-m.main+fp/softfp/libg.a(libc_a-lseekr.o)
                0x10012fd8                _lseek_r